12-16 11:17:49.746 12210 12277 I GoogleSignatureVerifier: package info is not set correctly
12-16 11:17:49.747 12210 12277 I GoogleSignatureVerifier: package info is not set correctly
12-16 11:17:49.747 12210 12277 I GoogleSignatureVerifier: package info is not set correctly
12-16 11:17:49.747 12210 12277 I GoogleSignatureVerifier: package info is not set correctly
12-16 11:17:49.747 12210 12277 I GoogleSignatureVerifier: package info is not set correctly
12-16 11:17:49.760  6701  7987 W AppOps  : Noting op not finished: uid 10147 pkg com.google.android.gms code 113 startTime of in progress event=1765863510386
12-16 11:17:49.767 12210 12329 I ActivityScheduler: nextTriggerTime: 7758334, in 176085ms, detectorType: 39, FULL_TYPE alarmWindowMillis: 20000
12-16 11:17:49.778 12210 14741 W Conscrypt: Could not set socket write timeout: java.net.SocketException: Socket closed
12-16 11:17:49.783 12210 14741 W Conscrypt: 	at com.google.android.gms.org.conscrypt.Platform.setSocketWriteTimeout(:com.google.android.gms@254131035@25.41.31 (260400-820295184):204)
12-16 11:17:49.783 12210 14741 W Conscrypt: 	at com.google.android.gms.org.conscrypt.ConscryptFileDescriptorSocket.setSoWriteTimeout(:com.google.android.gms@254131035@25.41.31 (260400-820295184):4)
12-16 11:17:49.855 12210 15046 I NearbyMediums: No BLE Fast/GATT advertisements found in the latest cycle.
12-16 11:17:49.855 12210 15046 I NearbyMediums: Current Tracked Scanning Clients are : {NearbyConnections.EnvironmentMonitor, NearbySharing, NearbyConnections.TxAdvertisement}
12-16 11:17:49.888 12210 14647 W GmsWeatherProviderContr: Failed to fetch weather tile
12-16 11:17:49.888 12210 14647 W GmsWeatherProviderContr: iezu: INVALID_ARGUMENT: Application credential header not valid. Please fix the client to pass a valid application credential header.
12-16 11:17:49.888 12210 14647 W GmsWeatherProviderContr: 	at bcfq.s(:com.google.android.gms@254131035@25.41.31 (260400-820295184):31)
12-16 11:17:49.888 12210 14647 W GmsWeatherProviderContr: 	at bcfq.f(:com.google.android.gms@254131035@25.41.31 (260400-820295184):90)
12-16 11:17:49.888 12210 14647 W GmsWeatherProviderContr: 	at fyzn.a(:com.google.android.gms@254131035@25.41.31 (260400-820295184):45)
12-16 11:17:49.888 12210 14647 W GmsWeatherProviderContr: 	at fyzh.b(:com.google.android.gms@254131035@25.41.31 (260400-820295184):279)
12-16 11:17:49.888 12210 14647 W GmsWeatherProviderContr: 	at gacp.g(:com.google.android.gms@254131035@25.41.31 (260400-820295184):15)
12-16 11:17:49.888 12210 14647 W GmsWeatherProviderContr: 	at gacl.run(:com.google.android.gms@254131035@25.41.31 (260400-820295184):163)
12-16 11:17:49.888 12210 14647 W GmsWeatherProviderContr: 	at bcmb.c(:com.google.android.gms@254131035@25.41.31 (260400-820295184):50)
12-16 11:17:49.888 12210 14647 W GmsWeatherProviderContr: 	at bcmb.run(:com.google.android.gms@254131035@25.41.31 (260400-820295184):73)
12-16 11:17:49.888 12210 14647 W GmsWeatherProviderContr: 	at java.util.concurrent.ThreadPoolExecutor.runWorker(ThreadPoolExecutor.java:1154)
12-16 11:17:49.888 12210 14647 W GmsWeatherProviderContr: 	at java.util.concurrent.ThreadPoolExecutor$Worker.run(ThreadPoolExecutor.java:652)
12-16 11:17:49.888 12210 14647 W GmsWeatherProviderContr: 	at bcrs.run(:com.google.android.gms@254131035@25.41.31 (260400-820295184):8)
12-16 11:17:49.888 12210 14647 W GmsWeatherProviderContr: 	at java.lang.Thread.run(Thread.java:1563)
12-16 11:17:50.288  6701  7100 W AppOps  : Noting op not finished: uid 10147 pkg com.google.android.gms code 79 startTime of in progress event=1765863510385
12-16 11:17:50.294 12210 12329 I ActivityScheduler: nextTriggerTime: 7762776, in 180000ms, detectorType: 39, FULL_TYPE alarmWindowMillis: 20000
12-16 11:17:50.630  6701  7684 W AppOps  : Noting op not finished: uid 10147 pkg com.google.android.gms code 113 startTime of in progress event=1765863510386
12-16 11:17:51.128  6701  6903 I HalDevMgr: bestIfaceCreationProposal is null, requestIface=STA, existingIface=[name=wlan0 type=STA]
12-16 11:17:51.370  7008  7112 D ControlsListingControllerImpl: Subscribing callback, service count: 0
12-16 11:17:51.375  7008  7112 D ControlsListingControllerImpl: Unsubscribing callback
12-16 11:17:52.145  7008  8307 D RingtonePlayer: playAsync(uri=content://settings/system/notification_sound, user=UserHandle{0})
12-16 11:17:52.146  7008  8307 D RingtonePlayer: play uri=content://settings/system/notification_sound
12-16 11:17:52.148  7008 15073 D RingtonePlayer: RemoveFirst
12-16 11:17:52.148  7008 15073 D RingtonePlayer: PLAY
12-16 11:17:52.148  7008 15073 D RingtonePlayer: startSound()
12-16 11:17:52.149  6701  6955 D BackgroundInstallControlService: Package event received: 0
12-16 11:17:52.150  6701  6701 V NotificationHistory: Attempted to add notif for locked/gone/disabled user 0
12-16 11:17:52.151  7008 15074 D RingtonePlayer: in run: new looper Looper (Thread-4, tid 101) {e956574}
12-16 11:17:52.184 10186 10816 W AiAiEcho: LyftNotificationParser Ridesharing ETA not enabled
12-16 11:17:52.184 10186 10816 I AiAiEcho: SmartspaceNotificationPredictor no parser can handle this notification or notification is invalid
12-16 11:17:52.289  6633  8266 D NuPlayerDriver: NuPlayerDriver(0xb400007643a0cd90) created, clientPid(7008)
12-16 11:17:52.301   195   195 I hwservicemanager: getTransport: Cannot find entry android.hardware.media.omx@1.0::IOmx/default in either framework or device VINTF manifest.
12-16 11:17:52.302  6633  8266 D MediaPlayerService: OMX service is not available
12-16 11:17:52.348  6633 15078 D GenericSource: FileSource remote
12-16 11:17:52.370  7008  7008 W TouchableRegionManager: onHeadsUpPinnedModeChanged
12-16 11:17:52.372  6632 14795 W libbinder.IPCThreadState: Sending oneway calls to frozen process.
12-16 11:17:52.372  6632 14795 W libbinder.IPCThreadState: Sending oneway calls to frozen process.
12-16 11:17:52.372  6632 14795 W libbinder.IPCThreadState: Sending oneway calls to frozen process.
12-16 11:17:52.378  7008  7008 D WindowOnBackDispatcher: setTopOnBackInvokedCallback (unwrapped): com.android.systemui.back.domain.interactor.BackActionInteractor$callback$2@941509c
12-16 11:17:52.393  7008  7120 I PluginActionManager[com.android.systemui.action.PLUGIN_NOTIFICATION_MENU_ROW]: Found 0 plugins
12-16 11:17:52.393  6632 14795 W libbinder.IPCThreadState: Sending oneway calls to frozen process.
12-16 11:17:52.393  6632 14795 W libbinder.IPCThreadState: Sending oneway calls to frozen process.
12-16 11:17:52.393  6632 14795 W libbinder.IPCThreadState: Sending oneway calls to frozen process.
12-16 11:17:52.394  6701  7813 D CoreBackPreview: Window{efc0a11 u0 NotificationShade}: Setting back callback OnBackInvokedCallbackInfo{mCallback=android.window.IOnBackInvokedCallback$Stub$Proxy@513cbb4, mPriority=0, mIsAnimationCallback=false, mOverrideBehavior=0}
12-16 11:17:52.419  7008 15074 D RingtonePlayer: requesting AudioFocus
12-16 11:17:52.427  6701  7813 I MediaFocusControl: requestAudioFocus() from uid/pid 10186/7008 AA=USAGE_NOTIFICATION/CONTENT_TYPE_UNKNOWN clientId=android.media.AudioManager@bdc1b66 callingPack=com.android.systemui req=3 flags=0x0 sdk=36
12-16 11:17:52.427  6701  7813 I AS.FadeOutManager: unfadeOutUid() uid:10186
12-16 11:17:52.429  7008 15074 D RingtonePlayer: notification will be delayed by 500ms
12-16 11:17:52.451  6632 14795 W libbinder.IPCThreadState: Sending oneway calls to frozen process.
12-16 11:17:52.451  6632 14795 W libbinder.IPCThreadState: Sending oneway calls to frozen process.
12-16 11:17:52.451  6632 14795 W libbinder.IPCThreadState: Sending oneway calls to frozen process.
12-16 11:17:52.529 15081 15081 W libbinder.BackendUnifiedServiceManager: Thread Pool max thread count is 0. Cannot cache binder as linkToDeath cannot be implemented. serviceName: package
12-16 11:17:52.605  7008  7008 D DeviceEntryIconViewBinder: Initializing device entry fgIconView
12-16 11:17:52.626  6961  6964 I artd    : GetBestInfo: odex next to the dex file (/data/app/~~W9AUlakiDdU1ZrB090m5fg==/com.google.android.gms-OX3pY3p6S6k1U65aUNE_Ag==/oat/arm64/base.odex) is kOatUpToDate with filter 'speed-profile' executable 'false'
12-16 11:17:52.629  6961  6964 I artd    : GetBestInfo: odex next to the dex file (/data/app/~~W9AUlakiDdU1ZrB090m5fg==/com.google.android.gms-OX3pY3p6S6k1U65aUNE_Ag==/oat/arm64/split_AdsDynamite_installtime.odex) is kOatUpToDate with filter 'speed' executable 'false'
12-16 11:17:52.633  6961  6961 I artd    : GetBestInfo: odex next to the dex file (/data/app/~~W9AUlakiDdU1ZrB090m5fg==/com.google.android.gms-OX3pY3p6S6k1U65aUNE_Ag==/oat/arm64/split_CronetDynamite_installtime.odex) is kOatUpToDate with filter 'speed-profile' executable 'false'
12-16 11:17:52.635  6961  6964 I artd    : GetBestInfo: odex next to the dex file (/data/app/~~W9AUlakiDdU1ZrB090m5fg==/com.google.android.gms-OX3pY3p6S6k1U65aUNE_Ag==/oat/arm64/split_DynamiteLoader_installtime.odex) is kOatUpToDate with filter 'speed' executable 'false'
12-16 11:17:52.636  6961  6961 I artd    : GetBestInfo: odex next to the dex file (/data/app/~~W9AUlakiDdU1ZrB090m5fg==/com.google.android.gms-OX3pY3p6S6k1U65aUNE_Ag==/oat/arm64/split_DynamiteModulesA_installtime.odex) is kOatUpToDate with filter 'speed' executable 'false'
12-16 11:17:52.642  6961  6961 I artd    : GetBestInfo: odex next to the dex file (/data/app/~~W9AUlakiDdU1ZrB090m5fg==/com.google.android.gms-OX3pY3p6S6k1U65aUNE_Ag==/oat/arm64/split_DynamiteModulesC_installtime.odex) is kOatUpToDate with filter 'speed' executable 'false'
12-16 11:17:52.647  6961  6961 I artd    : GetBestInfo: odex next to the dex file (/data/app/~~W9AUlakiDdU1ZrB090m5fg==/com.google.android.gms-OX3pY3p6S6k1U65aUNE_Ag==/oat/arm64/split_GoogleCertificates_installtime.odex) is kOatUpToDate with filter 'speed' executable 'false'
12-16 11:17:52.649  6961  6964 I artd    : GetBestInfo: odex next to the dex file (/data/app/~~W9AUlakiDdU1ZrB090m5fg==/com.google.android.gms-OX3pY3p6S6k1U65aUNE_Ag==/oat/arm64/split_MapsDynamite_installtime.odex) is kOatUpToDate with filter 'speed' executable 'false'
12-16 11:17:52.654  6961  6964 I artd    : GetBestInfo: odex next to the dex file (/data/app/~~W9AUlakiDdU1ZrB090m5fg==/com.google.android.gms-OX3pY3p6S6k1U65aUNE_Ag==/oat/arm64/split_MeasurementDynamite_installtime.odex) is kOatUpToDate with filter 'speed' executable 'false'
12-16 11:17:52.656  6961  6964 I artd    : GetBestInfo: /data/user_de/0/com.google.android.gms/app_chimera/m/00000012/dl-Appsearch.optional_254131100400.apk has no usable artifacts
12-16 11:17:52.656  6961  6964 I artd    : GetBestInfo: /data/user_de/0/com.google.android.gms/app_chimera/m/00000001/CronetDynamite.apk has no usable artifacts
12-16 11:17:52.657  6961  6961 I artd    : GetBestInfo: /data/user_de/0/com.google.android.gms/app_chimera/m/00000013/dl-MlkitBarcodeUi.optional_254131100400.apk has no usable artifacts
12-16 11:17:52.658  6961  6964 I artd    : GetBestInfo: /data/user_de/0/com.google.android.gms/app_chimera/m/00000002/DynamiteLoader.apk has no usable artifacts
12-16 11:17:52.658  6961  6964 I artd    : GetBestInfo: /data/user/0/com.google.android.gms/app_dg_cache/0A2EB415626664D90269011A1B536A8FCFC77BCD/the.apk has no usable artifacts
12-16 11:17:52.660  6961 11194 I artd    : GetBestInfo: /data/user/0/com.google.android.gms/app_dg_cache/ED48A77328F42A82BD9FA493E1DC9A627DAADB59/the.apk has no usable artifacts
12-16 11:17:52.661  6961 11194 I artd    : GetBestInfo: /data/user_de/0/com.google.android.gms/app_chimera/m/00000005/GoogleCertificates.apk has no usable artifacts
12-16 11:17:52.662  6961  6964 I artd    : GetBestInfo: /data/user/0/com.google.android.gms/app_dg_cache/F5338DE2BC19B72E4BF9F7CAC38ECD5ACE5D1DF2/the.apk has no usable artifacts
12-16 11:17:52.664  6961 11194 I artd    : GetBestInfo: /data/user_de/0/com.google.android.gms/app_chimera/m/00000017/dl-PlayCloudSearch.optional_254131100000.apk has no usable artifacts
12-16 11:17:52.667  6961 11194 I artd    : GetBestInfo: /data/user_de/0/com.google.android.gms/app_chimera/m/00000010/dl-PlayCloudSearch.optional_253434100000.apk has no usable artifacts
12-16 11:17:52.669  6961  6964 I artd    : GetBestInfo: /data/user/0/com.google.android.gms/app_dg_cache/0618B6AD03FA49D55150C91CD8CD9E46E971ECF1/the.apk has no usable artifacts
12-16 11:17:52.672  6961  6964 I artd    : GetBestInfo: vdex next to the dex file (/data/user/0/com.google.android.gms/app_dg_cache/5F85806448AFADCA40F2837A7EE740118568B3EC/oat/arm64/the.vdex) is kOatUpToDate with filter 'verify' executable 'false'
12-16 11:17:52.676  6961  6964 I artd    : GetBestInfo: /data/user_de/0/com.google.android.gms/app_chimera/m/0000000d/dl-Antifingerprinting.optional_253434100000.apk has no usable artifacts
12-16 11:17:52.679  6701  7813 D BiometricService: canAuthenticate: User=0, Caller=0, Authenticators=255
12-16 11:17:52.681  6961  6964 I artd    : GetBestInfo: /data/user/0/com.google.android.gms/app_dg_cache/049A20A054B771E851974256D3271311889FCDDF/the.apk has no usable artifacts
12-16 11:17:52.682  6961  6964 I artd    : GetBestInfo: /data/user_de/0/com.google.android.gms/app_chimera/m/0000000a/dl-MlkitBarcodeUi.optional_253434100400.apk has no usable artifacts
12-16 11:17:52.684  6961 11194 I artd    : GetBestInfo: vdex next to the dex file (/data/user/0/com.google.android.gms/app_dg_cache/F2DA33623C7C8602EEBF9A226BC4329FB4FEF326/oat/arm64/the.vdex) is kOatUpToDate with filter 'verify' executable 'false'
12-16 11:17:52.685  6701  7813 D BiometricService/PreAuthInfo: Package: com.android.systemui Sensor ID: 0 Modality: 2 User id: 0 Status: 7
12-16 11:17:52.686  6701  7813 D BiometricService/PreAuthInfo: getCanAuthenticateInternal Modality: 2 AuthenticatorStatus: 7
12-16 11:17:52.688  6701  7813 D AuthService: canAuthenticate, userId: 0, callingUserId: 0, authenticators: 255, result: 11
12-16 11:17:52.688  6961 11194 I artd    : GetBestInfo: /data/user_de/0/com.google.android.gms/app_chimera/m/00000018/dl-MapsCoreDynamite.integ_253425402100400.apk has no usable artifacts
12-16 11:17:52.692  6961 11194 I artd    : GetBestInfo: vdex next to the dex file (/data/user/0/com.google.android.gms/app_dg_cache/981325FE712DE8A8AB83655EBBCFB0558EA27BAD/oat/arm64/the.vdex) is kOatUpToDate with filter 'verify' executable 'false'
12-16 11:17:52.694  6961 11194 I artd    : GetBestInfo: /data/user/0/com.google.android.gms/app_dg_cache/68ABBF10BD2349E9D7068D50DCB84A7E0CD70855/the.apk has no usable artifacts
12-16 11:17:52.696  6961 11194 I artd    : GetBestInfo: /data/user_de/0/com.google.android.gms/app_chimera/m/0000000e/dl-Appsearch.optional_253434100400.apk has no usable artifacts
12-16 11:17:52.702  6961 11194 I artd    : GetBestInfo: /data/user_de/0/com.google.android.gms/app_chimera/m/00000015/dl-MlkitOcrCommon.optional_254131100400.apk has no usable artifacts
12-16 11:17:52.703  6961 11194 I artd    : GetBestInfo: /data/user_de/0/com.google.android.gms/app_chimera/m/00000009/dl-TfliteDynamiteDynamite.integ_243930802100400.apk has no usable artifacts
12-16 11:17:52.709  6961 11194 I artd    : GetBestInfo: /data/user_de/0/com.google.android.gms/app_chimera/m/0000000b/dl-VisionOcr.optional_253434100000.apk has no usable artifacts
12-16 11:17:52.718  6961 11194 I artd    : GetBestInfo: /data/user/0/com.google.android.gms/app_dg_cache/89D9E2E43748CA05B189D46BEA8B2D6C5C01D255/the.apk has no usable artifacts
12-16 11:17:52.718  6961 11194 I artd    : GetBestInfo: /data/user_de/0/com.google.android.gms/app_chimera/m/0000000f/dl-AdsFdrDynamite.integ_253405700100000.apk has no usable artifacts
12-16 11:17:52.719  6961 11194 I artd    : GetBestInfo: /data/user_de/0/com.google.android.gms/app_chimera/m/00000022/dl-TfliteDynamiteDynamite.integ_252130102100400.apk has no usable artifacts
12-16 11:17:52.721  6961  6964 I artd    : GetBestInfo: /data/user_de/0/com.google.android.gms/app_chimera/m/0000000c/dl-MlkitOcrCommon.optional_253434100400.apk has no usable artifacts
12-16 11:17:52.726  6961  6964 I artd    : GetBestInfo: /data/user_de/0/com.google.android.gms/app_chimera/m/00000014/dl-Antifingerprinting.optional_254131100000.apk has no usable artifacts
12-16 11:17:52.727  6961 11194 I artd    : GetBestInfo: /data/user_de/0/com.google.android.gms/app_chimera/m/00000011/dl-VisionOcr.optional_254131100000.apk has no usable artifacts
12-16 11:17:52.728  6961  6964 W artd    : Could not get dex checksums for location /data/app/~~xWeNlK8Qwx4jAaZpmZ4bSQ==/com.android.vending-C1kIgKvUcVLKhtn4SSaEYw==/base.apk, fd=-1
12-16 11:17:52.737  6701  7987 D SystemServerTiming: getUserSwitchability-0
12-16 11:17:52.738  6701  7987 D SystemServerTiming: TM.isInCall
12-16 11:17:52.741  6701  7987 D SystemServerTiming: hasUserRestriction-DISALLOW_USER_SWITCH
12-16 11:17:52.742  6701  7987 D SystemServerTiming: getInt-ALLOW_USER_SWITCHING_WHEN_SYSTEM_USER_LOCKED
12-16 11:17:52.742  6701  7987 D SystemServerTiming: isUserUnlocked-USER_SYSTEM
12-16 11:17:52.742  6701  7987 D SystemServerTiming: getUserSwitchability-0
12-16 11:17:52.742  6701  7987 D SystemServerTiming: TM.isInCall
12-16 11:17:52.743  6701  7987 D SystemServerTiming: hasUserRestriction-DISALLOW_USER_SWITCH
12-16 11:17:52.743  6701  7987 D SystemServerTiming: getInt-ALLOW_USER_SWITCHING_WHEN_SYSTEM_USER_LOCKED
12-16 11:17:52.743  6701  7987 D SystemServerTiming: isUserUnlocked-USER_SYSTEM
12-16 11:17:52.750  7008  7008 D BiometricsRepositoryImpl: currentUser authFlags changed, new value: AuthenticationFlags(userId=0, flag=0)
12-16 11:17:52.751  7008  7008 D DLObserver: add listener: com.android.systemui.dock.DockManagerExtensionsKt$retrieveIsDocked$1$callback$1@8e029f4
12-16 11:17:52.751  7008  7008 D BiometricsRepositoryImpl: currentUser authFlags changed, new value: AuthenticationFlags(userId=0, flag=0)
12-16 11:17:52.751  7008  7008 D DLObserver: add listener: com.android.systemui.dock.DockManagerExtensionsKt$retrieveIsDocked$1$callback$1@af2651d
12-16 11:17:52.752  7008  7008 D DLObserver: onDockEvent mDockState = 0
12-16 11:17:52.752  7008  7008 D DLObserver: onDockEvent mDockState = 0
12-16 11:17:52.754  7008  7112 D ControlsListingControllerImpl: Subscribing callback, service count: 0
12-16 11:17:52.754  7008  7008 D BiometricsRepositoryImpl: currentUser authFlags changed, new value: AuthenticationFlags(userId=0, flag=0)
12-16 11:17:52.754  7008  7008 D DLObserver: add listener: com.android.systemui.dock.DockManagerExtensionsKt$retrieveIsDocked$1$callback$1@5721392
12-16 11:17:52.755  7008  7008 D BiometricsRepositoryImpl: currentUser authFlags changed, new value: AuthenticationFlags(userId=0, flag=0)
12-16 11:17:52.755  7008  7008 D DLObserver: add listener: com.android.systemui.dock.DockManagerExtensionsKt$retrieveIsDocked$1$callback$1@8750163
12-16 11:17:52.755  7008  7008 D BiometricsRepositoryImpl: currentUser authFlags changed, new value: AuthenticationFlags(userId=0, flag=0)
12-16 11:17:52.755  7008  7008 D DLObserver: add listener: com.android.systemui.dock.DockManagerExtensionsKt$retrieveIsDocked$1$callback$1@5cff160
12-16 11:17:52.758  7008  7008 D BiometricsRepositoryImpl: currentUser authFlags changed, new value: AuthenticationFlags(userId=0, flag=0)
12-16 11:17:52.758  7008  7008 D DLObserver: add listener: com.android.systemui.dock.DockManagerExtensionsKt$retrieveIsDocked$1$callback$1@5553619
12-16 11:17:52.759  7008  7008 D DLObserver: onDockEvent mDockState = 0
12-16 11:17:52.759  7008  7008 D DLObserver: onDockEvent mDockState = 0
12-16 11:17:52.764  7008  7008 D DLObserver: onDockEvent mDockState = 0
12-16 11:17:52.764  7008  7008 D DLObserver: onDockEvent mDockState = 0
12-16 11:17:52.764  7008  7112 D ControlsListingControllerImpl: Subscribing callback, service count: 0
12-16 11:17:52.765  7008  7112 D ControlsListingControllerImpl: Subscribing callback, service count: 0
12-16 11:17:52.770  7008  7112 E QuickAccessWalletKeyguardQuickAffordanceConfig: Wallet card retrieval error, message: "null"
12-16 11:17:52.770  7008  7112 E QuickAccessWalletKeyguardQuickAffordanceConfig: Wallet card retrieval error, message: "null"
12-16 11:17:52.771  7008  7112 E QuickAccessWalletKeyguardQuickAffordanceConfig: Wallet card retrieval error, message: "null"
12-16 11:17:52.784  7008  7008 D DeviceEntryIconViewBinder: Updating device entry icon image state ForegroundIconViewModel(type=UNLOCK, useAodVariant=false, tint=-2432257, padding=48)
12-16 11:17:52.877  6701  6955 D BackgroundInstallControlService: Package event received: 0
12-16 11:17:52.931  7008 15074 D RingtonePlayer: player.start piid:28927
12-16 11:17:52.931  6633 15076 I GenericSource: start
12-16 11:17:52.943  6633 15086 D CCodec  : allocate(c2.android.vorbis.decoder)
12-16 11:17:52.944  7008  7008 D MediaRouter: onRestoreRoute() : route=RouteInfo{ name=Phone, description=null, status=null, category=RouteCategory{ name=System types=ROUTE_TYPE_LIVE_AUDIO ROUTE_TYPE_LIVE_VIDEO  groupable=false }, supportedTypes=ROUTE_TYPE_LIVE_AUDIO ROUTE_TYPE_LIVE_VIDEO , presentationDisplay=null }
12-16 11:17:52.944  7008  7008 V MediaRouter: Selecting route: RouteInfo{ name=Phone, description=null, status=null, category=RouteCategory{ name=System types=ROUTE_TYPE_LIVE_AUDIO ROUTE_TYPE_LIVE_VIDEO  groupable=false }, supportedTypes=ROUTE_TYPE_LIVE_AUDIO ROUTE_TYPE_LIVE_VIDEO , presentationDisplay=null }
12-16 11:17:52.945  6633 15086 I CCodec  : setting up 'default' as default (vendor) store
12-16 11:17:52.971  6633 14179 D BufferPoolAccessor2.0: bufferpool2 0xb4000074f3a10e48 : 0(0 size) total buffers - 0(0 size) used buffers - 93/101 (recycle/alloc) - 8/198 (fetch/transfer)
12-16 11:17:52.971  6633 14179 D BufferPoolAccessor2.0: Destruction - bufferpool2 0xb4000074f3a10e48 cached: 0/0M, 0/0% in use; allocs: 101, 92% recycled; transfers: 198, 96% unfetched
12-16 11:17:52.973  6633 15086 I CCodec  : Created component [c2.android.vorbis.decoder] for [c2.android.vorbis.decoder]
12-16 11:17:52.974  6633 15086 D CCodecConfig: read media type: audio/vorbis
12-16 11:17:52.975  6633 15086 D ReflectedParamUpdater: extent() != 1 for single value type: algo.buffers.max-count.values
12-16 11:17:52.975  6633 15086 D ReflectedParamUpdater: extent() != 1 for single value type: output.subscribed-indices.values
12-16 11:17:52.975  6633 15086 D ReflectedParamUpdater: extent() != 1 for single value type: input.buffers.allocator-ids.values
12-16 11:17:52.975  6633 15086 D ReflectedParamUpdater: extent() != 1 for single value type: output.buffers.allocator-ids.values
12-16 11:17:52.975  6633 15086 D ReflectedParamUpdater: extent() != 1 for single value type: algo.buffers.allocator-ids.values
12-16 11:17:52.975  6633 15086 D ReflectedParamUpdater: extent() != 1 for single value type: output.buffers.pool-ids.values
12-16 11:17:52.975  6633 15086 D ReflectedParamUpdater: extent() != 1 for single value type: algo.buffers.pool-ids.values
12-16 11:17:52.978  6633 15086 I CCodecConfig: query failed after returning 8 values (BAD_INDEX)
12-16 11:17:52.979  6633 15086 D CCodecConfig: c2 config diff is Dict {
12-16 11:17:52.979  6633 15086 D CCodecConfig:   c2::u32 coded.bitrate.value = 64000
12-16 11:17:52.979  6633 15086 D CCodecConfig:   c2::u32 input.buffers.max-size.value = 32768
12-16 11:17:52.979  6633 15086 D CCodecConfig:   c2::u32 input.delay.value = 0
12-16 11:17:52.979  6633 15086 D CCodecConfig:   string input.media-type.value = "audio/vorbis"
12-16 11:17:52.979  6633 15086 D CCodecConfig:   c2::u32 output.large-frame.max-size = 0
12-16 11:17:52.979  6633 15086 D CCodecConfig:   c2::u32 output.large-frame.threshold-size = 0
12-16 11:17:52.979  6633 15086 D CCodecConfig:   string output.media-type.value = "audio/raw"
12-16 11:17:52.979  6633 15086 D CCodecConfig:   c2::u32 raw.channel-count.value = 1
12-16 11:17:52.979  6633 15086 D CCodecConfig:   c2::u32 raw.sample-rate.value = 48000
12-16 11:17:52.979  6633 15086 D CCodecConfig: }
12-16 11:17:52.980  6633 15085 I MediaCodec: media_quality service unavailable, skipping updatePictureProfile
12-16 11:17:52.981  6633 15086 D CCodec  : [c2.android.vorbis.decoder] buffers are bound to CCodec for this session
12-16 11:17:52.981  6633 15086 D CCodecConfig: no c2 equivalents for durationUs
12-16 11:17:52.981  6633 15086 D CCodecConfig: no c2 equivalents for csd-1
12-16 11:17:52.981  6633 15086 D CCodecConfig: no c2 equivalents for flags
12-16 11:17:52.981  6633 15086 D CCodecConfig: c2 config diff is   c2::u32 coded.bitrate.value = 70000
12-16 11:17:52.982  6633 15086 W Codec2Client: query -- param skipped: index = 1107298332.
12-16 11:17:52.982  6633 15086 D CCodec  : encoding statistics level = 0
12-16 11:17:52.982  6633 15086 D CCodec  : setup formats input: AMessage(what = 0x00000000) = {
12-16 11:17:52.982  6633 15086 D CCodec  :   int32_t bitrate = 70000
12-16 11:17:52.982  6633 15086 D CCodec  :   int32_t channel-count = 1
12-16 11:17:52.982  6633 15086 D CCodec  :   int32_t max-input-size = 32768
12-16 11:17:52.982  6633 15086 D CCodec  :   string mime = "audio/vorbis"
12-16 11:17:52.982  6633 15086 D CCodec  :   int32_t sample-rate = 48000
12-16 11:17:52.982  6633 15086 D CCodec  : }
12-16 11:17:52.982  6633 15086 D CCodec  : setup formats output: AMessage(what = 0x00000000) = {
12-16 11:17:52.982  6633 15086 D CCodec  :   int32_t buffer-batch-max-output-size = 0
12-16 11:17:52.982  6633 15086 D CCodec  :   int32_t buffer-batch-threshold-output-size = 0
12-16 11:17:52.982  6633 15086 D CCodec  :   int32_t channel-count = 1
12-16 11:17:52.982  6633 15086 D CCodec  :   string mime = "audio/raw"
12-16 11:17:52.982  6633 15086 D CCodec  :   int32_t sample-rate = 48000
12-16 11:17:52.982  6633 15086 D CCodec  :   int32_t channel-mask = 1
12-16 11:17:52.982  6633 15086 D CCodec  :   int32_t android._config-pcm-encoding = 2
12-16 11:17:52.982  6633 15086 D CCodec  : }
12-16 11:17:52.982  6633 15086 I CCodecConfig: query failed after returning 8 values (BAD_INDEX)
12-16 11:17:52.983  6633 15086 E mediaserver: Failed to query component interface for required system resources: 6
12-16 11:17:52.983  6633 15086 I MediaCodec: MediaCodec will operate in async mode
12-16 11:17:52.983  6633 15085 D MediaCodec: keep callback message for reclaim
12-16 11:17:52.984  6633 15086 W Codec2Client: query -- param skipped: index = 1342179345.
12-16 11:17:52.984  6633 15086 W Codec2Client: query -- param skipped: index = 2415921170.
12-16 11:17:52.985   585  6669 D BufferPoolAccessor2.0: bufferpool2 0xb400007093a08bf8 : 0(0 size) total buffers - 0(0 size) used buffers - 93/97 (recycle/alloc) - 4/96 (fetch/transfer)
12-16 11:17:52.985   585  6669 D BufferPoolAccessor2.0: Destruction - bufferpool2 0xb400007093a08bf8 cached: 0/0M, 0/0% in use; allocs: 97, 96% recycled; transfers: 96, 96% unfetched
12-16 11:17:52.985  6633 15086 D CCodecBufferChannel: [c2.android.vorbis.decoder#549] Created input block pool with allocatorID 16 => poolID 18 - OK (0)
12-16 11:17:52.986  6633 15086 I CCodecBufferChannel: [c2.android.vorbis.decoder#549] Created output block pool with allocatorID 16 => poolID 56 - OK
12-16 11:17:52.987  6633 15086 D CCodecBufferChannel: [c2.android.vorbis.decoder#549] Configured output block pool ids 56 => OK
12-16 11:17:52.988   585  7996 E Codec2-ComponentInterface: We have a failed config
12-16 11:17:52.993   585 15087 D SimpleC2Component: Using output block pool with poolID 56 => got 56 - 0
12-16 11:17:53.009  6631  6656 D AudioFlinger: Client defaulted notificationFrames to 12512 for frameCount 25024
12-16 11:17:53.009  6631  6656 I AF::PthrPatchRecord: creating track with enforcement level 0
12-16 11:17:53.047  6701  6717 E AppOps  : attributionTag  not declared in manifest of com.android.systemui
12-16 11:17:53.047  6701  6717 E AppOps  : attributionTag  not declared in manifest of com.android.systemui
12-16 11:17:53.053  6633  8266 D MediaPlayerService: onAudioDeviceUpdate deviceIds: 2
12-16 11:17:53.063  6633 15084 D AudioTrack: getTimestamp_l(17): device stall time corrected using current time 7585545752740
12-16 11:17:53.156  6631  6668 D AudioFlinger: mixer(0xb40000712938f790) throttle end: throttle time(34)
12-16 11:17:54.133  6701  6903 I HalDevMgr: bestIfaceCreationProposal is null, requestIface=STA, existingIface=[name=wlan0 type=STA]
12-16 11:17:54.141  6633 15086 D CCodecBufferChannel: [c2.android.vorbis.decoder#549] buffers after EOS ignored (0 us)
12-16 11:17:54.402  6633 15084 D AudioTrack: stop(17): called with 82980 frames delivered
12-16 11:17:54.403  6701  7684 E AppOps  : attributionTag  not declared in manifest of com.android.systemui
12-16 11:17:54.403  6701  7100 E AppOps  : attributionTag  not declared in manifest of com.android.systemui
12-16 11:17:54.819  7008 15074 D RingtonePlayer: onCompletion() abandoning AudioFocus
12-16 11:17:54.821  6701  7100 I MediaFocusControl: abandonAudioFocus() from uid/pid 10186/7008 clientId=android.media.AudioManager@bdc1b66 callingPack=com.android.systemui
12-16 11:17:54.822  7008 15074 D RingtonePlayer: onCompletion queue size=0
12-16 11:17:54.823  7008 15074 D RingtonePlayer: in onCompletion quitting looper Looper (Thread-4, tid 101) {e956574}
12-16 11:17:54.823  7008 15074 I NotificationPlayer: About to release MediaPlayer piid:28927 due to onCompletion
12-16 11:17:54.823  7008 15074 V MediaPlayer: resetDrmState:  mDrmInfo=null mDrmProvisioningThread=null mPrepareDrmInProgress=false mActiveDrmScheme=false
12-16 11:17:54.823  7008 15074 V MediaPlayer: cleanDrmObj: mDrmObj=null mDrmSessionId=null
12-16 11:17:54.823  6633  6633 D NuPlayerDriver: reset(0xb400007643a0cd90) at state 6
12-16 11:17:54.827  6633 15095 I hw-BpHwBinder: onLastStrongRef automatically unlinking death recipients
12-16 11:17:54.829   585  7997 I hw-BpHwBinder: onLastStrongRef automatically unlinking death recipients
12-16 11:17:54.829   585  7997 I hw-BpHwBinder: onLastStrongRef automatically unlinking death recipients
12-16 11:17:54.830   585  7997 D BufferPoolAccessor2.0: Destruction - bufferpool2 0xb400007093a0b598 cached: 0/0M, 0/0% in use; allocs: 0, 0% recycled; transfers: 0, 0% unfetched
12-16 11:17:54.831  6633 15076 D NuPlayerDriver: notifyResetComplete(0xb400007643a0cd90)
12-16 11:17:54.831  6633  6633 W AMessage: failed to post message as target looper for handler 0 is gone.
12-16 11:17:55.004  6701  6856 D ActivityManager: freezing 7635 com.google.android.permissioncontroller
12-16 11:17:55.008  6701  6909 D InetDiagMessage: Destroyed 0 sockets, proto=IPPROTO_TCP, family=AF_INET, states=14
12-16 11:17:55.009  6701  6909 D InetDiagMessage: Destroyed 0 sockets, proto=IPPROTO_TCP, family=AF_INET6, states=14
12-16 11:17:55.010  6701  6909 D InetDiagMessage: Destroyed live tcp sockets for uids={10214} in 2ms
12-16 11:17:56.978 10799 10827 D SatelliteController: iisInCarrierRoamingNbIotNtn: satellite is disabled
12-16 11:17:56.982 10799 10827 D SatelliteController: getCarrierRoamingNtnConnectType: Falling back to global carrier config connect type: 0
12-16 11:17:57.139  6701  6903 I HalDevMgr: bestIfaceCreationProposal is null, requestIface=STA, existingIface=[name=wlan0 type=STA]
12-16 11:17:57.297  6701  7100 W ProcessStats: Tracking association SourceState{7f1540b com.google.android.gms.persistent/10147 BTop #6238} whose proc state 2 is better than process ProcessState{2590653 com.google.android.gms/10147 pkg=com.google.android.gms} proc state 14 (30 skipped)
12-16 11:17:57.746  6636 13802 D android.hardware.audio@7.1-impl.ranchu: threadLoop: entering standby, frames: 2537216
12-16 11:17:57.748  6636 13802 D android.hardware.audio@7.1-impl.ranchu: ~TinyalsaSink: joining consumeThread
12-16 11:17:57.759  6636 15088 D android.hardware.audio@7.1-impl.ranchu: consumeThread: exiting
12-16 11:17:57.760  6636 13802 D android.hardware.audio@7.1-impl.ranchu: ~TinyalsaSink: stopping PCM stream
12-16 11:17:57.973  6633 14176 D BufferPoolAccessor2.0: evictor expired: 1, evicted: 0
12-16 11:17:58.067  7008  7008 W TouchableRegionManager: onHeadsUpPinnedModeChanged
12-16 11:17:58.527  7008  7008 D WindowOnBackDispatcher: setTopOnBackInvokedCallback (unwrapped): null
12-16 11:17:58.527  6701  7100 D CoreBackPreview: Window{efc0a11 u0 NotificationShade}: Setting back callback null
12-16 11:17:58.531  6632 14795 W libbinder.IPCThreadState: Sending oneway calls to frozen process.
12-16 11:17:58.531  6632 14795 W libbinder.IPCThreadState: Sending oneway calls to frozen process.
12-16 11:17:58.531  6632 14795 W libbinder.IPCThreadState: Sending oneway calls to frozen process.
12-16 11:17:58.554  7008  7008 D DLObserver: remove listener: com.android.systemui.dock.DockManagerExtensionsKt$retrieveIsDocked$1$callback$1@5cff160
12-16 11:17:58.558  7008  7008 D DLObserver: remove listener: com.android.systemui.dock.DockManagerExtensionsKt$retrieveIsDocked$1$callback$1@5553619
12-16 11:17:58.559  7008  7008 D DLObserver: remove listener: com.android.systemui.dock.DockManagerExtensionsKt$retrieveIsDocked$1$callback$1@8e029f4
12-16 11:17:58.559  7008  7008 D DLObserver: remove listener: com.android.systemui.dock.DockManagerExtensionsKt$retrieveIsDocked$1$callback$1@5721392
12-16 11:17:58.560  7008  7008 D DLObserver: remove listener: com.android.systemui.dock.DockManagerExtensionsKt$retrieveIsDocked$1$callback$1@af2651d
12-16 11:17:58.561  7008  7008 D DLObserver: remove listener: com.android.systemui.dock.DockManagerExtensionsKt$retrieveIsDocked$1$callback$1@8750163
12-16 11:17:58.563  7008  7112 D ControlsListingControllerImpl: Unsubscribing callback
12-16 11:17:58.563  7008  7112 D ControlsListingControllerImpl: Unsubscribing callback
12-16 11:17:58.563  7008  7112 D ControlsListingControllerImpl: Unsubscribing callback
12-16 11:17:58.664  7008  7015 W System  : A resource failed to call release. 
12-16 11:17:58.665  7008  7015 W System  : A resource failed to call release. 
12-16 11:17:58.974   585   655 D BufferPoolAccessor2.0: evictor expired: 1, evicted: 0
12-16 11:17:59.862 12210 14647 I NearbyMediums: No BLE Fast/GATT advertisements found in the latest cycle.
12-16 11:17:59.863 12210 14647 I NearbyMediums: Current Tracked Scanning Clients are : {NearbyConnections.EnvironmentMonitor, NearbySharing, NearbyConnections.TxAdvertisement}
12-16 11:17:59.974  6633 14176 D BufferPoolAccessor2.0: bufferpool2 0xb4000074f3a12318 : 0(0 size) total buffers - 0(0 size) used buffers - 94/102 (recycle/alloc) - 8/198 (fetch/transfer)
12-16 11:17:59.975  6633 14176 D BufferPoolAccessor2.0: evictor expired: 1, evicted: 1
12-16 11:17:59.975   585   655 D BufferPoolAccessor2.0: bufferpool2 0xb400007093a08bf8 : 0(0 size) total buffers - 0(0 size) used buffers - 93/97 (recycle/alloc) - 4/96 (fetch/transfer)
12-16 11:17:59.975   585   655 D BufferPoolAccessor2.0: evictor expired: 2, evicted: 1
12-16 11:18:00.145  6701  6903 I HalDevMgr: bestIfaceCreationProposal is null, requestIface=STA, existingIface=[name=wlan0 type=STA]
12-16 11:18:02.517 15109 15109 W libbinder.BackendUnifiedServiceManager: Thread Pool max thread count is 0. Cannot cache binder as linkToDeath cannot be implemented. serviceName: package
12-16 11:18:02.580  6961 11194 I artd    : GetBestInfo: odex next to the dex file (/data/app/~~W9AUlakiDdU1ZrB090m5fg==/com.google.android.gms-OX3pY3p6S6k1U65aUNE_Ag==/oat/arm64/base.odex) is kOatUpToDate with filter 'speed-profile' executable 'false'
12-16 11:18:02.583  6961  6964 I artd    : GetBestInfo: odex next to the dex file (/data/app/~~W9AUlakiDdU1ZrB090m5fg==/com.google.android.gms-OX3pY3p6S6k1U65aUNE_Ag==/oat/arm64/split_AdsDynamite_installtime.odex) is kOatUpToDate with filter 'speed' executable 'false'
12-16 11:18:02.590  6961 11194 I artd    : GetBestInfo: odex next to the dex file (/data/app/~~W9AUlakiDdU1ZrB090m5fg==/com.google.android.gms-OX3pY3p6S6k1U65aUNE_Ag==/oat/arm64/split_CronetDynamite_installtime.odex) is kOatUpToDate with filter 'speed-profile' executable 'false'
12-16 11:18:02.592  6961  6964 I artd    : GetBestInfo: odex next to the dex file (/data/app/~~W9AUlakiDdU1ZrB090m5fg==/com.google.android.gms-OX3pY3p6S6k1U65aUNE_Ag==/oat/arm64/split_DynamiteLoader_installtime.odex) is kOatUpToDate with filter 'speed' executable 'false'
12-16 11:18:02.593  6961 11194 I artd    : GetBestInfo: odex next to the dex file (/data/app/~~W9AUlakiDdU1ZrB090m5fg==/com.google.android.gms-OX3pY3p6S6k1U65aUNE_Ag==/oat/arm64/split_DynamiteModulesA_installtime.odex) is kOatUpToDate with filter 'speed' executable 'false'
12-16 11:18:02.595  6961  6964 I artd    : GetBestInfo: odex next to the dex file (/data/app/~~W9AUlakiDdU1ZrB090m5fg==/com.google.android.gms-OX3pY3p6S6k1U65aUNE_Ag==/oat/arm64/split_DynamiteModulesC_installtime.odex) is kOatUpToDate with filter 'speed' executable 'false'
12-16 11:18:02.597  6961 11194 I artd    : GetBestInfo: odex next to the dex file (/data/app/~~W9AUlakiDdU1ZrB090m5fg==/com.google.android.gms-OX3pY3p6S6k1U65aUNE_Ag==/oat/arm64/split_GoogleCertificates_installtime.odex) is kOatUpToDate with filter 'speed' executable 'false'
12-16 11:18:02.599  6961  6964 I artd    : GetBestInfo: odex next to the dex file (/data/app/~~W9AUlakiDdU1ZrB090m5fg==/com.google.android.gms-OX3pY3p6S6k1U65aUNE_Ag==/oat/arm64/split_MapsDynamite_installtime.odex) is kOatUpToDate with filter 'speed' executable 'false'
12-16 11:18:02.601  6961 11194 I artd    : GetBestInfo: odex next to the dex file (/data/app/~~W9AUlakiDdU1ZrB090m5fg==/com.google.android.gms-OX3pY3p6S6k1U65aUNE_Ag==/oat/arm64/split_MeasurementDynamite_installtime.odex) is kOatUpToDate with filter 'speed' executable 'false'
12-16 11:18:02.603  6961  6964 I artd    : GetBestInfo: /data/user_de/0/com.google.android.gms/app_chimera/m/00000012/dl-Appsearch.optional_254131100400.apk has no usable artifacts
12-16 11:18:02.603  6961 11194 I artd    : GetBestInfo: /data/user_de/0/com.google.android.gms/app_chimera/m/00000001/CronetDynamite.apk has no usable artifacts
12-16 11:18:02.604  6961 11194 I artd    : GetBestInfo: /data/user_de/0/com.google.android.gms/app_chimera/m/00000013/dl-MlkitBarcodeUi.optional_254131100400.apk has no usable artifacts
12-16 11:18:02.605  6961  6964 I artd    : GetBestInfo: /data/user_de/0/com.google.android.gms/app_chimera/m/00000002/DynamiteLoader.apk has no usable artifacts
12-16 11:18:02.607  6961  6964 I artd    : GetBestInfo: /data/user/0/com.google.android.gms/app_dg_cache/0A2EB415626664D90269011A1B536A8FCFC77BCD/the.apk has no usable artifacts
12-16 11:18:02.608  6961 11194 I artd    : GetBestInfo: /data/user/0/com.google.android.gms/app_dg_cache/ED48A77328F42A82BD9FA493E1DC9A627DAADB59/the.apk has no usable artifacts
12-16 11:18:02.608  6961  6964 I artd    : GetBestInfo: /data/user_de/0/com.google.android.gms/app_chimera/m/00000005/GoogleCertificates.apk has no usable artifacts
12-16 11:18:02.609  6961  6964 I artd    : GetBestInfo: /data/user/0/com.google.android.gms/app_dg_cache/F5338DE2BC19B72E4BF9F7CAC38ECD5ACE5D1DF2/the.apk has no usable artifacts
12-16 11:18:02.610  6961 11194 I artd    : GetBestInfo: /data/user_de/0/com.google.android.gms/app_chimera/m/00000017/dl-PlayCloudSearch.optional_254131100000.apk has no usable artifacts
12-16 11:18:02.613  6961  6964 I artd    : GetBestInfo: /data/user_de/0/com.google.android.gms/app_chimera/m/00000010/dl-PlayCloudSearch.optional_253434100000.apk has no usable artifacts
12-16 11:18:02.614  6961 11194 I artd    : GetBestInfo: /data/user/0/com.google.android.gms/app_dg_cache/0618B6AD03FA49D55150C91CD8CD9E46E971ECF1/the.apk has no usable artifacts
12-16 11:18:02.615  6961  6964 I artd    : GetBestInfo: vdex next to the dex file (/data/user/0/com.google.android.gms/app_dg_cache/5F85806448AFADCA40F2837A7EE740118568B3EC/oat/arm64/the.vdex) is kOatUpToDate with filter 'verify' executable 'false'
12-16 11:18:02.617  6961 11194 I artd    : GetBestInfo: /data/user_de/0/com.google.android.gms/app_chimera/m/0000000d/dl-Antifingerprinting.optional_253434100000.apk has no usable artifacts
12-16 11:18:02.619  6961 11194 I artd    : GetBestInfo: /data/user/0/com.google.android.gms/app_dg_cache/049A20A054B771E851974256D3271311889FCDDF/the.apk has no usable artifacts
12-16 11:18:02.620  6961  6964 I artd    : GetBestInfo: /data/user_de/0/com.google.android.gms/app_chimera/m/0000000a/dl-MlkitBarcodeUi.optional_253434100400.apk has no usable artifacts
12-16 11:18:02.622  6961 11194 I artd    : GetBestInfo: vdex next to the dex file (/data/user/0/com.google.android.gms/app_dg_cache/F2DA33623C7C8602EEBF9A226BC4329FB4FEF326/oat/arm64/the.vdex) is kOatUpToDate with filter 'verify' executable 'false'
12-16 11:18:02.622  6961  6964 I artd    : GetBestInfo: /data/user_de/0/com.google.android.gms/app_chimera/m/00000018/dl-MapsCoreDynamite.integ_253425402100400.apk has no usable artifacts
12-16 11:18:02.624  6961  6961 I artd    : GetBestInfo: vdex next to the dex file (/data/user/0/com.google.android.gms/app_dg_cache/981325FE712DE8A8AB83655EBBCFB0558EA27BAD/oat/arm64/the.vdex) is kOatUpToDate with filter 'verify' executable 'false'
12-16 11:18:02.626  6961 11194 I artd    : GetBestInfo: /data/user/0/com.google.android.gms/app_dg_cache/68ABBF10BD2349E9D7068D50DCB84A7E0CD70855/the.apk has no usable artifacts
12-16 11:18:02.627  6961  6961 I artd    : GetBestInfo: /data/user_de/0/com.google.android.gms/app_chimera/m/0000000e/dl-Appsearch.optional_253434100400.apk has no usable artifacts
12-16 11:18:02.628  6961 11194 I artd    : GetBestInfo: /data/user_de/0/com.google.android.gms/app_chimera/m/00000015/dl-MlkitOcrCommon.optional_254131100400.apk has no usable artifacts
12-16 11:18:02.629  6961  6961 I artd    : GetBestInfo: /data/user_de/0/com.google.android.gms/app_chimera/m/00000009/dl-TfliteDynamiteDynamite.integ_243930802100400.apk has no usable artifacts
12-16 11:18:02.631  6961 11194 I artd    : GetBestInfo: /data/user_de/0/com.google.android.gms/app_chimera/m/0000000b/dl-VisionOcr.optional_253434100000.apk has no usable artifacts
12-16 11:18:02.633  6961  6961 I artd    : GetBestInfo: /data/user/0/com.google.android.gms/app_dg_cache/89D9E2E43748CA05B189D46BEA8B2D6C5C01D255/the.apk has no usable artifacts
12-16 11:18:02.634  6961 11194 I artd    : GetBestInfo: /data/user_de/0/com.google.android.gms/app_chimera/m/0000000f/dl-AdsFdrDynamite.integ_253405700100000.apk has no usable artifacts
12-16 11:18:02.635  6961 11194 I artd    : GetBestInfo: /data/user_de/0/com.google.android.gms/app_chimera/m/00000022/dl-TfliteDynamiteDynamite.integ_252130102100400.apk has no usable artifacts
12-16 11:18:02.636  6961  6964 I artd    : GetBestInfo: /data/user_de/0/com.google.android.gms/app_chimera/m/0000000c/dl-MlkitOcrCommon.optional_253434100400.apk has no usable artifacts
12-16 11:18:02.637  6961 11194 I artd    : GetBestInfo: /data/user_de/0/com.google.android.gms/app_chimera/m/00000014/dl-Antifingerprinting.optional_254131100000.apk has no usable artifacts
12-16 11:18:02.639  6961  6964 I artd    : GetBestInfo: /data/user_de/0/com.google.android.gms/app_chimera/m/00000011/dl-VisionOcr.optional_254131100000.apk has no usable artifacts
12-16 11:18:02.639  6961 11194 W artd    : Could not get dex checksums for location /data/app/~~xWeNlK8Qwx4jAaZpmZ4bSQ==/com.android.vending-C1kIgKvUcVLKhtn4SSaEYw==/base.apk, fd=-1
12-16 11:18:03.151  6701  6903 I HalDevMgr: bestIfaceCreationProposal is null, requestIface=STA, existingIface=[name=wlan0 type=STA]
12-16 11:18:06.160  6701  6903 I HalDevMgr: bestIfaceCreationProposal is null, requestIface=STA, existingIface=[name=wlan0 type=STA]
12-16 11:18:06.980 10799 10827 D SatelliteController: iisInCarrierRoamingNbIotNtn: satellite is disabled
12-16 11:18:06.986 10799 10827 D SatelliteController: getCarrierRoamingNtnConnectType: Falling back to global carrier config connect type: 0
12-16 11:18:09.166  6701  6903 I HalDevMgr: bestIfaceCreationProposal is null, requestIface=STA, existingIface=[name=wlan0 type=STA]
12-16 11:18:09.866 12210 14647 I NearbyMediums: No BLE Fast/GATT advertisements found in the latest cycle.
12-16 11:18:09.867 12210 14647 I NearbyMediums: Current Tracked Scanning Clients are : {NearbyConnections.EnvironmentMonitor, NearbySharing, NearbyConnections.TxAdvertisement}
12-16 11:18:11.343  7008  7112 I QuickAccessWalletTile: QAW service is unavailable, recreating the wallet client.
12-16 11:18:12.170  6701  6903 I HalDevMgr: bestIfaceCreationProposal is null, requestIface=STA, existingIface=[name=wlan0 type=STA]
12-16 11:18:12.503 15148 15148 W libbinder.BackendUnifiedServiceManager: Thread Pool max thread count is 0. Cannot cache binder as linkToDeath cannot be implemented. serviceName: package
12-16 11:18:12.550  6961 11194 I artd    : GetBestInfo: odex next to the dex file (/data/app/~~W9AUlakiDdU1ZrB090m5fg==/com.google.android.gms-OX3pY3p6S6k1U65aUNE_Ag==/oat/arm64/base.odex) is kOatUpToDate with filter 'speed-profile' executable 'false'
12-16 11:18:12.552  6961  6964 I artd    : GetBestInfo: odex next to the dex file (/data/app/~~W9AUlakiDdU1ZrB090m5fg==/com.google.android.gms-OX3pY3p6S6k1U65aUNE_Ag==/oat/arm64/split_AdsDynamite_installtime.odex) is kOatUpToDate with filter 'speed' executable 'false'
12-16 11:18:12.553  6961 11194 I artd    : GetBestInfo: odex next to the dex file (/data/app/~~W9AUlakiDdU1ZrB090m5fg==/com.google.android.gms-OX3pY3p6S6k1U65aUNE_Ag==/oat/arm64/split_CronetDynamite_installtime.odex) is kOatUpToDate with filter 'speed-profile' executable 'false'
12-16 11:18:12.555  6961  6964 I artd    : GetBestInfo: odex next to the dex file (/data/app/~~W9AUlakiDdU1ZrB090m5fg==/com.google.android.gms-OX3pY3p6S6k1U65aUNE_Ag==/oat/arm64/split_DynamiteLoader_installtime.odex) is kOatUpToDate with filter 'speed' executable 'false'
12-16 11:18:12.557  6961 11194 I artd    : GetBestInfo: odex next to the dex file (/data/app/~~W9AUlakiDdU1ZrB090m5fg==/com.google.android.gms-OX3pY3p6S6k1U65aUNE_Ag==/oat/arm64/split_DynamiteModulesA_installtime.odex) is kOatUpToDate with filter 'speed' executable 'false'
12-16 11:18:12.559  6961  6964 I artd    : GetBestInfo: odex next to the dex file (/data/app/~~W9AUlakiDdU1ZrB090m5fg==/com.google.android.gms-OX3pY3p6S6k1U65aUNE_Ag==/oat/arm64/split_DynamiteModulesC_installtime.odex) is kOatUpToDate with filter 'speed' executable 'false'
12-16 11:18:12.561  6961 11194 I artd    : GetBestInfo: odex next to the dex file (/data/app/~~W9AUlakiDdU1ZrB090m5fg==/com.google.android.gms-OX3pY3p6S6k1U65aUNE_Ag==/oat/arm64/split_GoogleCertificates_installtime.odex) is kOatUpToDate with filter 'speed' executable 'false'
12-16 11:18:12.562  6961  6964 I artd    : GetBestInfo: odex next to the dex file (/data/app/~~W9AUlakiDdU1ZrB090m5fg==/com.google.android.gms-OX3pY3p6S6k1U65aUNE_Ag==/oat/arm64/split_MapsDynamite_installtime.odex) is kOatUpToDate with filter 'speed' executable 'false'
12-16 11:18:12.564  6961 11194 I artd    : GetBestInfo: odex next to the dex file (/data/app/~~W9AUlakiDdU1ZrB090m5fg==/com.google.android.gms-OX3pY3p6S6k1U65aUNE_Ag==/oat/arm64/split_MeasurementDynamite_installtime.odex) is kOatUpToDate with filter 'speed' executable 'false'
12-16 11:18:12.566  6961  6964 I artd    : GetBestInfo: /data/user_de/0/com.google.android.gms/app_chimera/m/00000012/dl-Appsearch.optional_254131100400.apk has no usable artifacts
12-16 11:18:12.567  6961 11194 I artd    : GetBestInfo: /data/user_de/0/com.google.android.gms/app_chimera/m/00000001/CronetDynamite.apk has no usable artifacts
12-16 11:18:12.568  6961  6961 I artd    : GetBestInfo: /data/user_de/0/com.google.android.gms/app_chimera/m/00000013/dl-MlkitBarcodeUi.optional_254131100400.apk has no usable artifacts
12-16 11:18:12.568  6961 11194 I artd    : GetBestInfo: /data/user_de/0/com.google.android.gms/app_chimera/m/00000002/DynamiteLoader.apk has no usable artifacts
12-16 11:18:12.569  6961 11194 I artd    : GetBestInfo: /data/user/0/com.google.android.gms/app_dg_cache/0A2EB415626664D90269011A1B536A8FCFC77BCD/the.apk has no usable artifacts
12-16 11:18:12.570  6961  6964 I artd    : GetBestInfo: /data/user/0/com.google.android.gms/app_dg_cache/ED48A77328F42A82BD9FA493E1DC9A627DAADB59/the.apk has no usable artifacts
12-16 11:18:12.571  6961 11194 I artd    : GetBestInfo: /data/user_de/0/com.google.android.gms/app_chimera/m/00000005/GoogleCertificates.apk has no usable artifacts
12-16 11:18:12.572  6961 11194 I artd    : GetBestInfo: /data/user/0/com.google.android.gms/app_dg_cache/F5338DE2BC19B72E4BF9F7CAC38ECD5ACE5D1DF2/the.apk has no usable artifacts
12-16 11:18:12.573  6961  6964 I artd    : GetBestInfo: /data/user_de/0/com.google.android.gms/app_chimera/m/00000017/dl-PlayCloudSearch.optional_254131100000.apk has no usable artifacts
12-16 11:18:12.575  6961 11194 I artd    : GetBestInfo: /data/user_de/0/com.google.android.gms/app_chimera/m/00000010/dl-PlayCloudSearch.optional_253434100000.apk has no usable artifacts
12-16 11:18:12.577  6961  6964 I artd    : GetBestInfo: /data/user/0/com.google.android.gms/app_dg_cache/0618B6AD03FA49D55150C91CD8CD9E46E971ECF1/the.apk has no usable artifacts
12-16 11:18:12.578  6961 11194 I artd    : GetBestInfo: vdex next to the dex file (/data/user/0/com.google.android.gms/app_dg_cache/5F85806448AFADCA40F2837A7EE740118568B3EC/oat/arm64/the.vdex) is kOatUpToDate with filter 'verify' executable 'false'
12-16 11:18:12.580  6961  6964 I artd    : GetBestInfo: /data/user_de/0/com.google.android.gms/app_chimera/m/0000000d/dl-Antifingerprinting.optional_253434100000.apk has no usable artifacts
12-16 11:18:12.581  6961 11194 I artd    : GetBestInfo: /data/user/0/com.google.android.gms/app_dg_cache/049A20A054B771E851974256D3271311889FCDDF/the.apk has no usable artifacts
12-16 11:18:12.582  6961  6964 I artd    : GetBestInfo: /data/user_de/0/com.google.android.gms/app_chimera/m/0000000a/dl-MlkitBarcodeUi.optional_253434100400.apk has no usable artifacts
12-16 11:18:12.584  6961 11194 I artd    : GetBestInfo: vdex next to the dex file (/data/user/0/com.google.android.gms/app_dg_cache/F2DA33623C7C8602EEBF9A226BC4329FB4FEF326/oat/arm64/the.vdex) is kOatUpToDate with filter 'verify' executable 'false'
