12-16 11:17:30.169  6701  7100 D ActivityManager: quick sync unfreeze 7202 for 1
12-16 11:17:30.170  6701  6955 D BackgroundInstallControlService: Package event received: 0
12-16 11:17:30.170  6701  6955 D BackgroundInstallControlService: Package event received: 0
12-16 11:17:30.177  6701  6726 D ActivityManager: sync unfroze 7202 com.android.settings for 1
12-16 11:17:30.179  6701  6955 D BackgroundInstallControlService: Package event received: 0
12-16 11:17:30.180 14834 14834 D WindowOnBackDispatcher: setTopOnBackInvokedCallback (unwrapped): android.app.Activity$$ExternalSyntheticLambda0@cb84bc2
12-16 11:17:30.180 14834 14834 D WindowOnBackDispatcher: setTopOnBackInvokedCallback (unwrapped): io.flutter.embedding.android.c@e43f7d9
12-16 11:17:30.180  6701  6983 D CoreBackPreview: Window{2c7809 u0 com.example.oradosales/com.example.oradosales.MainActivity}: Setting back callback OnBackInvokedCallbackInfo{mCallback=android.window.IOnBackInvokedCallback$Stub$Proxy@d405816, mPriority=-1, mIsAnimationCallback=false, mOverrideBehavior=0}
12-16 11:17:30.180  6701  7987 D CoreBackPreview: Window{2c7809 u0 com.example.oradosales/com.example.oradosales.MainActivity}: Setting back callback OnBackInvokedCallbackInfo{mCallback=android.window.IOnBackInvokedCallback$Stub$Proxy@6406597, mPriority=0, mIsAnimationCallback=true, mOverrideBehavior=0}
12-16 11:17:30.184  7202 14056 I GFXSTREAM: [eglDisplay.cpp(297)] Opening libGLESv1_CM_emulation.so
12-16 11:17:30.186  7202 14056 I GFXSTREAM: [eglDisplay.cpp(297)] Opening libGLESv2_emulation.so
12-16 11:17:30.195  7202 14056 W HWUI    : Failed to choose config with EGL_SWAP_BEHAVIOR_PRESERVED, retrying without...
12-16 11:17:30.198  7202 14056 W HWUI    : Failed to initialize 101010-2 format, error = EGL_SUCCESS
12-16 11:17:30.275 14834 14834 D WindowOnBackDispatcher: setTopOnBackInvokedCallback (unwrapped): android.app.Activity$$ExternalSyntheticLambda0@cb84bc2
12-16 11:17:30.275  6701  7100 D CoreBackPreview: Window{2c7809 u0 com.example.oradosales/com.example.oradosales.MainActivity}: Setting back callback OnBackInvokedCallbackInfo{mCallback=android.window.IOnBackInvokedCallback$Stub$Proxy@42186ab, mPriority=-1, mIsAnimationCallback=false, mOverrideBehavior=0}
12-16 11:17:30.277  7202  7202 D WindowOnBackDispatcher: setTopOnBackInvokedCallback (unwrapped): android.app.Dialog$$ExternalSyntheticLambda2@918432
12-16 11:17:30.277  6701  7100 D CoreBackPreview: Window{8f0976d u0 com.android.settings/com.android.settings.fuelgauge.RequestIgnoreBatteryOptimizations}: Setting back callback OnBackInvokedCallbackInfo{mCallback=android.window.IOnBackInvokedCallback$Stub$Proxy@c90a108, mPriority=-1, mIsAnimationCallback=false, mOverrideBehavior=0}
12-16 11:17:30.280  7157  7157 D b/417220811: invalidateLoadedTasks - previous requestLoadId: -1
12-16 11:17:30.330  7202  7202 D WindowOnBackDispatcher: setTopOnBackInvokedCallback (unwrapped): android.app.Activity$$ExternalSyntheticLambda0@48daf2c
12-16 11:17:30.330  6701  6983 D CoreBackPreview: Window{4224725 u0 com.android.settings/com.android.settings.fuelgauge.RequestIgnoreBatteryOptimizations}: Setting back callback OnBackInvokedCallbackInfo{mCallback=android.window.IOnBackInvokedCallback$Stub$Proxy@ed530a1, mPriority=-1, mIsAnimationCallback=false, mOverrideBehavior=0}
12-16 11:17:30.331  7202  7202 D VRI[RequestIgnoreBatteryOptimizations]: WindowInsets changed: 1080x2274 mandatorySystemGestures:[0,0,0,21] 
12-16 11:17:30.334  7202  7202 D VRI[RequestIgnoreBatteryOptimizations]: WindowInsets changed: 0x0 mandatorySystemGestures:null 
12-16 11:17:30.344  7008  9175 V WindowManagerShell: onTransitionReady(transaction=28780575852751)
12-16 11:17:30.347  7008  7058 V ShellTaskOrganizer: Task appeared taskId=74 listener=FullscreenTaskListener
12-16 11:17:30.348  7008  7058 V ShellTaskOrganizer: Fullscreen Task Appeared: #74
12-16 11:17:30.348  7008  7058 V WindowManagerShell: onTransitionReady (#23) android.os.BinderProxy@d259b48: {id=23 t=OPEN f=0x0 trk=0 r=[0@Point(0, 0)] c=[
12-16 11:17:30.348  7008  7058 V WindowManagerShell:         {m=OPEN f=TRANSLUCENT leash=Surface(name=Task=74#457)/@0x2cbd1c7 sb=Rect(0, 0 - 1080, 2400) eb=Rect(0, 0 - 1080, 2400) epz=Point(1080, 2400) d=0 taskParent=-1 winMode=1 userId=0}
12-16 11:17:30.348  7008  7058 V WindowManagerShell:     ]}
12-16 11:17:30.348  7008  7058 V WindowManagerShell: Playing animation for (#23) android.os.BinderProxy@d259b48@0
12-16 11:17:30.348  7008  7058 V ShellRecents: RecentsTransitionHandler.startAnimation: no controller found
12-16 11:17:30.348  7008  7058 V WindowManagerShell: Transition doesn't have explicit remote, search filters for match for {id=23 t=OPEN f=0x0 trk=0 r=[0@Point(0, 0)] c=[{m=OPEN f=TRANSLUCENT leash=Surface(name=Task=74#457)/@0x2cbd1c7 sb=Rect(0, 0 - 1080, 2400) eb=Rect(0, 0 - 1080, 2400) epz=Point(1080, 2400) d=0 taskParent=-1 winMode=1 userId=0}]}
12-16 11:17:30.348  7008  7058 V WindowManagerShell:  Checking filter Pair{{types=[] flags=0x0] notFlags=0x0 checks=[{atype=undefined independent=true modes=[CLOSE,TO_BACK] flags=IN_TASK_WITH_EMBEDDED_ACTIVITY mustBeTask=false order=ANY topActivity=null launchCookie=null taskFragmentToken=android.os.BinderProxy@25896e8 windowingMode=undefined isCrossDisplayMove=false}]} RemoteTransition { remoteTransition = android.window.IRemoteTransition$Stub$Proxy@d232101, appThread = android.app.IApplicationThread$Stub$Proxy@3c98ba6, debugName = overlayBackTransition }}
12-16 11:17:30.348  7008  7058 V WindowManagerShell:  Checking filter Pair{{types=[] flags=0x0] notFlags=0x0 checks=[{atype=dream independent=true modes=[OPEN,TO_FRONT] flags=NONE mustBeTask=false order=ANY topActivity=null launchCookie=null windowingMode=undefined isCrossDisplayMove=false},{atype=home independent=true modes=[CLOSE,TO_BACK] flags=NONE mustBeTask=false order=ANY topActivity=null launchCookie=null windowingMode=undefined isCrossDisplayMove=false}]} RemoteTransition { remoteTransition = android.window.IRemoteTransition$Stub$Proxy@dc139e7, appThread = android.app.IApplicationThread$Stub$Proxy@a943994, debugName = LauncherToDream }}
12-16 11:17:30.348  7008  7058 V WindowManagerShell:  Checking filter Pair{{types=[] flags=0x0] notFlags=0x100 checks=[{atype=home independent=true modes=[OPEN,TO_FRONT] flags=NONE mustBeTask=false order=TOP topActivity=ComponentInfo{com.google.android.apps.nexuslauncher/com.google.android.apps.nexuslauncher.NexusLauncherActivity} launchCookie=null windowingMode=undefined isCrossDisplayMove=false},{atype=standard independent=true modes=[CLOSE,TO_BACK] flags=NONE mustBeTask=false order=ANY topActivity=null launchCookie=null windowingMode=undefined isCrossDisplayMove=false},{NOT atype=undefined independent=true modes=[] flags=NONE mustBeTask=true order=ANY topActivity=null launchCookie=null customAnim=true windowingMode=undefined isCrossDisplayMove=false}]} RemoteTransition { remoteTransition = android.window.IRemoteTransition$Stub$Proxy@71fcc3d, appThread = android.app.IApplicationThread$Stub$Proxy@cf2bc32, debugName = QuickstepLaunchHome }}
12-16 11:17:30.348  7008  7058 V WindowManagerShell:  Delegate animation for (#23) to null
12-16 11:17:30.348  7008  7058 V WindowManagerShell: start default transition animation, info = {id=23 t=OPEN f=0x0 trk=0 r=[0@Point(0, 0)] c=[{m=OPEN f=TRANSLUCENT leash=Surface(name=Task=74#457)/@0x2cbd1c7 sb=Rect(0, 0 - 1080, 2400) eb=Rect(0, 0 - 1080, 2400) epz=Point(1080, 2400) d=0 taskParent=-1 winMode=1 userId=0}]}
12-16 11:17:30.352  7157  7157 D b/417220811: invalidateLoadedTasks - previous requestLoadId: -1
12-16 11:17:30.353  6701  6726 W ProcessStats: Tracking association SourceState{9467044 system/1000 BFgs #6163} whose proc state 4 is better than process ProcessState{6e9c28a com.google.android.ext.services/10192 pkg=com.google.android.ext.services} proc state 14 (10 skipped)
12-16 11:17:30.354  7008  7058 V WindowManagerShell: loadAnimation: anim=android.view.animation.AnimationSet@fa9c363 animAttr=0x4 type=OPEN isEntrance=true
12-16 11:17:30.355  6701  6723 I ActivityTaskManager: Displayed com.android.settings/.fuelgauge.RequestIgnoreBatteryOptimizations for user 0: +202ms
12-16 11:17:30.360  6701  6723 V WindowManager: Sent Transition (#23) createdAt=12-16 11:17:30.140 via request=TransitionRequestInfo { type = OPEN, triggerTask = TaskInfo{userId=0 taskId=74 effectiveUid=1000 displayId=0 isRunning=true baseIntent=Intent { act=android.settings.REQUEST_IGNORE_BATTERY_OPTIMIZATIONS dat=package: flg=0x10000000 cmp=com.android.settings/.fuelgauge.RequestIgnoreBatteryOptimizations } baseActivity=ComponentInfo{com.android.settings/com.android.settings.fuelgauge.RequestIgnoreBatteryOptimizations} topActivity=ComponentInfo{com.android.settings/com.android.settings.fuelgauge.RequestIgnoreBatteryOptimizations} origActivity=null realActivity=ComponentInfo{com.android.settings/com.android.settings.fuelgauge.RequestIgnoreBatteryOptimizations} numActivities=1 lastActiveTime=7562630 supportsMultiWindow=true resizeMode=1 isResizeable=true minWidth=-1 minHeight=-1 defaultMinSize=220 token=WCT{RemoteToken{3f08920 Task{dc4f8bb #74 type=standard A=1000:com.android.settings}}} topActivityType=1 pictureInPictureParams=null shouldDockBigOverlays=false launchIntoPipHostTaskId=-1 lastParentTaskIdBeforePip=-1 displayCutoutSafeInsets=Rect(0, 0 - 0, 0) topActivityInfo=ActivityInfo{5f252d9 com.android.settings.fuelgauge.RequestIgnoreBatteryOptimizations} launchCookies=[] positionInParent=Point(0, 0) parentTaskId=-1 isFocused=false isVisible=false isVisibleRequested=false isTopActivityNoDisplay=false isSleeping=false locusId=null displayAreaFeatureId=1 isTopActivityTransparent=true isActivityStackTransparent=true lastNonFullscreenBounds=null capturedLink=null capturedLinkTimestamp=0 requestedVisibleTypes=503 topActivityRequestOpenInBrowserEducationTimestamp=0 appCompatTaskInfo=AppCompatTaskInfo { topActivityInSizeCompat=false isLeafTask= true eligibleForLetterboxEducation= false isLetterboxEducationEnabled= true isLetterboxDoubleTapEnabled= false eligibleForUserAspectRatioButton= false topActivityBoundsLetterboxed= false isFromLetterboxDoubleTap= false topActivityLetterboxVerticalPosition= -1 topActivityLetterboxHorizontalPosition= -1 topActivityLetterboxWidth=-1 topActivityLetterboxHeight=-1 topActivityAppBounds=Rect(0, 0 - 1080, 2400) isUserFullscreenOverrideEnabled=false isSystemFullscreenOverrideEnabled=false hasMinAspectRatioOverride=false topActivityLetterboxBounds=null cameraCompatTaskInfo=CameraCompatTaskInfo { cameraCompatMode=inactive0} topNonResizableActivityAspectRatio=-1.0} topActivityMainWindowFrame=null isAppBubble=false}, pipChange = null, remoteTransition = null, displayChange = null, requestedLocation = null, userChange = null, windowingLayerChange = null, flags = 0, debugId = 23 }
12-16 11:17:30.361  7008  7058 V WindowManagerShell:  animated by com.android.wm.shell.transition.DefaultTransitionHandler@45c4f85
12-16 11:17:30.362  6701  6723 V WindowManager:     startWCT=WindowContainerTransaction { changes= {} hops= [] errorCallbackToken=null taskFragmentOrganizer=null }
12-16 11:17:30.362  6701  6723 V WindowManager:     info={id=23 t=OPEN f=0x0 trk=0 r=[0@Point(0, 0)] c=[
12-16 11:17:30.362  6701  6723 V WindowManager:         {WCT{RemoteToken{3f08920 Task{dc4f8bb #74 type=standard A=1000:com.android.settings}}} m=OPEN f=TRANSLUCENT leash=Surface(name=Task=74#457)/@0x212c5b4 sb=Rect(0, 0 - 1080, 2400) eb=Rect(0, 0 - 1080, 2400) epz=Point(1080, 2400) d=0 taskParent=-1 winMode=1 userId=0}
12-16 11:17:30.362  6701  6723 V WindowManager:     ]}
12-16 11:17:30.691  7008  7058 V WindowManagerShell: Transition animation finished (aborted=false), notifying core (#23) android.os.BinderProxy@d259b48@0
12-16 11:17:30.693  6701  6723 V WindowManager: Finish Transition (#23): created at 12-16 11:17:30.140 collect-started=0.056ms request-sent=8.026ms started=11.507ms ready=36.221ms sent=203.21ms commit=14.737ms finished=553.168ms
12-16 11:17:30.695  7008  7058 V WindowManagerShell: Track 0 became idle
12-16 11:17:30.695  7008  7058 V WindowManagerShell: All active transition animations finished
12-16 11:17:31.452  6701  7987 W AS.PlaybackActivityMon: No piid assigned for invalid/internal port id 15
12-16 11:17:31.461  6631  6668 D AudioFlinger: mixer(0xb40000712938f790) throttle end: throttle time(34)
12-16 11:17:31.466  7202  7202 D BackupRestoreStorage: Notify BackupManager dataChanged: storage=BatteryBackupHelper key=null reason=1
12-16 11:17:31.472  7202  7202 D WindowOnBackDispatcher: setTopOnBackInvokedCallback (unwrapped): null
12-16 11:17:31.477  6701  7987 D CoreBackPreview: Window{8f0976d u0 com.android.settings/com.android.settings.fuelgauge.RequestIgnoreBatteryOptimizations}: Setting back callback null
12-16 11:17:31.478  8052  8486 I ProtoXDBBufferWrapper: ProtoXDBBufferWrapper.flushToStorage():158 Flushed 5 data item(s) to storage.
12-16 11:17:31.481  7008  7058 V WindowManagerShell: Transition requested (#24): android.os.BinderProxy@cdf00de TransitionRequestInfo { type = CLOSE, triggerTask = TaskInfo{userId=0 taskId=74 effectiveUid=1000 displayId=0 isRunning=false baseIntent=Intent { act=android.settings.REQUEST_IGNORE_BATTERY_OPTIMIZATIONS dat=package: flg=0x10000000 cmp=com.android.settings/.fuelgauge.RequestIgnoreBatteryOptimizations } baseActivity=null topActivity=null origActivity=null realActivity=ComponentInfo{com.android.settings/com.android.settings.fuelgauge.RequestIgnoreBatteryOptimizations} numActivities=0 lastActiveTime=7562651 supportsMultiWindow=true resizeMode=1 isResizeable=true minWidth=-1 minHeight=-1 defaultMinSize=220 token=WCT{android.os.BinderProxy@33de1} topActivityType=1 pictureInPictureParams=null shouldDockBigOverlays=false launchIntoPipHostTaskId=-1 lastParentTaskIdBeforePip=-1 displayCutoutSafeInsets=Rect(0, 0 - 0, 0) topActivityInfo=null launchCookies=[] positionInParent=Point(0, 0) parentTaskId=-1 isFocused=true isVisible=true isVisibleRequested=true isTopActivityNoDisplay=false isSleeping=false locusId=null displayAreaFeatureId=1 isTopActivityTransparent=false isActivityStackTransparent=true lastNonFullscreenBounds=null capturedLink=null capturedLinkTimestamp=0 requestedVisibleTypes=503 topActivityRequestOpenInBrowserEducationTimestamp=0 appCompatTaskInfo=AppCompatTaskInfo { topActivityInSizeCompat=false isLeafTask= true eligibleForLetterboxEducation= false isLetterboxEducationEnabled= false isLetterboxDoubleTapEnabled= false eligibleForUserAspectRatioButton= false topActivityBoundsLetterboxed= false isFromLetterboxDoubleTap= false topActivityLetterboxVerticalPosition= -1 topActivityLetterboxHorizontalPosition= -1 topActivityLetterboxWidth=-1 topActivityLetterboxHeight=-1 topActivityAppBounds=Rect(0, 0 - 0, 0) isUserFullscreenOverrideEnabled=false isSystemFullscreenOverrideEnabled=false hasMinAspectRatioOverride=false topActivityLetterboxBounds=null cameraCompatTaskInfo=CameraCompatTaskInfo { cameraCompatMode=undefinedundefined} topNonResizableActivityAspectRatio=-1.0} topActivityMainWindowFrame=null isAppBubble=false}, pipChange = null, remoteTransition = null, displayChange = null, requestedLocation = null, userChange = null, windowingLayerChange = null, flags = 0, debugId = 24 }
12-16 11:17:31.483   540   603 I libbinder.BpBinder: onLastStrongRef automatically unlinking death recipients for descriptor: '(not cached)'
12-16 11:17:31.487  7157  7157 D b/417220811: invalidateLoadedTasks - previous requestLoadId: -1
12-16 11:17:31.494  7008  9284 V WindowManagerShell: onTransitionReady(transaction=28780575852797)
12-16 11:17:31.496 14834 14834 D FirebaseSessions: App foregrounded on com.example.oradosales
12-16 11:17:31.501  6701  6726 V WindowManager: Unknown focus tokens, dropping reportFocusChanged
12-16 11:17:31.504  6701  6723 V WindowManager: Sent Transition (#24) createdAt=12-16 11:17:31.480 via request=TransitionRequestInfo { type = CLOSE, triggerTask = TaskInfo{userId=0 taskId=74 effectiveUid=1000 displayId=0 isRunning=false baseIntent=Intent { act=android.settings.REQUEST_IGNORE_BATTERY_OPTIMIZATIONS dat=package: flg=0x10000000 cmp=com.android.settings/.fuelgauge.RequestIgnoreBatteryOptimizations } baseActivity=null topActivity=null origActivity=null realActivity=ComponentInfo{com.android.settings/com.android.settings.fuelgauge.RequestIgnoreBatteryOptimizations} numActivities=0 lastActiveTime=7562651 supportsMultiWindow=true resizeMode=1 isResizeable=true minWidth=-1 minHeight=-1 defaultMinSize=220 token=WCT{RemoteToken{3f08920 Task{dc4f8bb #74 type=standard A=1000:com.android.settings}}} topActivityType=1 pictureInPictureParams=null shouldDockBigOverlays=false launchIntoPipHostTaskId=-1 lastParentTaskIdBeforePip=-1 displayCutoutSafeInsets=Rect(0, 0 - 0, 0) topActivityInfo=null launchCookies=[] positionInParent=Point(0, 0) parentTaskId=-1 isFocused=true isVisible=true isVisibleRequested=true isTopActivityNoDisplay=false isSleeping=false locusId=null displayAreaFeatureId=1 isTopActivityTransparent=false isActivityStackTransparent=true lastNonFullscreenBounds=null capturedLink=null capturedLinkTimestamp=0 requestedVisibleTypes=503 topActivityRequestOpenInBrowserEducationTimestamp=0 appCompatTaskInfo=AppCompatTaskInfo { topActivityInSizeCompat=false isLeafTask= true eligibleForLetterboxEducation= false isLetterboxEducationEnabled= false isLetterboxDoubleTapEnabled= false eligibleForUserAspectRatioButton= false topActivityBoundsLetterboxed= false isFromLetterboxDoubleTap= false topActivityLetterboxVerticalPosition= -1 topActivityLetterboxHorizontalPosition= -1 topActivityLetterboxWidth=-1 topActivityLetterboxHeight=-1 topActivityAppBounds=Rect(0, 0 - 0, 0) isUserFullscreenOverrideEnabled=false isSystemFullscreenOverrideEnabled=false hasMinAspectRatioOverride=false topActivityLetterboxBounds=null cameraCompatTaskInfo=CameraCompatTaskInfo { cameraCompatMode=undefinedundefined} topNonResizableActivityAspectRatio=-1.0} topActivityMainWindowFrame=null isAppBubble=false}, pipChange = null, remoteTransition = null, displayChange = null, requestedLocation = null, userChange = null, windowingLayerChange = null, flags = 0, debugId = 24 }
12-16 11:17:31.504  6701  6723 V WindowManager:     startWCT=WindowContainerTransaction { changes= {} hops= [] errorCallbackToken=null taskFragmentOrganizer=null }
12-16 11:17:31.510  6701  6723 V WindowManager:     info={id=24 t=CLOSE f=0x0 trk=0 r=[0@Point(0, 0)] c=[
12-16 11:17:31.510  6701  6723 V WindowManager:         {WCT{RemoteToken{edef107 Task{d05375b #73 type=standard I=com.example.oradosales/.MainActivity}}} m=CHANGE f=MOVE_TO_TOP leash=Surface(name=Task=73#418)/@0xc68fb21 sb=Rect(0, 0 - 1080, 2400) eb=Rect(0, 0 - 1080, 2400) epz=Point(1080, 2400) d=0 taskParent=-1 winMode=1 userId=0},
12-16 11:17:31.510  6701  6723 V WindowManager:         {WCT{RemoteToken{3f08920 Task{dc4f8bb #74 type=standard A=1000:com.android.settings}}} m=CLOSE f=TRANSLUCENT leash=Surface(name=Task=74#457)/@0x212c5b4 sb=Rect(0, 0 - 1080, 2400) eb=Rect(0, 0 - 1080, 2400) epz=Point(1080, 2400) d=0 taskParent=-1 winMode=1 userId=0}
12-16 11:17:31.510  6701  6723 V WindowManager:     ]}
12-16 11:17:31.513  7008  7058 V WindowManagerShell: onTransitionReady (#24) android.os.BinderProxy@cdf00de: {id=24 t=CLOSE f=0x0 trk=0 r=[0@Point(0, 0)] c=[
12-16 11:17:31.513  7008  7058 V WindowManagerShell:         {m=CHANGE f=MOVE_TO_TOP leash=Surface(name=Task=73#418)/@0x6eb32bf sb=Rect(0, 0 - 1080, 2400) eb=Rect(0, 0 - 1080, 2400) epz=Point(1080, 2400) d=0 taskParent=-1 winMode=1 userId=0},
12-16 11:17:31.513  7008  7058 V WindowManagerShell:         {m=CLOSE f=TRANSLUCENT leash=Surface(name=Task=74#457)/@0xa54fd8c sb=Rect(0, 0 - 1080, 2400) eb=Rect(0, 0 - 1080, 2400) epz=Point(1080, 2400) d=0 taskParent=-1 winMode=1 userId=0}
12-16 11:17:31.513  7008  7058 V WindowManagerShell:     ]}
12-16 11:17:31.513  7008  7058 V WindowManagerShell: Playing animation for (#24) android.os.BinderProxy@cdf00de@0
12-16 11:17:31.514  6701  6874 I ImeTracker: com.example.oradosales:ce0b9867: onRequestHide at ORIGIN_SERVER reason HIDE_SAME_WINDOW_FOCUSED_WITHOUT_EDITOR fromUser false
12-16 11:17:31.514  7008  7058 V ShellRecents: RecentsTransitionHandler.startAnimation: no controller found
12-16 11:17:31.515 14834 14834 D InsetsController: hide(ime())
12-16 11:17:31.515 14834 14834 I ImeTracker: com.example.oradosales:ce0b9867: onCancelled at PHASE_CLIENT_ALREADY_HIDDEN
12-16 11:17:31.515  7008  7058 V WindowManagerShell: Transition doesn't have explicit remote, search filters for match for {id=24 t=CLOSE f=0x0 trk=0 r=[0@Point(0, 0)] c=[{m=CHANGE f=MOVE_TO_TOP leash=Surface(name=Task=73#418)/@0x6eb32bf sb=Rect(0, 0 - 1080, 2400) eb=Rect(0, 0 - 1080, 2400) epz=Point(1080, 2400) d=0 taskParent=-1 winMode=1 userId=0},{m=CLOSE f=TRANSLUCENT leash=Surface(name=Task=74#457)/@0xa54fd8c sb=Rect(0, 0 - 1080, 2400) eb=Rect(0, 0 - 1080, 2400) epz=Point(1080, 2400) d=0 taskParent=-1 winMode=1 userId=0}]}
12-16 11:17:31.516  7008  7058 V WindowManagerShell:  Checking filter Pair{{types=[] flags=0x0] notFlags=0x0 checks=[{atype=undefined independent=true modes=[CLOSE,TO_BACK] flags=IN_TASK_WITH_EMBEDDED_ACTIVITY mustBeTask=false order=ANY topActivity=null launchCookie=null taskFragmentToken=android.os.BinderProxy@25896e8 windowingMode=undefined isCrossDisplayMove=false}]} RemoteTransition { remoteTransition = android.window.IRemoteTransition$Stub$Proxy@d232101, appThread = android.app.IApplicationThread$Stub$Proxy@3c98ba6, debugName = overlayBackTransition }}
12-16 11:17:31.517  7008  7058 V WindowManagerShell:  Checking filter Pair{{types=[] flags=0x0] notFlags=0x0 checks=[{atype=dream independent=true modes=[OPEN,TO_FRONT] flags=NONE mustBeTask=false order=ANY topActivity=null launchCookie=null windowingMode=undefined isCrossDisplayMove=false},{atype=home independent=true modes=[CLOSE,TO_BACK] flags=NONE mustBeTask=false order=ANY topActivity=null launchCookie=null windowingMode=undefined isCrossDisplayMove=false}]} RemoteTransition { remoteTransition = android.window.IRemoteTransition$Stub$Proxy@dc139e7, appThread = android.app.IApplicationThread$Stub$Proxy@a943994, debugName = LauncherToDream }}
12-16 11:17:31.517  7008  7058 V WindowManagerShell:  Checking filter Pair{{types=[] flags=0x0] notFlags=0x100 checks=[{atype=home independent=true modes=[OPEN,TO_FRONT] flags=NONE mustBeTask=false order=TOP topActivity=ComponentInfo{com.google.android.apps.nexuslauncher/com.google.android.apps.nexuslauncher.NexusLauncherActivity} launchCookie=null windowingMode=undefined isCrossDisplayMove=false},{atype=standard independent=true modes=[CLOSE,TO_BACK] flags=NONE mustBeTask=false order=ANY topActivity=null launchCookie=null windowingMode=undefined isCrossDisplayMove=false},{NOT atype=undefined independent=true modes=[] flags=NONE mustBeTask=true order=ANY topActivity=null launchCookie=null customAnim=true windowingMode=undefined isCrossDisplayMove=false}]} RemoteTransition { remoteTransition = android.window.IRemoteTransition$Stub$Proxy@71fcc3d, appThread = android.app.IApplicationThread$Stub$Proxy@cf2bc32, debugName = QuickstepLaunchHome }}
12-16 11:17:31.518  7008  7058 V WindowManagerShell:  Delegate animation for (#24) to null
12-16 11:17:31.518  7008  7058 V WindowManagerShell: start default transition animation, info = {id=24 t=CLOSE f=0x0 trk=0 r=[0@Point(0, 0)] c=[{m=CHANGE f=MOVE_TO_TOP leash=Surface(name=Task=73#418)/@0x6eb32bf sb=Rect(0, 0 - 1080, 2400) eb=Rect(0, 0 - 1080, 2400) epz=Point(1080, 2400) d=0 taskParent=-1 winMode=1 userId=0},{m=CLOSE f=TRANSLUCENT leash=Surface(name=Task=74#457)/@0xa54fd8c sb=Rect(0, 0 - 1080, 2400) eb=Rect(0, 0 - 1080, 2400) epz=Point(1080, 2400) d=0 taskParent=-1 winMode=1 userId=0}]}
12-16 11:17:31.518  8052  8052 I GoogleInputMethodService: GoogleInputMethodService.onFinishInput():2057 
12-16 11:17:31.519  8052  8052 I Module  : DeviceLockedStatusModuleProvider$Module.updateDeviceLockedStatus():100 repeatCheckTimes = 0, locked = false
12-16 11:17:31.520  8052  8052 I GoogleInputMethodService: GoogleInputMethodService.onStartInput():1318 onStartInput(EditorInfo{EditorInfo{packageName=com.example.oradosales, inputType=0, inputTypeString=NULL, enableLearning=false, autoCorrection=false, autoComplete=false, imeOptions=0, privateImeOptions=null, actionName=UNSPECIFIED, actionLabel=null, initialSelStart=-1, initialSelEnd=-1, initialCapsMode=0, label=null, fieldId=0, fieldName=null, extras=null, hintText=null, hintLocales=[]}}, false)
12-16 11:17:31.520  8052  8052 I Module  : DeviceLockedStatusModuleProvider$Module.updateDeviceLockedStatus():100 repeatCheckTimes = 1, locked = false
12-16 11:17:31.521  7008  7058 V WindowManagerShell: loadAnimation: anim=android.view.animation.AnimationSet@cb7224 animAttr=0x7 type=CLOSE isEntrance=false
12-16 11:17:31.527  6701  6843 W PackageConfigPersister: App-specific configuration not found for packageName: com.example.oradosales and userId: 0
12-16 11:17:31.528  6701  6955 D BackgroundInstallControlService: Package event received: 0
12-16 11:17:31.528  6701  6955 D BackgroundInstallControlService: Package event received: 0
12-16 11:17:31.528  6701  6955 D BackgroundInstallControlService: Package event received: 0
12-16 11:17:31.529  7008  7058 V WindowManagerShell:  animated by com.android.wm.shell.transition.DefaultTransitionHandler@45c4f85
12-16 11:17:31.534  6701  6955 D BackgroundInstallControlService: Package event received: 0
12-16 11:17:31.588  7157  7157 D b/417220811: invalidateLoadedTasks - previous requestLoadId: -1
12-16 11:17:31.807  7008  7058 V WindowManagerShell: Transition animation finished (aborted=false), notifying core (#24) android.os.BinderProxy@cdf00de@0
12-16 11:17:31.809  6701  6723 V WindowManager: Finish Transition (#24): created at 12-16 11:17:31.480 collect-started=0.011ms request-sent=0.045ms started=3.987ms ready=6.888ms sent=12.112ms commit=35.23ms finished=327.99ms
12-16 11:17:31.809  7202  7202 D VRI[RequestIgnoreBatteryOptimizations]: visibilityChanged oldVisibility=true newVisibility=false
12-16 11:17:31.810  7008  7058 V WindowManagerShell: Track 0 became idle
12-16 11:17:31.810  7008  7058 V WindowManagerShell: All active transition animations finished
12-16 11:17:31.815  6701  6984 W ImageReader_JNI: Unable to acquire a buffer item, very likely client tried to acquire more than maxImages buffers
12-16 11:17:31.841  7202  7202 D WindowOnBackDispatcher: setTopOnBackInvokedCallback (unwrapped): null
12-16 11:17:31.844  7202  7202 D ViewRootImpl: Skipping stats log for color mode
12-16 11:17:31.856  6701  6717 W WindowManager: Failed looking up window session=Session{83970e9 7202:1000} callers=com.android.server.wm.WindowManagerService.windowForClient:6763 com.android.server.wm.Session.setOnBackInvokedCallbackInfo:989 android.view.IWindowSession$Stub.onTransact:1084 
12-16 11:17:31.857  6701  6717 I WindowManager: setOnBackInvokedCallback(): No window state for package:com.android.settings
12-16 11:17:31.864  7157  7157 D RecentsView: onTaskRemoved: 74, not handling task stack changes
12-16 11:17:31.864  7157  7157 D RecentsView: onTaskRemoved: 74, not handling task stack changes
12-16 11:17:31.866  6701  6955 D BackgroundInstallControlService: Package event received: 0
12-16 11:17:31.877  7008  7058 V ShellTaskOrganizer: Task vanished taskId=74
12-16 11:17:31.877  7008  7058 V ShellTaskOrganizer: Fullscreen Task Vanished: #74
12-16 11:17:31.880  7157  7157 D b/417220811: invalidateLoadedTasks - previous requestLoadId: -1
12-16 11:17:31.880  7008  7058 D ShellDesktopMode: AppToWebRepository: Task 74 is vanishing. Removing task data from repository
12-16 11:17:32.501 15028 15028 W libbinder.BackendUnifiedServiceManager: Thread Pool max thread count is 0. Cannot cache binder as linkToDeath cannot be implemented. serviceName: package
12-16 11:17:32.545  6961 11194 I artd    : GetBestInfo: odex next to the dex file (/data/app/~~W9AUlakiDdU1ZrB090m5fg==/com.google.android.gms-OX3pY3p6S6k1U65aUNE_Ag==/oat/arm64/base.odex) is kOatUpToDate with filter 'speed-profile' executable 'false'
12-16 11:17:32.547  6961 11194 I artd    : GetBestInfo: odex next to the dex file (/data/app/~~W9AUlakiDdU1ZrB090m5fg==/com.google.android.gms-OX3pY3p6S6k1U65aUNE_Ag==/oat/arm64/split_AdsDynamite_installtime.odex) is kOatUpToDate with filter 'speed' executable 'false'
12-16 11:17:32.548  6961  6964 I artd    : GetBestInfo: odex next to the dex file (/data/app/~~W9AUlakiDdU1ZrB090m5fg==/com.google.android.gms-OX3pY3p6S6k1U65aUNE_Ag==/oat/arm64/split_CronetDynamite_installtime.odex) is kOatUpToDate with filter 'speed-profile' executable 'false'
12-16 11:17:32.550  6961 11194 I artd    : GetBestInfo: odex next to the dex file (/data/app/~~W9AUlakiDdU1ZrB090m5fg==/com.google.android.gms-OX3pY3p6S6k1U65aUNE_Ag==/oat/arm64/split_DynamiteLoader_installtime.odex) is kOatUpToDate with filter 'speed' executable 'false'
12-16 11:17:32.551  6961  6964 I artd    : GetBestInfo: odex next to the dex file (/data/app/~~W9AUlakiDdU1ZrB090m5fg==/com.google.android.gms-OX3pY3p6S6k1U65aUNE_Ag==/oat/arm64/split_DynamiteModulesA_installtime.odex) is kOatUpToDate with filter 'speed' executable 'false'
12-16 11:17:32.553  6961 11194 I artd    : GetBestInfo: odex next to the dex file (/data/app/~~W9AUlakiDdU1ZrB090m5fg==/com.google.android.gms-OX3pY3p6S6k1U65aUNE_Ag==/oat/arm64/split_DynamiteModulesC_installtime.odex) is kOatUpToDate with filter 'speed' executable 'false'
12-16 11:17:32.554  6961  6964 I artd    : GetBestInfo: odex next to the dex file (/data/app/~~W9AUlakiDdU1ZrB090m5fg==/com.google.android.gms-OX3pY3p6S6k1U65aUNE_Ag==/oat/arm64/split_GoogleCertificates_installtime.odex) is kOatUpToDate with filter 'speed' executable 'false'
12-16 11:17:32.556  6961 11194 I artd    : GetBestInfo: odex next to the dex file (/data/app/~~W9AUlakiDdU1ZrB090m5fg==/com.google.android.gms-OX3pY3p6S6k1U65aUNE_Ag==/oat/arm64/split_MapsDynamite_installtime.odex) is kOatUpToDate with filter 'speed' executable 'false'
12-16 11:17:32.557  6961  6964 I artd    : GetBestInfo: odex next to the dex file (/data/app/~~W9AUlakiDdU1ZrB090m5fg==/com.google.android.gms-OX3pY3p6S6k1U65aUNE_Ag==/oat/arm64/split_MeasurementDynamite_installtime.odex) is kOatUpToDate with filter 'speed' executable 'false'
12-16 11:17:32.559  6961 11194 I artd    : GetBestInfo: /data/user_de/0/com.google.android.gms/app_chimera/m/00000012/dl-Appsearch.optional_254131100400.apk has no usable artifacts
12-16 11:17:32.559  6961  6964 I artd    : GetBestInfo: /data/user_de/0/com.google.android.gms/app_chimera/m/00000001/CronetDynamite.apk has no usable artifacts
12-16 11:17:32.560  6961  6964 I artd    : GetBestInfo: /data/user_de/0/com.google.android.gms/app_chimera/m/00000013/dl-MlkitBarcodeUi.optional_254131100400.apk has no usable artifacts
12-16 11:17:32.561  6961 11194 I artd    : GetBestInfo: /data/user_de/0/com.google.android.gms/app_chimera/m/00000002/DynamiteLoader.apk has no usable artifacts
12-16 11:17:32.562  6961  6961 I artd    : GetBestInfo: /data/user/0/com.google.android.gms/app_dg_cache/0A2EB415626664D90269011A1B536A8FCFC77BCD/the.apk has no usable artifacts
12-16 11:17:32.563  6961  6964 I artd    : GetBestInfo: /data/user/0/com.google.android.gms/app_dg_cache/ED48A77328F42A82BD9FA493E1DC9A627DAADB59/the.apk has no usable artifacts
12-16 11:17:32.563  6961  6961 I artd    : GetBestInfo: /data/user_de/0/com.google.android.gms/app_chimera/m/00000005/GoogleCertificates.apk has no usable artifacts
12-16 11:17:32.564  6961  6961 I artd    : GetBestInfo: /data/user/0/com.google.android.gms/app_dg_cache/F5338DE2BC19B72E4BF9F7CAC38ECD5ACE5D1DF2/the.apk has no usable artifacts
12-16 11:17:32.566  6961  6964 I artd    : GetBestInfo: /data/user_de/0/com.google.android.gms/app_chimera/m/00000017/dl-PlayCloudSearch.optional_254131100000.apk has no usable artifacts
12-16 11:17:32.568  6961  6961 I artd    : GetBestInfo: /data/user_de/0/com.google.android.gms/app_chimera/m/00000010/dl-PlayCloudSearch.optional_253434100000.apk has no usable artifacts
12-16 11:17:32.569  6961  6964 I artd    : GetBestInfo: /data/user/0/com.google.android.gms/app_dg_cache/0618B6AD03FA49D55150C91CD8CD9E46E971ECF1/the.apk has no usable artifacts
12-16 11:17:32.571  6961  6961 I artd    : GetBestInfo: vdex next to the dex file (/data/user/0/com.google.android.gms/app_dg_cache/5F85806448AFADCA40F2837A7EE740118568B3EC/oat/arm64/the.vdex) is kOatUpToDate with filter 'verify' executable 'false'
12-16 11:17:32.572  6961  6964 I artd    : GetBestInfo: /data/user_de/0/com.google.android.gms/app_chimera/m/0000000d/dl-Antifingerprinting.optional_253434100000.apk has no usable artifacts
12-16 11:17:32.573  6961  6961 I artd    : GetBestInfo: /data/user/0/com.google.android.gms/app_dg_cache/049A20A054B771E851974256D3271311889FCDDF/the.apk has no usable artifacts
12-16 11:17:32.575  6961  6964 I artd    : GetBestInfo: /data/user_de/0/com.google.android.gms/app_chimera/m/0000000a/dl-MlkitBarcodeUi.optional_253434100400.apk has no usable artifacts
12-16 11:17:32.576  6961  6961 I artd    : GetBestInfo: vdex next to the dex file (/data/user/0/com.google.android.gms/app_dg_cache/F2DA33623C7C8602EEBF9A226BC4329FB4FEF326/oat/arm64/the.vdex) is kOatUpToDate with filter 'verify' executable 'false'
12-16 11:17:32.577  6961  6964 I artd    : GetBestInfo: /data/user_de/0/com.google.android.gms/app_chimera/m/00000018/dl-MapsCoreDynamite.integ_253425402100400.apk has no usable artifacts
12-16 11:17:32.578  6961  6964 I artd    : GetBestInfo: vdex next to the dex file (/data/user/0/com.google.android.gms/app_dg_cache/981325FE712DE8A8AB83655EBBCFB0558EA27BAD/oat/arm64/the.vdex) is kOatUpToDate with filter 'verify' executable 'false'
12-16 11:17:32.579  6961  6961 I artd    : GetBestInfo: /data/user/0/com.google.android.gms/app_dg_cache/68ABBF10BD2349E9D7068D50DCB84A7E0CD70855/the.apk has no usable artifacts
12-16 11:17:32.581  6961  6964 I artd    : GetBestInfo: /data/user_de/0/com.google.android.gms/app_chimera/m/0000000e/dl-Appsearch.optional_253434100400.apk has no usable artifacts
12-16 11:17:32.582  6961  6961 I artd    : GetBestInfo: /data/user_de/0/com.google.android.gms/app_chimera/m/00000015/dl-MlkitOcrCommon.optional_254131100400.apk has no usable artifacts
12-16 11:17:32.583  6961  6964 I artd    : GetBestInfo: /data/user_de/0/com.google.android.gms/app_chimera/m/00000009/dl-TfliteDynamiteDynamite.integ_243930802100400.apk has no usable artifacts
12-16 11:17:32.585  6961  6961 I artd    : GetBestInfo: /data/user_de/0/com.google.android.gms/app_chimera/m/0000000b/dl-VisionOcr.optional_253434100000.apk has no usable artifacts
12-16 11:17:32.586  6961  6964 I artd    : GetBestInfo: /data/user/0/com.google.android.gms/app_dg_cache/89D9E2E43748CA05B189D46BEA8B2D6C5C01D255/the.apk has no usable artifacts
12-16 11:17:32.587  6961  6961 I artd    : GetBestInfo: /data/user_de/0/com.google.android.gms/app_chimera/m/0000000f/dl-AdsFdrDynamite.integ_253405700100000.apk has no usable artifacts
12-16 11:17:32.588  6961  6964 I artd    : GetBestInfo: /data/user_de/0/com.google.android.gms/app_chimera/m/00000022/dl-TfliteDynamiteDynamite.integ_252130102100400.apk has no usable artifacts
12-16 11:17:32.589  6961  6961 I artd    : GetBestInfo: /data/user_de/0/com.google.android.gms/app_chimera/m/0000000c/dl-MlkitOcrCommon.optional_253434100400.apk has no usable artifacts
12-16 11:17:32.590  6961  6964 I artd    : GetBestInfo: /data/user_de/0/com.google.android.gms/app_chimera/m/00000014/dl-Antifingerprinting.optional_254131100000.apk has no usable artifacts
12-16 11:17:32.591  6961  6961 I artd    : GetBestInfo: /data/user_de/0/com.google.android.gms/app_chimera/m/00000011/dl-VisionOcr.optional_254131100000.apk has no usable artifacts
12-16 11:17:32.591  6961  6964 W artd    : Could not get dex checksums for location /data/app/~~xWeNlK8Qwx4jAaZpmZ4bSQ==/com.android.vending-C1kIgKvUcVLKhtn4SSaEYw==/base.apk, fd=-1
12-16 11:17:33.061 14834 14859 I TRuntime.CctTransportBackend: Making request to: https://firebaselogging-pa.googleapis.com/v1/firelog/legacy/batchlog
12-16 11:17:33.072  6701  6903 I HalDevMgr: bestIfaceCreationProposal is null, requestIface=STA, existingIface=[name=wlan0 type=STA]
12-16 11:17:34.158  6701  7603 E TaskPersister: File error accessing recents directory (directory doesn't exist?).
12-16 11:17:34.533  6636 13802 D android.hardware.audio@7.1-impl.ranchu: threadLoop: entering standby, frames: 2082432
12-16 11:17:34.534  6636 13802 D android.hardware.audio@7.1-impl.ranchu: ~TinyalsaSink: joining consumeThread
12-16 11:17:34.548  6636 15024 D android.hardware.audio@7.1-impl.ranchu: consumeThread: exiting
12-16 11:17:34.549  6636 13802 D android.hardware.audio@7.1-impl.ranchu: ~TinyalsaSink: stopping PCM stream
12-16 11:17:35.205 14834 14859 I TRuntime.CctTransportBackend: Status Code: 200
12-16 11:17:36.078  6701  6903 I HalDevMgr: bestIfaceCreationProposal is null, requestIface=STA, existingIface=[name=wlan0 type=STA]
12-16 11:17:36.967 10799 10827 D SatelliteController: iisInCarrierRoamingNbIotNtn: satellite is disabled
12-16 11:17:36.971 10799 10827 D SatelliteController: getCarrierRoamingNtnConnectType: Falling back to global carrier config connect type: 0
12-16 11:17:37.342  6701  6799 E BluetoothPowerStatsCollector: Cannot acquire BluetoothActivityEnergyInfo
12-16 11:17:37.342  6701  6799 E BluetoothPowerStatsCollector: java.util.concurrent.ExecutionException: java.lang.RuntimeException: error: 11
12-16 11:17:37.342  6701  6799 E BluetoothPowerStatsCollector: 	at java.util.concurrent.CompletableFuture.reportGet(CompletableFuture.java:372)
12-16 11:17:37.342  6701  6799 E BluetoothPowerStatsCollector: 	at java.util.concurrent.CompletableFuture.get(CompletableFuture.java:2072)
12-16 11:17:37.342  6701  6799 E BluetoothPowerStatsCollector: 	at com.android.server.power.stats.BluetoothPowerStatsCollector.collectBluetoothActivityInfo(BluetoothPowerStatsCollector.java:191)
12-16 11:17:37.342  6701  6799 E BluetoothPowerStatsCollector: 	at com.android.server.power.stats.BluetoothPowerStatsCollector.collectStats(BluetoothPowerStatsCollector.java:155)
12-16 11:17:37.342  6701  6799 E BluetoothPowerStatsCollector: 	at com.android.server.power.stats.PowerStatsCollector.collectAndDeliverStats(PowerStatsCollector.java:196)
12-16 11:17:37.342  6701  6799 E BluetoothPowerStatsCollector: 	at com.android.server.power.stats.PowerStatsCollector.lambda$schedule$0(PowerStatsCollector.java:166)
12-16 11:17:37.342  6701  6799 E BluetoothPowerStatsCollector: 	at com.android.server.power.stats.PowerStatsCollector.$r8$lambda$G7G_yFY7rV7oxQbQHnZ5FHX8eBk(PowerStatsCollector.java:0)
12-16 11:17:37.342  6701  6799 E BluetoothPowerStatsCollector: 	at com.android.server.power.stats.PowerStatsCollector$$ExternalSyntheticLambda1.run(R8$$SyntheticClass:0)
12-16 11:17:37.342  6701  6799 E BluetoothPowerStatsCollector: 	at android.os.Handler.handleCallback(Handler.java:1070)
12-16 11:17:37.342  6701  6799 E BluetoothPowerStatsCollector: 	at android.os.Handler.dispatchMessage(Handler.java:125)
12-16 11:17:37.342  6701  6799 E BluetoothPowerStatsCollector: 	at android.os.Looper.dispatchMessage(Looper.java:333)
12-16 11:17:37.342  6701  6799 E BluetoothPowerStatsCollector: 	at android.os.Looper.loopOnce(Looper.java:263)
12-16 11:17:37.342  6701  6799 E BluetoothPowerStatsCollector: 	at android.os.Looper.loop(Looper.java:367)
12-16 11:17:37.342  6701  6799 E BluetoothPowerStatsCollector: 	at android.os.HandlerThread.run(HandlerThread.java:139)
12-16 11:17:37.342  6701  6799 E BluetoothPowerStatsCollector: Caused by: java.lang.RuntimeException: error: 11
12-16 11:17:37.342  6701  6799 E BluetoothPowerStatsCollector: 	at com.android.server.power.stats.BluetoothPowerStatsCollector$1.onBluetoothActivityEnergyInfoError(BluetoothPowerStatsCollector.java:180)
12-16 11:17:37.342  6701  6799 E BluetoothPowerStatsCollector: 	at android.bluetooth.BluetoothAdapter$OnBluetoothActivityEnergyInfoProxy.lambda$onBluetoothActivityEnergyInfoAvailable$0(BluetoothAdapter.java:1010)
12-16 11:17:37.342  6701  6799 E BluetoothPowerStatsCollector: 	at android.bluetooth.BluetoothAdapter$OnBluetoothActivityEnergyInfoProxy.$r8$lambda$ks_hN9Vo_x2Jp1k5f-s67WiAd4A(Unknown Source:0)
12-16 11:17:37.342  6701  6799 E BluetoothPowerStatsCollector: 	at android.bluetooth.BluetoothAdapter$OnBluetoothActivityEnergyInfoProxy$$ExternalSyntheticLambda0.run(D8$$SyntheticClass:0)
12-16 11:17:37.342  6701  6799 E BluetoothPowerStatsCollector: 	at android.bluetooth.BluetoothUtils.lambda$executeFromBinder$0(BluetoothUtils.java:346)
12-16 11:17:37.342  6701  6799 E BluetoothPowerStatsCollector: 	at android.bluetooth.BluetoothUtils$$ExternalSyntheticLambda1.run(D8$$SyntheticClass:0)
12-16 11:17:37.342  6701  6799 E BluetoothPowerStatsCollector: 	at com.android.server.SystemServerInitThreadPool$$ExternalSyntheticLambda0.execute(R8$$SyntheticClass:0)
12-16 11:17:37.342  6701  6799 E BluetoothPowerStatsCollector: 	at android.bluetooth.BluetoothUtils.executeFromBinder(BluetoothUtils.java:346)
12-16 11:17:37.342  6701  6799 E BluetoothPowerStatsCollector: 	at android.bluetooth.BluetoothAdapter$OnBluetoothActivityEnergyInfoProxy.onBluetoothActivityEnergyInfoAvailable(BluetoothAdapter.java:1008)
12-16 11:17:37.342  6701  6799 E BluetoothPowerStatsCollector: 	at android.bluetooth.IBluetoothActivityEnergyInfoListener$Stub.onTransact(IBluetoothActivityEnergyInfoListener.java:98)
12-16 11:17:37.342  6701  6799 E BluetoothPowerStatsCollector: 	at android.os.Binder.execTransactInternal(Binder.java:1478)
12-16 11:17:37.342  6701  6799 E BluetoothPowerStatsCollector: 	at android.os.Binder.execTransact(Binder.java:1418)
12-16 11:17:39.089  6701  6903 I HalDevMgr: bestIfaceCreationProposal is null, requestIface=STA, existingIface=[name=wlan0 type=STA]
12-16 11:17:39.854 12210 13501 I NearbyMediums: No BLE Fast/GATT advertisements found in the latest cycle.
12-16 11:17:39.854 12210 13501 I NearbyMediums: Current Tracked Scanning Clients are : {NearbyConnections.EnvironmentMonitor, NearbySharing, NearbyConnections.TxAdvertisement}
12-16 11:17:41.452  8052  8052 I VoiceInputManagerWrapper: VoiceInputManagerWrapper.shutdownVoiceInternal():148 shutdownVoiceInternal()
12-16 11:17:41.452  8052  8052 W NotificationCenter: NotificationCenter.unregisterListener():480 Listener hxc@737d6d5 was not registered for notification class ngb
12-16 11:17:41.838  6701  6856 D ActivityManager: freezing 7202 com.android.settings
12-16 11:17:42.096  6701  6903 I HalDevMgr: bestIfaceCreationProposal is null, requestIface=STA, existingIface=[name=wlan0 type=STA]
12-16 11:17:42.503 15034 15034 W libbinder.BackendUnifiedServiceManager: Thread Pool max thread count is 0. Cannot cache binder as linkToDeath cannot be implemented. serviceName: package
12-16 11:17:42.559  6961  6964 I artd    : GetBestInfo: odex next to the dex file (/data/app/~~W9AUlakiDdU1ZrB090m5fg==/com.google.android.gms-OX3pY3p6S6k1U65aUNE_Ag==/oat/arm64/base.odex) is kOatUpToDate with filter 'speed-profile' executable 'false'
12-16 11:17:42.564  6961  6961 I artd    : GetBestInfo: odex next to the dex file (/data/app/~~W9AUlakiDdU1ZrB090m5fg==/com.google.android.gms-OX3pY3p6S6k1U65aUNE_Ag==/oat/arm64/split_AdsDynamite_installtime.odex) is kOatUpToDate with filter 'speed' executable 'false'
12-16 11:17:42.568  6961  6964 I artd    : GetBestInfo: odex next to the dex file (/data/app/~~W9AUlakiDdU1ZrB090m5fg==/com.google.android.gms-OX3pY3p6S6k1U65aUNE_Ag==/oat/arm64/split_CronetDynamite_installtime.odex) is kOatUpToDate with filter 'speed-profile' executable 'false'
12-16 11:17:42.570  6961  6964 I artd    : GetBestInfo: odex next to the dex file (/data/app/~~W9AUlakiDdU1ZrB090m5fg==/com.google.android.gms-OX3pY3p6S6k1U65aUNE_Ag==/oat/arm64/split_DynamiteLoader_installtime.odex) is kOatUpToDate with filter 'speed' executable 'false'
12-16 11:17:42.587  6961  6964 I artd    : GetBestInfo: odex next to the dex file (/data/app/~~W9AUlakiDdU1ZrB090m5fg==/com.google.android.gms-OX3pY3p6S6k1U65aUNE_Ag==/oat/arm64/split_DynamiteModulesA_installtime.odex) is kOatUpToDate with filter 'speed' executable 'false'
12-16 11:17:42.595  6961  6964 I artd    : GetBestInfo: odex next to the dex file (/data/app/~~W9AUlakiDdU1ZrB090m5fg==/com.google.android.gms-OX3pY3p6S6k1U65aUNE_Ag==/oat/arm64/split_DynamiteModulesC_installtime.odex) is kOatUpToDate with filter 'speed' executable 'false'
12-16 11:17:42.598  6961  6964 I artd    : GetBestInfo: odex next to the dex file (/data/app/~~W9AUlakiDdU1ZrB090m5fg==/com.google.android.gms-OX3pY3p6S6k1U65aUNE_Ag==/oat/arm64/split_GoogleCertificates_installtime.odex) is kOatUpToDate with filter 'speed' executable 'false'
12-16 11:17:42.606  6961  6964 I artd    : GetBestInfo: odex next to the dex file (/data/app/~~W9AUlakiDdU1ZrB090m5fg==/com.google.android.gms-OX3pY3p6S6k1U65aUNE_Ag==/oat/arm64/split_MapsDynamite_installtime.odex) is kOatUpToDate with filter 'speed' executable 'false'
12-16 11:17:42.608  6961  6964 I artd    : GetBestInfo: odex next to the dex file (/data/app/~~W9AUlakiDdU1ZrB090m5fg==/com.google.android.gms-OX3pY3p6S6k1U65aUNE_Ag==/oat/arm64/split_MeasurementDynamite_installtime.odex) is kOatUpToDate with filter 'speed' executable 'false'
12-16 11:17:42.614  6961  6964 I artd    : GetBestInfo: /data/user_de/0/com.google.android.gms/app_chimera/m/00000012/dl-Appsearch.optional_254131100400.apk has no usable artifacts
12-16 11:17:42.615  6961  6961 I artd    : GetBestInfo: /data/user_de/0/com.google.android.gms/app_chimera/m/00000001/CronetDynamite.apk has no usable artifacts
12-16 11:17:42.616  6961  6961 I artd    : GetBestInfo: /data/user_de/0/com.google.android.gms/app_chimera/m/00000013/dl-MlkitBarcodeUi.optional_254131100400.apk has no usable artifacts
12-16 11:17:42.616  6961  6964 I artd    : GetBestInfo: /data/user_de/0/com.google.android.gms/app_chimera/m/00000002/DynamiteLoader.apk has no usable artifacts
12-16 11:17:42.621  6961  6964 I artd    : GetBestInfo: /data/user/0/com.google.android.gms/app_dg_cache/0A2EB415626664D90269011A1B536A8FCFC77BCD/the.apk has no usable artifacts
12-16 11:17:42.623  6961  6964 I artd    : GetBestInfo: /data/user/0/com.google.android.gms/app_dg_cache/ED48A77328F42A82BD9FA493E1DC9A627DAADB59/the.apk has no usable artifacts
12-16 11:17:42.624  6961  6964 I artd    : GetBestInfo: /data/user_de/0/com.google.android.gms/app_chimera/m/00000005/GoogleCertificates.apk has no usable artifacts
12-16 11:17:42.625  6961  6964 I artd    : GetBestInfo: /data/user/0/com.google.android.gms/app_dg_cache/F5338DE2BC19B72E4BF9F7CAC38ECD5ACE5D1DF2/the.apk has no usable artifacts
12-16 11:17:42.633  6961  6964 I artd    : GetBestInfo: /data/user_de/0/com.google.android.gms/app_chimera/m/00000017/dl-PlayCloudSearch.optional_254131100000.apk has no usable artifacts
12-16 11:17:42.643  6961  6964 I artd    : GetBestInfo: /data/user_de/0/com.google.android.gms/app_chimera/m/00000010/dl-PlayCloudSearch.optional_253434100000.apk has no usable artifacts
12-16 11:17:42.646  6961  6964 I artd    : GetBestInfo: /data/user/0/com.google.android.gms/app_dg_cache/0618B6AD03FA49D55150C91CD8CD9E46E971ECF1/the.apk has no usable artifacts
12-16 11:17:42.648  6961  6964 I artd    : GetBestInfo: vdex next to the dex file (/data/user/0/com.google.android.gms/app_dg_cache/5F85806448AFADCA40F2837A7EE740118568B3EC/oat/arm64/the.vdex) is kOatUpToDate with filter 'verify' executable 'false'
12-16 11:17:42.655  6961  6964 I artd    : GetBestInfo: /data/user_de/0/com.google.android.gms/app_chimera/m/0000000d/dl-Antifingerprinting.optional_253434100000.apk has no usable artifacts
12-16 11:17:42.658  6961  6964 I artd    : GetBestInfo: /data/user/0/com.google.android.gms/app_dg_cache/049A20A054B771E851974256D3271311889FCDDF/the.apk has no usable artifacts
12-16 11:17:42.659  6961  6964 I artd    : GetBestInfo: /data/user_de/0/com.google.android.gms/app_chimera/m/0000000a/dl-MlkitBarcodeUi.optional_253434100400.apk has no usable artifacts
12-16 11:17:42.661  6961  6964 I artd    : GetBestInfo: vdex next to the dex file (/data/user/0/com.google.android.gms/app_dg_cache/F2DA33623C7C8602EEBF9A226BC4329FB4FEF326/oat/arm64/the.vdex) is kOatUpToDate with filter 'verify' executable 'false'
12-16 11:17:42.669  6961  6964 I artd    : GetBestInfo: /data/user_de/0/com.google.android.gms/app_chimera/m/00000018/dl-MapsCoreDynamite.integ_253425402100400.apk has no usable artifacts
12-16 11:17:42.672  6961  6964 I artd    : GetBestInfo: vdex next to the dex file (/data/user/0/com.google.android.gms/app_dg_cache/981325FE712DE8A8AB83655EBBCFB0558EA27BAD/oat/arm64/the.vdex) is kOatUpToDate with filter 'verify' executable 'false'
12-16 11:17:42.682  6961  6964 I artd    : GetBestInfo: /data/user/0/com.google.android.gms/app_dg_cache/68ABBF10BD2349E9D7068D50DCB84A7E0CD70855/the.apk has no usable artifacts
12-16 11:17:42.683  6961  6964 I artd    : GetBestInfo: /data/user_de/0/com.google.android.gms/app_chimera/m/0000000e/dl-Appsearch.optional_253434100400.apk has no usable artifacts
12-16 11:17:42.684  6961  6964 I artd    : GetBestInfo: /data/user_de/0/com.google.android.gms/app_chimera/m/00000015/dl-MlkitOcrCommon.optional_254131100400.apk has no usable artifacts
12-16 11:17:42.688  6961  6964 I artd    : GetBestInfo: /data/user_de/0/com.google.android.gms/app_chimera/m/00000009/dl-TfliteDynamiteDynamite.integ_243930802100400.apk has no usable artifacts
12-16 11:17:42.697  6961  6964 I artd    : GetBestInfo: /data/user_de/0/com.google.android.gms/app_chimera/m/0000000b/dl-VisionOcr.optional_253434100000.apk has no usable artifacts
12-16 11:17:42.702  6961  6964 I artd    : GetBestInfo: /data/user/0/com.google.android.gms/app_dg_cache/89D9E2E43748CA05B189D46BEA8B2D6C5C01D255/the.apk has no usable artifacts
12-16 11:17:42.706  6961  6964 I artd    : GetBestInfo: /data/user_de/0/com.google.android.gms/app_chimera/m/0000000f/dl-AdsFdrDynamite.integ_253405700100000.apk has no usable artifacts
