12-16 11:17:03.969  8052 14953 I SuperDelight: SuperDelightManager.initializeBundledDelightSuperpacks():364 initializeBundledDelightSuperpacks()
12-16 11:17:03.969  8052  8052 I HardKeyTracker: HardKeyTracker.unregisterKeySequence():221 Unregister key sequence nef{labelResId=2132020464, callback=cgm@4e9eb0e, lastModifier=2, keyCodes=[56], actions=[0]}
12-16 11:17:03.969  8052  8052 I HardKeyTracker: HardKeyTracker.unregisterKeySequence():221 Unregister key sequence nef{labelResId=2132020464, callback=cgm@edba0c5, lastModifier=0, keyCodes=[317], actions=[0]}
12-16 11:17:03.969  8052  8052 I HardKeyTracker: HardKeyTracker.registerKeySequence():170 Register key sequence nef{labelResId=2132020464, callback=cgm@3449fb8, lastModifier=2, keyCodes=[56], actions=[0]}
12-16 11:17:03.970  8052  8052 I HardKeyTracker: HardKeyTracker.registerKeySequence():170 Register key sequence nef{labelResId=2132020464, callback=cgm@8ac34f7, lastModifier=0, keyCodes=[317], actions=[0]}
12-16 11:17:03.971  8052  8052 I VoiceInputManagerWrapper: VoiceInputManagerWrapper.cancelShutdown():109 cancelShutdown()
12-16 11:17:03.971  8052  8052 I VoiceInputManagerWrapper: VoiceInputManagerWrapper.syncLanguagePacks():121 syncLanguagePacks()
12-16 11:17:03.973  8052  8052 I VoiceInputManager: VoiceInputManager.onKeyboardActivated():1148 onKeyboardActivated() [UD]
12-16 11:17:03.974  8052 13982 I SpeechFactory: SpeechRecognitionFactory.maybeScheduleAutoPackDownloadForFallback():217 maybeScheduleAutoPackDownloadForFallback()
12-16 11:17:03.974  8052 13982 I FallbackOnDeviceRecognitionProvider: FallbackOnDeviceRecognitionProvider.maybeScheduleAutoPackDownload():199 maybeScheduleAutoPackDownload() for language tag en-US
12-16 11:17:03.975  8052  8052 I PkModeUpdater: PkModeUpdater.onActivate():74 onActivate true true
12-16 11:17:03.976  8052  8052 I AccessoryInputModeManager: AccessoryInputModeManager.onModeStarted():319 Accessory input mode started: STYLUS
12-16 11:17:03.977  8052  8052 W ExtensionWrapper: ExtensionWrapper.setAllowUpdateNavigationBarStyle():818 class jpp is not activate
12-16 11:17:03.977  8052  8052 I WidgetViewShowingController: WidgetViewShowingController.showWidgetKeyboardInternal():527 Show companion widget
12-16 11:17:03.978  8052  8536 I DelightKLPDownloader: DelightKLPDownloader.downloadKLPInternal():203 downloading KLP for en_840
12-16 11:17:03.978  8052 14745 I DelightKLPDownloader: DelightKLPDownloader.getBundledLmVersion():312 bundled KLP for en_840 version = 0
12-16 11:17:03.980  8052 14745 I ManifestedDataDownloader: ManifestedDataDownloader.download():67 downloading manifest https://www.gstatic.com/android/keyboard/dictionarypack/2025081123/metadata.json-perlang/en-840.json?v=2025102801
12-16 11:17:03.984  8052 14744 I DownloadManager: DownloadManager.downloadInternal():420 Download for __KLP_manifest_delight__en-840 scheduled with params mgu[allowMetered=true, requireCharging=false, foreground=false, immediately=true, priority=0]
12-16 11:17:03.988  8052 14744 I DownloadManager: DownloadManager.startDownload():504 start download of __KLP_manifest_delight__en-840
12-16 11:17:03.988  8052  8532 I Delight5Decoder: Delight5DecoderWrapper.loadLanguageModel():759 loadLanguageModel() : 1, version [2025080700]
12-16 11:17:03.988  8052  8052 W ExtensionWrapper: ExtensionWrapper.setAllowUpdateNavigationBarStyle():818 class jpp is not activate
12-16 11:17:03.989  8052  8052 I WidgetViewShowingPositionHandler: WidgetViewShowingPositionHandler.updateAvailableArea():194 update available area Rect(21, 84 - 1059, 2333)
12-16 11:17:03.994  8052  8052 I HardKeyTracker: HardKeyTracker.unregisterKeySequence():221 Unregister key sequence nef{labelResId=2132020469, callback=cgm@f7b9649, lastModifier=2, keyCodes=[32], actions=[0]}
12-16 11:17:03.995  8052  8052 I HardKeyTracker: HardKeyTracker.unregisterKeySequence():221 Unregister key sequence nef{labelResId=2132020469, callback=cgm@d68057c, lastModifier=0, keyCodes=[319], actions=[0]}
12-16 11:17:03.996  8052  8536 I MainLanguageModelLoader: MainLanguageModelLoader.updateLmAvailableState():361 updateLmAvailableState(): locale? en_US prevState? AVAILABLE
12-16 11:17:03.997  8052  8536 I MainLanguageModelLoader: MainLanguageModelLoader.updateLmAvailableState():397 updateLmAvailableState(): locale? en_US newState? AVAILABLE
12-16 11:17:03.998  8052  8536 I Delight5Facilitator: BlocklistLoader.call():40 Running blocklist loader
12-16 11:17:03.999  8052  8052 W NotificationCenter: NotificationCenter$NotificationQueue.notifyPendingNotificationsOnExecutor():877 Heavy notify work detected on UI thread: [jri->jpm] takes 21ms
12-16 11:17:04.000  8052  8052 I HardKeyTracker: HardKeyTracker.registerKeySequence():170 Register key sequence nef{labelResId=2132020472, callback=gdc@4ad7c0, lastModifier=2, keyCodes=[62], actions=[0]}
12-16 11:17:04.000  8052  8052 I KeyboardHeightUtil: KeyboardHeightUtil.calculateMaxKeyboardBodyHeight():50 leave 281 height for app when ime window height:2274, header height:116 and isFullscreenMode:false, so the max keyboard body height is:1877
12-16 11:17:04.001  8052  8530 I DownloadManager: DownloadManager$4.onFailure():585 download for __KLP_manifest_delight__en-840 is cancelled
12-16 11:17:04.002  8052  8530 I DownloadManager: DownloadManager.downloadInternal():418 Previous download for __KLP_manifest_delight__en-840 is cancelled
12-16 11:17:04.002  8052  8530 I DownloadManager: DownloadManager.downloadInternal():420 Download for __KLP_manifest_delight__en-840 scheduled with params mgu[allowMetered=true, requireCharging=false, foreground=false, immediately=true, priority=0]
12-16 11:17:04.002  8052  8530 I DownloadManager: DownloadManager.startDownload():504 start download of __KLP_manifest_delight__en-840
12-16 11:17:04.002  8052  8052 I KeyboardHeightUtil: KeyboardHeightUtil.calculateMaxKeyboardBodyHeight():50 leave 281 height for app when ime window height:2274, header height:116 and isFullscreenMode:false, so the max keyboard body height is:1877
12-16 11:17:04.003  8052  8052 W ExtensionWrapper: ExtensionWrapper.setExtensionViewVisibility():809 interface lzc is not activate
12-16 11:17:04.005  8052  8052 I Module  : DeviceLockedStatusModuleProvider$Module.updateDeviceLockedStatus():100 repeatCheckTimes = 1, locked = false
12-16 11:17:04.007  8052  8052 I HardKeyTracker: HardKeyTracker.unregisterKeySequence():221 Unregister key sequence nef{labelResId=2132020464, callback=cgm@3cce5a5, lastModifier=2, keyCodes=[56], actions=[0]}
12-16 11:17:04.007  8052  8052 I HardKeyTracker: HardKeyTracker.unregisterKeySequence():221 Unregister key sequence nef{labelResId=2132020464, callback=cgm@118b188, lastModifier=0, keyCodes=[317], actions=[0]}
12-16 11:17:04.007  8052  8052 I HardKeyTracker: HardKeyTracker.registerKeySequence():170 Register key sequence nef{labelResId=2132020464, callback=cgm@d206d16, lastModifier=2, keyCodes=[56], actions=[0]}
12-16 11:17:04.008  8052  8052 I HardKeyTracker: HardKeyTracker.registerKeySequence():170 Register key sequence nef{labelResId=2132020464, callback=cgm@2cb706d, lastModifier=0, keyCodes=[317], actions=[0]}
12-16 11:17:04.008  8052  8052 I VoiceImeExtension: VoiceImeExtension.shouldStartVoiceInputAutomaticallyInCurrentInputBox():376 No private IME option set to start voice input.
12-16 11:17:04.011  8052  8052 D ImeBackCallbackSender: Register OnBackInvokedCallback with priority=-1 at app window (packageName=com.example.oradosales)
12-16 11:17:04.013 14834 14834 D WindowOnBackDispatcher: setTopOnBackInvokedCallback (unwrapped): android.view.ImeBackAnimationController@d9ecce4
12-16 11:17:04.013  6701  6717 D CoreBackPreview: Window{2c7809 u0 com.example.oradosales/com.example.oradosales.MainActivity}: Setting back callback OnBackInvokedCallbackInfo{mCallback=android.window.IOnBackInvokedCallback$Stub$Proxy@9c580b, mPriority=0, mIsAnimationCallback=true, mOverrideBehavior=0}
12-16 11:17:04.016  8052  8530 I DownloadManager: DownloadManager$4.onSuccess():573 download for __KLP_manifest_delight__en-840 is finished with files # phg@ead0ce30
12-16 11:17:04.030  6701  6955 D BackgroundInstallControlService: Package event received: 0
12-16 11:17:04.058  8052  8052 I GoogleInputMethodService: GoogleInputMethodService$1.onKeyboardViewShown():324 onKeyboardViewShown: keyboardType=accessory, keyboardViewType=HEADER keyboardView=null
12-16 11:17:04.059  8052  8052 W Keyboard: Keyboard.getKeyboardViewHelper():600 null helper is returned: keyboardDef=mjl{processedConditions={}, globalConditions={}, className=com.google.android.libraries.inputmethod.keyboard.impl.Keyboard, resourceIds=[#0x7f17004d], initialStates=0, keyboardViewDefs=[], persistentStates=0, persistentStatesPrefKey=null, popupBubbleLayoutId=0, recentKeyLayoutId=0, recentKeyPopupLayoutId=0, recentKeyType=null, rememberRecentKey=NONE, sessionStates=0}, type=BODY, helpersCreated=[null, null, null, null], context.getResources().getConfiguration(): {1.0 310mcc260mnc [en_US] ldltr sw411dp w411dp h914dp 420dpi nrml long compactNeeded port finger qwerty/v/v dpad/v winConfig={ mBounds=Rect(0, 0 - 1080, 2400) mAppBounds=Rect(0, 0 - 1080, 2400) mMaxBounds=Rect(0, 0 - 1080, 2400) mDisplayRotation=ROTATION_0 mWindowingMode=fullscreen mActivityType=undefined mAlwaysOnTop=undefined mRotation=ROTATION_0} s.9 fontWeightAdjustment=0}
12-16 11:17:04.059  8052  8052 I GoogleInputMethodService: GoogleInputMethodService$1.onKeyboardViewShown():324 onKeyboardViewShown: keyboardType=accessory, keyboardViewType=BODY keyboardView=null
12-16 11:17:04.060  8052  8052 W Keyboard: Keyboard.getKeyboardViewHelper():600 null helper is returned: keyboardDef=mjl{processedConditions={}, globalConditions={}, className=com.google.android.libraries.inputmethod.keyboard.impl.Keyboard, resourceIds=[#0x7f17004d], initialStates=0, keyboardViewDefs=[], persistentStates=0, persistentStatesPrefKey=null, popupBubbleLayoutId=0, recentKeyLayoutId=0, recentKeyPopupLayoutId=0, recentKeyType=null, rememberRecentKey=NONE, sessionStates=0}, type=BODY, helpersCreated=[null, null, null, null], context.getResources().getConfiguration(): {1.0 310mcc260mnc [en_US] ldltr sw411dp w411dp h914dp 420dpi nrml long compactNeeded port finger qwerty/v/v dpad/v winConfig={ mBounds=Rect(0, 0 - 1080, 2400) mAppBounds=Rect(0, 0 - 1080, 2400) mMaxBounds=Rect(0, 0 - 1080, 2400) mDisplayRotation=ROTATION_0 mWindowingMode=fullscreen mActivityType=undefined mAlwaysOnTop=undefined mRotation=ROTATION_0} s.9 fontWeightAdjustment=0}
12-16 11:17:04.071  7008  7058 D Bubbles : BubbleController.BubblesImeListener.onImeVisibilityChanged visible=truerunnable=null stackView=null
12-16 11:17:04.076  8052  8536 I Delight5Facilitator: ContactsLanguageModelLoader.call():38 Running contacts language model loader
12-16 11:17:04.078  8052 14776 I ManifestedDataDownloader: ManifestedDataDownloader.checkVersionAndDownload():98 filegroup __KLP_delight__en-840 with version 2025080700 is already downloaded
12-16 11:17:04.096 14834 14834 W InteractionJankMonitor: Initializing without READ_DEVICE_CONFIG permission. enabled=false, interval=1, missedFrameThreshold=3, frameTimeThreshold=64, package=com.example.oradosales
12-16 11:17:04.119  8052 14954 I SuperDelight: SuperDelightManager$2.onSuccess():505 delight_overrides sync success, adding to data file manager
12-16 11:17:04.121  8052 14953 I SuperDelight: SuperDelightManager.syncOverridesLanguageModels():627 SuperDelightManager#syncOverridesLanguageModels(): Superpack delight_overrides not found or negative version provided
12-16 11:17:04.131  8052 14744 I ManifestedDataDownloader: ManifestedDataDownloader.checkVersionAndDownload():98 filegroup __KLP_delight__en-840 with version 2025080700 is already downloaded
12-16 11:17:04.132  8052  8052 W TooltipLifecycleManager: TooltipLifecycleManager.dismissTooltips():153 Tooltip with id spell_check_add_to_dictionary not found in tooltipManager.
12-16 11:17:04.134  8052  8536 I Delight5Facilitator: ContactsLanguageModelLoader.call():50 Contacts language model is unloaded: preferences=false, deviceLocked=false, blockPersonalData=false
12-16 11:17:04.135  8052  8536 I Delight5Facilitator: PersonalLanguageModelLoader.call():48 Running personal language model loader
12-16 11:17:04.145  8052 14744 I DelightKLPDownloader: DelightKLPDownloader$2.onSuccess():233 klp en_840 downloaded with version 2025080700
12-16 11:17:04.149  8052  8536 I Delight5Facilitator: UserHistoryLanguageModelLoader.call():86 Running user history language model loader
12-16 11:17:04.150  8052  8360 I SP      : Registering bundled_delight.2025072800, url: null, constraints: *:*:*:*, flags: *, requested: 2025072800, current: 2025072800
12-16 11:17:04.152  8052 14954 I SuperDelight: SuperDelightManager.syncBundledLanguageModels():703 SuperDelightManager#syncBundledLanguageModels(): Syncing for version 2025072800
12-16 11:17:04.152  8052 14954 I SuperDelight: SuperDelightManager$2.onSuccess():505 delight_overrides sync success, adding to data file manager
12-16 11:17:04.153  8052 14776 I DelightKLPDownloader: DelightKLPDownloader$2.onSuccess():233 klp en_840 downloaded with version 2025080700
12-16 11:17:04.168  8052 14953 I SuperDelight: SuperDelightManager.syncBundledLanguageModels():703 SuperDelightManager#syncBundledLanguageModels(): Syncing for version 2025072800
12-16 11:17:04.170  8052  8360 I SuperDelight: SuperDelightBundledSlicingStrategy.getSlices():41 BundledSlicing#getSlices() : Locale = [en_US]
12-16 11:17:04.172  8052  8360 I SuperDelight: SuperDelightBundledSlicingStrategy.getSlices():67 BundledSlicing#getSlices(): result {slices=[bundled_delight:main_en_us_2025051500_2], last batch=true, sync metadata=false}
12-16 11:17:04.181  8052  8536 I EmojiShortcutsLoader: EmojiShortcutsLoader.getEmojiShortcuts():135 Reading en_US emoji shortcuts
12-16 11:17:04.183  8052  8360 I SP      : Syncing bundled_delight (2025072800) with slices: [main_en_us_2025051500_2], metadata: false
12-16 11:17:04.208  6636 13802 D android.hardware.audio@7.1-impl.ranchu: threadLoop: entering standby, frames: 1720128
12-16 11:17:04.208  6636 13802 D android.hardware.audio@7.1-impl.ranchu: ~TinyalsaSink: joining consumeThread
12-16 11:17:04.231  6636 14939 D android.hardware.audio@7.1-impl.ranchu: consumeThread: exiting
12-16 11:17:04.232  6636 13802 D android.hardware.audio@7.1-impl.ranchu: ~TinyalsaSink: stopping PCM stream
12-16 11:17:04.235  8052  8532 I Delight5Decoder: Delight5DecoderWrapper.loadLanguageModel():785 Loaded main LM 1.en
12-16 11:17:04.277  8052  8532 I Delight5Decoder: Delight5DecoderWrapper.loadLanguageModel():759 loadLanguageModel() : 7, version [n/a]
12-16 11:17:04.277  8052  8532 I native  : I0000 00:00:1765864024.277881    8532 blocklist-assembly.cc:126] LoadBlocklist en
12-16 11:17:04.282  8052  8536 I EmojiShortcutsLoader: EmojiShortcutsLoader.getEmojiShortcuts():156 Read en_US emoji shortcuts successfully.
12-16 11:17:04.295  8052  8536 I EmojiShortcutsLoader: EmojiShortcutsLoader.call():71 1 emoji shortcut maps loaded.
12-16 11:17:04.304  8052  8098 I putmethod.latin: Waiting for a blocking GC ProfileSaver
12-16 11:17:04.305  8052  8536 I EmojiShortcutsLoader: EmojiShortcutsLoader.call():82 Finished loading emoji shortcuts
12-16 11:17:04.305  8052  8536 I Delight5Facilitator: EmailLanguageModelLoader.call():33 Running email language model loader
12-16 11:17:04.305  8052  8536 I Delight5Facilitator: KeyCorrectionTfliteModelLoader.call():32 Running Key Correction Tflite Model loader
12-16 11:17:04.310  8052  8532 I Delight5Decoder: Delight5DecoderWrapper.loadLanguageModel():804 Loaded dynamic LM 7.en
12-16 11:17:04.310  8052  8532 I Delight5Decoder: Delight5DecoderWrapper.loadLanguageModel():759 loadLanguageModel() : 4, version [n/a]
12-16 11:17:04.325  8052  8532 I Delight5Decoder: Delight5DecoderWrapper.loadLanguageModel():804 Loaded dynamic LM 4.en
12-16 11:17:04.325  8052  8532 I Delight5Decoder: Delight5DecoderWrapper.loadLanguageModel():759 loadLanguageModel() : 3, version [n/a]
12-16 11:17:04.327 14834 14834 I ImeTracker: com.example.oradosales:17811c57: onShown
12-16 11:17:04.335  8052  8532 I Delight5Decoder: Delight5DecoderWrapper.loadLanguageModel():804 Loaded dynamic LM 3.en
12-16 11:17:04.418  8052  8098 I putmethod.latin: WaitForGcToComplete blocked ProfileSaver on Background for 113.845ms
12-16 11:17:04.460  8052  8360 I SuperDelight: SuperDelightBundledSlicingStrategy.getSlices():41 BundledSlicing#getSlices() : Locale = [en_US]
12-16 11:17:04.462  8052  8360 I SuperDelight: SuperDelightBundledSlicingStrategy.getSlices():67 BundledSlicing#getSlices(): result {slices=[bundled_delight:main_en_us_2025051500_2], last batch=true, sync metadata=false}
12-16 11:17:04.463  8052  8360 I SP      : Syncing bundled_delight (2025072800) with slices: [main_en_us_2025051500_2], metadata: false
12-16 11:17:04.465  8052  8536 I CrankEngineLocales: CrankEngineLocales.getLocaleToUseForCrankEngine():66 Using locale en_US for emoji prediction
12-16 11:17:04.466  8052  8536 I CrankEngineLocales: CrankEngineLocales.getLocaleToUseForCrankEngine():66 Using locale en_US for emoji prediction
12-16 11:17:04.466  8052  8536 I CrankEngineLocales: CrankEngineLocales.getLocaleToUseForCrankEngine():66 Using locale en_US for emoji prediction
12-16 11:17:04.484  8052  8360 I SP      : GC for 'bundled_delight' (10) with ttl of 0 ms took 0 ms (0/0/0)
12-16 11:17:04.486  8052  8360 I LmManager: LmManager$1.onFailure():89 Bundled delight sync failed
12-16 11:17:04.486  8052  8360 I LmManager: java.util.concurrent.CancellationException: Task was cancelled.
12-16 11:17:04.486  8052  8360 I LmManager: 	at suj.i(PG:33)
12-16 11:17:04.486  8052  8360 I LmManager: 	at sur.s(PG:23)
12-16 11:17:04.486  8052  8360 I LmManager: 	at suj.get(PG:1)
12-16 11:17:04.486  8052  8360 I LmManager: 	at a.p(PG:2)
12-16 11:17:04.486  8052  8360 I LmManager: 	at sic.I(PG:10)
12-16 11:17:04.486  8052  8360 I LmManager: 	at swj.run(PG:87)
12-16 11:17:04.486  8052  8360 I LmManager: 	at svs.execute(PG:1)
12-16 11:17:04.486  8052  8360 I LmManager: 	at suj.g(PG:1)
12-16 11:17:04.486  8052  8360 I LmManager: 	at suj.l(PG:99)
12-16 11:17:04.486  8052  8360 I LmManager: 	at suj.r(PG:26)
12-16 11:17:04.486  8052  8360 I LmManager: 	at svo.c(PG:5)
12-16 11:17:04.486  8052  8360 I LmManager: 	at svq.e(PG:6)
12-16 11:17:04.486  8052  8360 I LmManager: 	at swv.run(PG:73)
12-16 11:17:04.486  8052  8360 I LmManager: 	at java.util.concurrent.Executors$RunnableAdapter.call(Executors.java:520)
12-16 11:17:04.486  8052  8360 I LmManager: 	at java.util.concurrent.FutureTask.run(FutureTask.java:317)
12-16 11:17:04.486  8052  8360 I LmManager: 	at kji.run(PG:8)
12-16 11:17:04.486  8052  8360 I LmManager: 	at java.util.concurrent.ThreadPoolExecutor.runWorker(ThreadPoolExecutor.java:1154)
12-16 11:17:04.486  8052  8360 I LmManager: 	at java.util.concurrent.ThreadPoolExecutor$Worker.run(ThreadPoolExecutor.java:652)
12-16 11:17:04.486  8052  8360 I LmManager: 	at java.lang.Thread.run(Thread.java:1563)
12-16 11:17:04.486  8052  8360 I LmManager: 	at kis.run(PG:8)
12-16 11:17:04.486  8052  8360 I AbstractSyncResultCallback: AbstractSyncResultCallback.onFailure():38 onFailure(): bundled_delight.sync cancelled; expected if new request supersedes pending one.
12-16 11:17:04.487  8052 14954 I SuperDelight: SuperDelightManager$2.onSuccess():505 bundled_delight sync success, adding to data file manager
12-16 11:17:04.487  8052 14954 I DataFileManager: DataFileManager.addDataWithoutNotify():181 data en-US already exists
12-16 11:17:04.488  8052  8536 I CrankEngineLocales: CrankEngineLocales.getLocaleToUseForCrankEngine():66 Using locale en_US for emoji prediction
12-16 11:17:04.494  8052  8536 I CrankEngineLocales: CrankEngineLocales.getLocaleToUseForCrankEngine():66 Using locale en_US for emoji prediction
12-16 11:17:04.508  8052  8536 I CrankEngineLocales: CrankEngineLocales.getLocaleToUseForCrankEngine():66 Using locale en_US for emoji prediction
12-16 11:17:04.511  8052  8532 I Delight5Decoder: Delight5DecoderWrapper.loadLanguageModel():759 loadLanguageModel() : 20, version [n/a]
12-16 11:17:04.513  8052  8532 I Delight5Decoder: Delight5DecoderWrapper.loadLanguageModel():804 Loaded dynamic LM 20.en
12-16 11:17:04.513  8052  8532 I Delight5Decoder: Delight5DecoderWrapper.loadLanguageModel():759 loadLanguageModel() : 29, version [n/a]
12-16 11:17:04.513  8052  8532 W Delight5Decoder: Delight5DecoderWrapper.getTimerTypeForLoadLanguageModule():904 Cannot find timer type for loading language model 29
12-16 11:17:04.514  8052  8360 I SP      : Sync for bundled_delight succeeded in 329 ms: no changes
12-16 11:17:04.515  8052  8360 I SP      : GC for 'bundled_delight' (10) with ttl of 0 ms took 0 ms (0/0/0)
12-16 11:17:04.515  8052  8532 I Delight5Decoder: Delight5DecoderWrapper.loadLanguageModel():804 Loaded dynamic LM 29.en
12-16 11:17:04.516  8052  8360 I LmManager: LmManager$1.onSuccess():84 Bundled delight sync success
12-16 11:17:04.517  8052 14954 I SuperDelight: SuperDelightManager$2.onSuccess():505 bundled_delight sync success, adding to data file manager
12-16 11:17:04.518  8052 14954 I DataFileManager: DataFileManager.addDataWithoutNotify():181 data en-US already exists
12-16 11:17:04.546  8052  8536 I CrankEngineLocales: CrankEngineLocales.getLocaleToUseForCrankEngine():66 Using locale en_US for emoji prediction
12-16 11:17:04.601  8052  8532 I Delight5Decoder: Delight5DecoderWrapper.setKeyboardLayout():537 setKeyboardLayout()
12-16 11:17:06.007  6701  6903 I HalDevMgr: bestIfaceCreationProposal is null, requestIface=STA, existingIface=[name=wlan0 type=STA]
12-16 11:17:06.539  8052  8052 I AccessoryInputModeManager: AccessoryInputModeManager.onModeStarted():319 Accessory input mode started: PK
12-16 11:17:06.543  8052  8052 I WidgetViewShowingPositionHandler: WidgetViewShowingPositionHandler.updateAvailableArea():194 update available area Rect(21, 84 - 1059, 2333)
12-16 11:17:06.544  8052  8052 I HardKeyTracker: HardKeyTracker.registerKeySequence():170 Register key sequence nef{labelResId=2132020469, callback=cgm@efe6837, lastModifier=2, keyCodes=[32], actions=[0]}
12-16 11:17:06.544  8052  8052 I HardKeyTracker: HardKeyTracker.registerKeySequence():170 Register key sequence nef{labelResId=2132020469, callback=cgm@8473ac2, lastModifier=0, keyCodes=[319], actions=[0]}
12-16 11:17:06.546  8052  8052 I Delight5Decoder: Delight5DecoderWrapper.setKeyboardLayout():537 setKeyboardLayout()
12-16 11:17:06.549  8052  8052 W TooltipLifecycleManager: TooltipLifecycleManager.dismissTooltips():153 Tooltip with id SUGGESTION_VIEW_EDU_MINI_DIALOG not found in tooltipManager.
12-16 11:17:06.961 10799 10827 D SatelliteController: iisInCarrierRoamingNbIotNtn: satellite is disabled
12-16 11:17:06.964 10799 10827 D SatelliteController: getCarrierRoamingNtnConnectType: Falling back to global carrier config connect type: 0
12-16 11:17:07.107  8052  8052 I KeyboardViewController: KeyboardViewController.onKeyboardViewDetached():1390 the keyboard view accessory WIDGET com.google.android.libraries.inputmethod.companionwidget.widget.WidgetSoftKeyboardView{e65b3b2 G.E...C.. ......ID 0,0-148,553} is detaching is not the one saved com.google.android.libraries.inputmethod.companionwidget.widget.WidgetSoftKeyboardView{bb9ef03 V.E...C.. ........ 0,0-148,146}
12-16 11:17:07.418  8052  8052 W TooltipLifecycleManager: TooltipLifecycleManager.dismissTooltips():153 Tooltip with id SUGGESTION_VIEW_EDU_MINI_DIALOG not found in tooltipManager.
12-16 11:17:07.454  8052  8059 W SP      : File ref is being finalized but wasn't closed, file: main_en_us_2025051500_2[6]
12-16 11:17:07.454  8052  8059 W SP      : File ref is being finalized but wasn't closed, file: main_en_us_2025051500_2[6]
12-16 11:17:07.455  8052  8059 W SP      : File ref is being finalized but wasn't closed, file: 2023012316_en[13]
12-16 11:17:07.455  8052  8059 W SP      : File ref is being finalized but wasn't closed, file: 2023012316_en[13]
12-16 11:17:07.455  8052  8059 W SP      : File ref is being finalized but wasn't closed, file: 2023012316_en[13]
12-16 11:17:07.455  8052  8059 W SP      : File ref is being finalized but wasn't closed, file: 2023012316_en[13]
12-16 11:17:07.455  8052  8059 W SP      : File ref is being finalized but wasn't closed, file: 2023012316_en[13]
12-16 11:17:07.455  8052  8059 W SP      : File ref is being finalized but wasn't closed, file: 2023012316_en[13]
12-16 11:17:07.455  8052  8059 W SP      : File ref is being finalized but wasn't closed, file: main_en_us_2025051500_2[6]
12-16 11:17:07.455  8052  8059 W SP      : File ref is being finalized but wasn't closed, file: main_en_us_2025051500_2[6]
12-16 11:17:07.455  8052  8059 W SP      : File ref is being finalized but wasn't closed, file: tflite-nwp-756c50035b995cfb0f7e8feb7d1b10ee[5]
12-16 11:17:07.455  8052  8059 W SP      : File ref is being finalized but wasn't closed, file: tflite-nwp-756c50035b995cfb0f7e8feb7d1b10ee[5]
12-16 11:17:08.105  6701  6856 D ActivityManager: freezing 8537 com.android.vending
12-16 11:17:08.109  6701  6909 D InetDiagMessage: Destroyed 0 sockets, proto=IPPROTO_TCP, family=AF_INET, states=14
12-16 11:17:08.113  6701  6909 D InetDiagMessage: Destroyed 2 sockets, proto=IPPROTO_TCP, family=AF_INET6, states=14
12-16 11:17:08.115  6701  6909 D InetDiagMessage: Destroyed live tcp sockets for uids={10145} in 6ms
12-16 11:17:08.508 12210 14916 I AlarmManager: setExactAndAllowWhileIdle [name: GCM_HB_ALARM type: 2 triggerAtMillis: 7960990]
12-16 11:17:08.509 12210 14916 I AlarmManager: setExactAndAllowWhileIdle [name: GCM_HB_ALARM type: 2 triggerAtMillis: 7960991]
12-16 11:17:09.014  6701  6903 I HalDevMgr: bestIfaceCreationProposal is null, requestIface=STA, existingIface=[name=wlan0 type=STA]
12-16 11:17:09.694  8052  8052 W TooltipLifecycleManager: TooltipLifecycleManager.dismissTooltips():153 Tooltip with id SUGGESTION_VIEW_EDU_MINI_DIALOG not found in tooltipManager.
12-16 11:17:09.845 12210 13501 I NearbyMediums: No BLE Fast/GATT advertisements found in the latest cycle.
12-16 11:17:09.845 12210 13501 I NearbyMediums: Current Tracked Scanning Clients are : {NearbyConnections.EnvironmentMonitor, NearbySharing, NearbyConnections.TxAdvertisement}
12-16 11:17:09.943  8052  8052 W TooltipLifecycleManager: TooltipLifecycleManager.dismissTooltips():153 Tooltip with id SUGGESTION_VIEW_EDU_MINI_DIALOG not found in tooltipManager.
12-16 11:17:10.211  8052  8052 W TooltipLifecycleManager: TooltipLifecycleManager.dismissTooltips():153 Tooltip with id SUGGESTION_VIEW_EDU_MINI_DIALOG not found in tooltipManager.
12-16 11:17:11.735  6701  6856 D ActivityManager: freezing 7635 com.google.android.permissioncontroller
12-16 11:17:11.748  6701  6909 D InetDiagMessage: Destroyed 0 sockets, proto=IPPROTO_TCP, family=AF_INET, states=14
12-16 11:17:11.753  6701  6909 D InetDiagMessage: Destroyed 0 sockets, proto=IPPROTO_TCP, family=AF_INET6, states=14
12-16 11:17:11.754  6701  6909 D InetDiagMessage: Destroyed live tcp sockets for uids={10214} in 7ms
12-16 11:17:11.838  8052  8052 I StylusModule: StylusModule.onUpdateToolType():805 Update tool type = 0
12-16 11:17:11.842  8052  8052 W TooltipLifecycleManager: TooltipLifecycleManager.dismissTooltips():153 Tooltip with id SUGGESTION_VIEW_EDU_MINI_DIALOG not found in tooltipManager.
12-16 11:17:12.006 12210 12210 I TrustedTime: TrustedTimeMaintenanceTaskService destroyed [CONTEXT service_id=326 ]
12-16 11:17:12.032  6701  6903 I HalDevMgr: bestIfaceCreationProposal is null, requestIface=STA, existingIface=[name=wlan0 type=STA]
12-16 11:17:12.505 14965 14965 W libbinder.BackendUnifiedServiceManager: Thread Pool max thread count is 0. Cannot cache binder as linkToDeath cannot be implemented. serviceName: package
12-16 11:17:12.560  6961  6961 I artd    : GetBestInfo: odex next to the dex file (/data/app/~~W9AUlakiDdU1ZrB090m5fg==/com.google.android.gms-OX3pY3p6S6k1U65aUNE_Ag==/oat/arm64/base.odex) is kOatUpToDate with filter 'speed-profile' executable 'false'
12-16 11:17:12.562  6961  6964 I artd    : GetBestInfo: odex next to the dex file (/data/app/~~W9AUlakiDdU1ZrB090m5fg==/com.google.android.gms-OX3pY3p6S6k1U65aUNE_Ag==/oat/arm64/split_AdsDynamite_installtime.odex) is kOatUpToDate with filter 'speed' executable 'false'
12-16 11:17:12.563  6961  6961 I artd    : GetBestInfo: odex next to the dex file (/data/app/~~W9AUlakiDdU1ZrB090m5fg==/com.google.android.gms-OX3pY3p6S6k1U65aUNE_Ag==/oat/arm64/split_CronetDynamite_installtime.odex) is kOatUpToDate with filter 'speed-profile' executable 'false'
12-16 11:17:12.565  6961  6964 I artd    : GetBestInfo: odex next to the dex file (/data/app/~~W9AUlakiDdU1ZrB090m5fg==/com.google.android.gms-OX3pY3p6S6k1U65aUNE_Ag==/oat/arm64/split_DynamiteLoader_installtime.odex) is kOatUpToDate with filter 'speed' executable 'false'
12-16 11:17:12.567  6961  6961 I artd    : GetBestInfo: odex next to the dex file (/data/app/~~W9AUlakiDdU1ZrB090m5fg==/com.google.android.gms-OX3pY3p6S6k1U65aUNE_Ag==/oat/arm64/split_DynamiteModulesA_installtime.odex) is kOatUpToDate with filter 'speed' executable 'false'
12-16 11:17:12.568  6961  6964 I artd    : GetBestInfo: odex next to the dex file (/data/app/~~W9AUlakiDdU1ZrB090m5fg==/com.google.android.gms-OX3pY3p6S6k1U65aUNE_Ag==/oat/arm64/split_DynamiteModulesC_installtime.odex) is kOatUpToDate with filter 'speed' executable 'false'
12-16 11:17:12.570  6961  6961 I artd    : GetBestInfo: odex next to the dex file (/data/app/~~W9AUlakiDdU1ZrB090m5fg==/com.google.android.gms-OX3pY3p6S6k1U65aUNE_Ag==/oat/arm64/split_GoogleCertificates_installtime.odex) is kOatUpToDate with filter 'speed' executable 'false'
12-16 11:17:12.572  6961  6964 I artd    : GetBestInfo: odex next to the dex file (/data/app/~~W9AUlakiDdU1ZrB090m5fg==/com.google.android.gms-OX3pY3p6S6k1U65aUNE_Ag==/oat/arm64/split_MapsDynamite_installtime.odex) is kOatUpToDate with filter 'speed' executable 'false'
12-16 11:17:12.573  6961  6961 I artd    : GetBestInfo: odex next to the dex file (/data/app/~~W9AUlakiDdU1ZrB090m5fg==/com.google.android.gms-OX3pY3p6S6k1U65aUNE_Ag==/oat/arm64/split_MeasurementDynamite_installtime.odex) is kOatUpToDate with filter 'speed' executable 'false'
12-16 11:17:12.575  6961  6964 I artd    : GetBestInfo: /data/user_de/0/com.google.android.gms/app_chimera/m/00000012/dl-Appsearch.optional_254131100400.apk has no usable artifacts
12-16 11:17:12.576  6961  6961 I artd    : GetBestInfo: /data/user_de/0/com.google.android.gms/app_chimera/m/00000001/CronetDynamite.apk has no usable artifacts
12-16 11:17:12.577  6961 11194 I artd    : GetBestInfo: /data/user_de/0/com.google.android.gms/app_chimera/m/00000013/dl-MlkitBarcodeUi.optional_254131100400.apk has no usable artifacts
12-16 11:17:12.578  6961  6964 I artd    : GetBestInfo: /data/user_de/0/com.google.android.gms/app_chimera/m/00000002/DynamiteLoader.apk has no usable artifacts
12-16 11:17:12.579  6961  6964 I artd    : GetBestInfo: /data/user/0/com.google.android.gms/app_dg_cache/0A2EB415626664D90269011A1B536A8FCFC77BCD/the.apk has no usable artifacts
12-16 11:17:12.580  6961 11194 I artd    : GetBestInfo: /data/user/0/com.google.android.gms/app_dg_cache/ED48A77328F42A82BD9FA493E1DC9A627DAADB59/the.apk has no usable artifacts
12-16 11:17:12.580  6961  6964 I artd    : GetBestInfo: /data/user_de/0/com.google.android.gms/app_chimera/m/00000005/GoogleCertificates.apk has no usable artifacts
12-16 11:17:12.581  6961  6964 I artd    : GetBestInfo: /data/user/0/com.google.android.gms/app_dg_cache/F5338DE2BC19B72E4BF9F7CAC38ECD5ACE5D1DF2/the.apk has no usable artifacts
12-16 11:17:12.582  6961 11194 I artd    : GetBestInfo: /data/user_de/0/com.google.android.gms/app_chimera/m/00000017/dl-PlayCloudSearch.optional_254131100000.apk has no usable artifacts
12-16 11:17:12.584  6961  6964 I artd    : GetBestInfo: /data/user_de/0/com.google.android.gms/app_chimera/m/00000010/dl-PlayCloudSearch.optional_253434100000.apk has no usable artifacts
12-16 11:17:12.585  6961 11194 I artd    : GetBestInfo: /data/user/0/com.google.android.gms/app_dg_cache/0618B6AD03FA49D55150C91CD8CD9E46E971ECF1/the.apk has no usable artifacts
12-16 11:17:12.587  6961  6964 I artd    : GetBestInfo: vdex next to the dex file (/data/user/0/com.google.android.gms/app_dg_cache/5F85806448AFADCA40F2837A7EE740118568B3EC/oat/arm64/the.vdex) is kOatUpToDate with filter 'verify' executable 'false'
12-16 11:17:12.588  6961 11194 I artd    : GetBestInfo: /data/user_de/0/com.google.android.gms/app_chimera/m/0000000d/dl-Antifingerprinting.optional_253434100000.apk has no usable artifacts
12-16 11:17:12.589  6961  6964 I artd    : GetBestInfo: /data/user/0/com.google.android.gms/app_dg_cache/049A20A054B771E851974256D3271311889FCDDF/the.apk has no usable artifacts
12-16 11:17:12.591  6961 11194 I artd    : GetBestInfo: /data/user_de/0/com.google.android.gms/app_chimera/m/0000000a/dl-MlkitBarcodeUi.optional_253434100400.apk has no usable artifacts
12-16 11:17:12.592  6961  6964 I artd    : GetBestInfo: vdex next to the dex file (/data/user/0/com.google.android.gms/app_dg_cache/F2DA33623C7C8602EEBF9A226BC4329FB4FEF326/oat/arm64/the.vdex) is kOatUpToDate with filter 'verify' executable 'false'
12-16 11:17:12.592  6961 11194 I artd    : GetBestInfo: /data/user_de/0/com.google.android.gms/app_chimera/m/00000018/dl-MapsCoreDynamite.integ_253425402100400.apk has no usable artifacts
12-16 11:17:12.594  6961 11194 I artd    : GetBestInfo: vdex next to the dex file (/data/user/0/com.google.android.gms/app_dg_cache/981325FE712DE8A8AB83655EBBCFB0558EA27BAD/oat/arm64/the.vdex) is kOatUpToDate with filter 'verify' executable 'false'
12-16 11:17:12.595  6961  6964 I artd    : GetBestInfo: /data/user/0/com.google.android.gms/app_dg_cache/68ABBF10BD2349E9D7068D50DCB84A7E0CD70855/the.apk has no usable artifacts
12-16 11:17:12.597  6961 11194 I artd    : GetBestInfo: /data/user_de/0/com.google.android.gms/app_chimera/m/0000000e/dl-Appsearch.optional_253434100400.apk has no usable artifacts
12-16 11:17:12.598  6961  6964 I artd    : GetBestInfo: /data/user_de/0/com.google.android.gms/app_chimera/m/00000015/dl-MlkitOcrCommon.optional_254131100400.apk has no usable artifacts
12-16 11:17:12.599  6961 11194 I artd    : GetBestInfo: /data/user_de/0/com.google.android.gms/app_chimera/m/00000009/dl-TfliteDynamiteDynamite.integ_243930802100400.apk has no usable artifacts
12-16 11:17:12.600  6961  6964 I artd    : GetBestInfo: /data/user_de/0/com.google.android.gms/app_chimera/m/0000000b/dl-VisionOcr.optional_253434100000.apk has no usable artifacts
12-16 11:17:12.602  6961 11194 I artd    : GetBestInfo: /data/user/0/com.google.android.gms/app_dg_cache/89D9E2E43748CA05B189D46BEA8B2D6C5C01D255/the.apk has no usable artifacts
12-16 11:17:12.602  6961  6964 I artd    : GetBestInfo: /data/user_de/0/com.google.android.gms/app_chimera/m/0000000f/dl-AdsFdrDynamite.integ_253405700100000.apk has no usable artifacts
12-16 11:17:12.603  6961 11194 I artd    : GetBestInfo: /data/user_de/0/com.google.android.gms/app_chimera/m/00000022/dl-TfliteDynamiteDynamite.integ_252130102100400.apk has no usable artifacts
12-16 11:17:12.605  6961  6964 I artd    : GetBestInfo: /data/user_de/0/com.google.android.gms/app_chimera/m/0000000c/dl-MlkitOcrCommon.optional_253434100400.apk has no usable artifacts
12-16 11:17:12.606  6961 11194 I artd    : GetBestInfo: /data/user_de/0/com.google.android.gms/app_chimera/m/00000014/dl-Antifingerprinting.optional_254131100000.apk has no usable artifacts
12-16 11:17:12.607  6961  6964 I artd    : GetBestInfo: /data/user_de/0/com.google.android.gms/app_chimera/m/00000011/dl-VisionOcr.optional_254131100000.apk has no usable artifacts
12-16 11:17:12.608  6961 11194 W artd    : Could not get dex checksums for location /data/app/~~xWeNlK8Qwx4jAaZpmZ4bSQ==/com.android.vending-C1kIgKvUcVLKhtn4SSaEYw==/base.apk, fd=-1
12-16 11:17:12.794  6701  6856 D ActivityManager: freezing 9084 com.google.android.gms.unstable
12-16 11:17:12.851  8052  8052 W TooltipLifecycleManager: TooltipLifecycleManager.dismissTooltips():153 Tooltip with id SUGGESTION_VIEW_EDU_MINI_DIALOG not found in tooltipManager.
12-16 11:17:13.358  8052  8052 W TooltipLifecycleManager: TooltipLifecycleManager.dismissTooltips():153 Tooltip with id SUGGESTION_VIEW_EDU_MINI_DIALOG not found in tooltipManager.
12-16 11:17:13.475  8052  8052 W TooltipLifecycleManager: TooltipLifecycleManager.dismissTooltips():153 Tooltip with id SUGGESTION_VIEW_EDU_MINI_DIALOG not found in tooltipManager.
12-16 11:17:13.628  8052  8052 W TooltipLifecycleManager: TooltipLifecycleManager.dismissTooltips():153 Tooltip with id SUGGESTION_VIEW_EDU_MINI_DIALOG not found in tooltipManager.
12-16 11:17:13.850  8052  8052 W TooltipLifecycleManager: TooltipLifecycleManager.dismissTooltips():153 Tooltip with id SUGGESTION_VIEW_EDU_MINI_DIALOG not found in tooltipManager.
12-16 11:17:15.038  6701  6903 I HalDevMgr: bestIfaceCreationProposal is null, requestIface=STA, existingIface=[name=wlan0 type=STA]
12-16 11:17:15.059  8052  8052 W TooltipLifecycleManager: TooltipLifecycleManager.dismissTooltips():153 Tooltip with id SUGGESTION_VIEW_EDU_MINI_DIALOG not found in tooltipManager.
12-16 11:17:15.264  6701  6801 D AppOpHistoryHelper: MetricHandler reporting 14 records.
12-16 11:17:15.322  8052  8052 W TooltipLifecycleManager: TooltipLifecycleManager.dismissTooltips():153 Tooltip with id SUGGESTION_VIEW_EDU_MINI_DIALOG not found in tooltipManager.
12-16 11:17:15.572  8052  8052 W TooltipLifecycleManager: TooltipLifecycleManager.dismissTooltips():153 Tooltip with id SUGGESTION_VIEW_EDU_MINI_DIALOG not found in tooltipManager.
12-16 11:17:15.598  8052  8056 I putmethod.latin: JIT allocated 59KB for compiled code of boolean fwf.b(mlp, java.lang.Object[])
12-16 11:17:15.598  8052  8056 I putmethod.latin: Compiler allocated 4237KB to compile boolean fwf.b(mlp, java.lang.Object[])
12-16 11:17:16.149  8052  8052 W TooltipLifecycleManager: TooltipLifecycleManager.dismissTooltips():153 Tooltip with id SUGGESTION_VIEW_EDU_MINI_DIALOG not found in tooltipManager.
12-16 11:17:16.967 10799 10827 D SatelliteController: iisInCarrierRoamingNbIotNtn: satellite is disabled
12-16 11:17:16.967 10799 10827 D SatelliteController: getCarrierRoamingNtnConnectType: Falling back to global carrier config connect type: 0
12-16 11:17:18.048  6701  6903 I HalDevMgr: bestIfaceCreationProposal is null, requestIface=STA, existingIface=[name=wlan0 type=STA]
12-16 11:17:18.119 14834 14834 I ImeTracker: com.example.oradosales:96f7a773: onRequestShow at ORIGIN_CLIENT reason SHOW_SOFT_INPUT fromUser false
12-16 11:17:18.120 14834 14834 D InsetsController: show(ime())
12-16 11:17:18.120 14834 14834 I ImeTracker: com.example.oradosales:96f7a773: onCancelled at PHASE_CLIENT_APPLY_ANIMATION
12-16 11:17:18.126  8052  8052 I GoogleInputMethodService: GoogleInputMethodService.onStartInput():1318 onStartInput(EditorInfo{EditorInfo{packageName=com.example.oradosales, inputType=800e1, inputTypeString=WebPassword[NoSuggestion], enableLearning=false, autoCorrection=false, autoComplete=true, imeOptions=2000005, privateImeOptions=null, actionName=NEXT, actionLabel=null, initialSelStart=0, initialSelEnd=0, initialCapsMode=0, label=null, fieldId=1, fieldName=null, extras=Bundle[mParcelledData.dataSize=168], hintText=null, hintLocales=[]}}, true)
12-16 11:17:18.126  8052  8052 W SessionManager: SessionManager.beginSession():53 Try to begin an already begun session [INPUT_SESSION], end it first
12-16 11:17:18.127  8052  8052 W SessionManager: SessionManager.endSession():96 Child session [INPUT_VIEW_SESSION] is not ended while ending session [{INPUT_SESSION=1765864023698, INPUT_VIEW_SESSION=1765864023745, IME_SESSION=1765864023758, TRAINING_CACHE_SESSION=1765864023767}], ending it now.
12-16 11:17:18.127  8052  8052 W SessionManager: SessionManager.endSession():96 Child session [IME_SESSION] is not ended while ending session [{INPUT_SESSION=1765864023698, INPUT_VIEW_SESSION=1765864023745, IME_SESSION=1765864023758, TRAINING_CACHE_SESSION=1765864023767}], ending it now.
12-16 11:17:18.130  8052  8052 I Module  : DeviceLockedStatusModuleProvider$Module.updateDeviceLockedStatus():100 repeatCheckTimes = 1, locked = false
12-16 11:17:18.130  8052  8052 I HardKeyTracker: HardKeyTracker.unregisterKeySequence():221 Unregister key sequence nef{labelResId=0, callback=gdc@86eefc1, lastModifier=0, keyCodes=[57, 57], actions=[1, 0]}
12-16 11:17:18.131  8052  8052 I HardKeyTracker: HardKeyTracker.unregisterKeySequence():221 Unregister key sequence nef{labelResId=0, callback=gdc@6c26754, lastModifier=0, keyCodes=[58, 58], actions=[1, 0]}
12-16 11:17:18.132  6701  6717 W PackageConfigPersister: App-specific configuration not found for packageName: com.example.oradosales and userId: 0
12-16 11:17:18.133  8052  8052 I GoogleInputMethodService: GoogleInputMethodService.onStartInputView():1411 onStartInputView(EditorInfo{EditorInfo{packageName=com.example.oradosales, inputType=800e1, inputTypeString=WebPassword[NoSuggestion], enableLearning=false, autoCorrection=false, autoComplete=true, imeOptions=2000005, privateImeOptions=null, actionName=NEXT, actionLabel=null, initialSelStart=0, initialSelEnd=0, initialCapsMode=0, label=null, fieldId=1, fieldName=null, extras=Bundle[{androidx.core.view.inputmethod.EditorInfoCompat.STYLUS_HANDWRITING_ENABLED=true}], hintText=null, hintLocales=[]}}, true)
12-16 11:17:18.133  6701  6856 D ActivityManager: freezing 7202 com.android.settings
12-16 11:17:18.134  8052  8052 I InputBundle: InputBundle.consumeEvent():1011 Skip consuming an event as keyboard status is INACTIVE
12-16 11:17:18.136  6701  6856 D ActivityManager: freezing 14229 com.android.keychain
12-16 11:17:18.137  8052  8052 E native  : E0000 00:00:1765864038.137205    8052 key-correction-manager.cc:349] User feature cache is not ready for key correction!
12-16 11:17:18.137  6701  6856 D ActivityManager: freezing 8578 com.android.dynsystem:dynsystem
12-16 11:17:18.138  8052  8052 I AndroidIME: AbstractIme.onDeactivate():216 LatinIme.onDeactivate()
12-16 11:17:18.138  6701  6856 D ActivityManager: freezing 8520 com.android.dynsystem
12-16 11:17:18.141  8052  8052 W SessionManager: SessionManager.endSession():88 Try to end a not begun session [IME_SESSION].
12-16 11:17:18.142  8052  8052 I KeyboardHeightUtil: KeyboardHeightUtil.getOemKeyboardHeightRatio():108 systemKeyboardHeightRatio:1.000000.
12-16 11:17:18.143  8052  8486 W ModuleManager: ModuleManager.loadModule():573 Module nzs is not available
12-16 11:17:18.150  8052  8052 I AndroidIME: InputBundleManager.loadActiveInputBundleId():528 loadActiveInputBundleId: und-Latn-x-password, password
12-16 11:17:18.150  8052  8052 I AndroidIME: AbstractIme.onActivate():96 PasswordIme.onActivate() : EditorInfo = EditorInfo{packageName=com.example.oradosales, inputType=800e1, inputTypeString=WebPassword[NoSuggestion], enableLearning=false, autoCorrection=false, autoComplete=true, imeOptions=2000005, privateImeOptions=null, actionName=NEXT, actionLabel=null, initialSelStart=0, initialSelEnd=0, initialCapsMode=0, label=null, fieldId=1, fieldName=null, extras=Bundle[{androidx.core.view.inputmethod.EditorInfoCompat.STYLUS_HANDWRITING_ENABLED=true}], hintText=null, hintLocales=[]}, IncognitoMode = false, DeviceLocked = false
12-16 11:17:18.153  8052  8052 I KeyboardWrapper: KeyboardWrapper.activateKeyboard():581 activateKeyboard(): type=accessory, status=INACTIVE, imeDef=mir{stringId=password, language=und-Latn-x-password, languageTag=und-Latn-x-password, processedConditions={writing_helper_enable_by_word_revert=false, enable_access_points_in_password_number=true, variant=qwerty, true=true, language=en-US, enable_number_row=true, device=phone, enable_number_row_in_password=true, enable_pk_simulator=false}, className=com.google.android.libraries.inputmethod.ime.password.PasswordIme, label=2132019269, keyEventInterpreter=null, inlineComposing=true, autoCapital=true, announceAutoSelectedCandidate=true, statusIcon=0, indicatorIcon=0, indicatorLabel=null, displayAppCompletions=false, extraValues=mik{}, processors=mkj@fb47d39, unacceptableMetaKeys=4098, languageSpecificSettings=0, asciiCapable=false, alwaysShowSuggestions=false, useAsciiPasswordKeyboard=false, keyboardGroupDef=mjs@116df7e, phenotypeFlagId=0, localizationLanguageTag=null, supportsInlineSuggestion=false}
12-16 11:17:18.154  8052  8052 I KeyboardManager: KeyboardManager.requestKeyboard():248 Creating keyboard accessory, imeId=password, cacheKey=theme,!gsf,!pgsans,!pgsf,!use_system_font,BORDER,FLAVOR_DPI=XXHDPI,GOOGLE_ICONS,IS_LIGHT,KEYBOARD_WIDTH_CATEGORY=NORMAL,KEY_BORDER_SHAPE=1,LIGHT_THEME=true,PHYSICAL_DIAGONAL=6.1297245,POPUP,SCREEN_SHORTEST_WIDTH=411,SCREEN_SHORTEST_WIDTH_NO_SCALE=411,SW400DP,XXHDPI,bottom4dp,enable_emoji_kitchen_browse_color_v2=true,enable_google_fonts_icons=true,enable_popup_on_keypress=true,keyboard_redesign_google_sans=true,non_linear_scale,noshadow,overlay_builtin_dynamic_color_light_base.binarypb:gm3-light-fffaf8fe-ff4e5e8b-4fee5571778e92b08ff4c2d3d15b9d3f,roundedchip,silkpopup
12-16 11:17:18.154  8052  8052 I KeyboardWrapper: KeyboardWrapper.onKeyboardReady():224 onKeyboardReady(): type=accessory(accessory), kb=com.google.android.libraries.inputmethod.keyboard.impl.Keyboard@a8bc839
12-16 11:17:18.154  8052  8052 I KeyboardWrapper: KeyboardWrapper.doActivateKeyboard():611 doActivateKeyboard(): accessory
12-16 11:17:18.154  8052  8052 W Keyboard: Keyboard.getKeyboardViewHelper():600 null helper is returned: keyboardDef=mjl{processedConditions={}, globalConditions={}, className=com.google.android.libraries.inputmethod.keyboard.impl.Keyboard, resourceIds=[#0x7f17004d], initialStates=0, keyboardViewDefs=[], persistentStates=0, persistentStatesPrefKey=null, popupBubbleLayoutId=0, recentKeyLayoutId=0, recentKeyPopupLayoutId=0, recentKeyType=null, rememberRecentKey=NONE, sessionStates=0}, type=HEADER, helpersCreated=[null, null, null, null], context.getResources().getConfiguration(): {1.0 310mcc260mnc [en_US] ldltr sw411dp w411dp h914dp 420dpi nrml long compactNeeded port finger qwerty/v/v dpad/v winConfig={ mBounds=Rect(0, 0 - 1080, 2400) mAppBounds=Rect(0, 0 - 1080, 2400) mMaxBounds=Rect(0, 0 - 1080, 2400) mDisplayRotation=ROTATION_0 mWindowingMode=fullscreen mActivityType=undefined mAlwaysOnTop=undefined mRotation=ROTATION_0} s.9 fontWeightAdjustment=0}
12-16 11:17:18.154  8052  8052 W Keyboard: Keyboard.getKeyboardViewHelper():600 null helper is returned: keyboardDef=mjl{processedConditions={}, globalConditions={}, className=com.google.android.libraries.inputmethod.keyboard.impl.Keyboard, resourceIds=[#0x7f17004d], initialStates=0, keyboardViewDefs=[], persistentStates=0, persistentStatesPrefKey=null, popupBubbleLayoutId=0, recentKeyLayoutId=0, recentKeyPopupLayoutId=0, recentKeyType=null, rememberRecentKey=NONE, sessionStates=0}, type=BODY, helpersCreated=[null, null, null, null], context.getResources().getConfiguration(): {1.0 310mcc260mnc [en_US] ldltr sw411dp w411dp h914dp 420dpi nrml long compactNeeded port finger qwerty/v/v dpad/v winConfig={ mBounds=Rect(0, 0 - 1080, 2400) mAppBounds=Rect(0, 0 - 1080, 2400) mMaxBounds=Rect(0, 0 - 1080, 2400) mDisplayRotation=ROTATION_0 mWindowingMode=fullscreen mActivityType=undefined mAlwaysOnTop=undefined mRotation=ROTATION_0} s.9 fontWeightAdjustment=0}
12-16 11:17:18.154  8052  8052 I GlobeKeyExtension: GlobeKeyExtension.getKeyboardInitialStates():175 
12-16 11:17:18.155  8052  8052 W Keyboard: Keyboard.getKeyboardViewHelper():600 null helper is returned: keyboardDef=mjl{processedConditions={}, globalConditions={}, className=com.google.android.libraries.inputmethod.keyboard.impl.Keyboard, resourceIds=[#0x7f17004d], initialStates=0, keyboardViewDefs=[], persistentStates=0, persistentStatesPrefKey=null, popupBubbleLayoutId=0, recentKeyLayoutId=0, recentKeyPopupLayoutId=0, recentKeyType=null, rememberRecentKey=NONE, sessionStates=0}, type=HEADER, helpersCreated=[null, null, null, null], context.getResources().getConfiguration(): {1.0 310mcc260mnc [en_US] ldltr sw411dp w411dp h914dp 420dpi nrml long compactNeeded port finger qwerty/v/v dpad/v winConfig={ mBounds=Rect(0, 0 - 1080, 2400) mAppBounds=Rect(0, 0 - 1080, 2400) mMaxBounds=Rect(0, 0 - 1080, 2400) mDisplayRotation=ROTATION_0 mWindowingMode=fullscreen mActivityType=undefined mAlwaysOnTop=undefined mRotation=ROTATION_0} s.9 fontWeightAdjustment=0}
12-16 11:17:18.155  8052  8052 W Keyboard: Keyboard.getKeyboardViewHelper():600 null helper is returned: keyboardDef=mjl{processedConditions={}, globalConditions={}, className=com.google.android.libraries.inputmethod.keyboard.impl.Keyboard, resourceIds=[#0x7f17004d], initialStates=0, keyboardViewDefs=[], persistentStates=0, persistentStatesPrefKey=null, popupBubbleLayoutId=0, recentKeyLayoutId=0, recentKeyPopupLayoutId=0, recentKeyType=null, rememberRecentKey=NONE, sessionStates=0}, type=BODY, helpersCreated=[null, null, null, null], context.getResources().getConfiguration(): {1.0 310mcc260mnc [en_US] ldltr sw411dp w411dp h914dp 420dpi nrml long compactNeeded port finger qwerty/v/v dpad/v winConfig={ mBounds=Rect(0, 0 - 1080, 2400) mAppBounds=Rect(0, 0 - 1080, 2400) mMaxBounds=Rect(0, 0 - 1080, 2400) mDisplayRotation=ROTATION_0 mWindowingMode=fullscreen mActivityType=undefined mAlwaysOnTop=undefined mRotation=ROTATION_0} s.9 fontWeightAdjustment=0}
