12-16 11:17:18.155  8052  8052 W Keyboard: Keyboard.getKeyboardViewHelper():600 null helper is returned: keyboardDef=mjl{processedConditions={}, globalConditions={}, className=com.google.android.libraries.inputmethod.keyboard.impl.Keyboard, resourceIds=[#0x7f17004d], initialStates=0, keyboardViewDefs=[], persistentStates=0, persistentStatesPrefKey=null, popupBubbleLayoutId=0, recentKeyLayoutId=0, recentKeyPopupLayoutId=0, recentKeyType=null, rememberRecentKey=NONE, sessionStates=0}, type=FLOATING_CANDIDATES, helpersCreated=[null, null, null, null], context.getResources().getConfiguration(): {1.0 310mcc260mnc [en_US] ldltr sw411dp w411dp h914dp 420dpi nrml long compactNeeded port finger qwerty/v/v dpad/v winConfig={ mBounds=Rect(0, 0 - 1080, 2400) mAppBounds=Rect(0, 0 - 1080, 2400) mMaxBounds=Rect(0, 0 - 1080, 2400) mDisplayRotation=ROTATION_0 mWindowingMode=fullscreen mActivityType=undefined mAlwaysOnTop=undefined mRotation=ROTATION_0} s.9 fontWeightAdjustment=0}
12-16 11:17:18.155  8052  8052 W Keyboard: Keyboard.getKeyboardViewHelper():600 null helper is returned: keyboardDef=mjl{processedConditions={}, globalConditions={}, className=com.google.android.libraries.inputmethod.keyboard.impl.Keyboard, resourceIds=[#0x7f17004d], initialStates=0, keyboardViewDefs=[], persistentStates=0, persistentStatesPrefKey=null, popupBubbleLayoutId=0, recentKeyLayoutId=0, recentKeyPopupLayoutId=0, recentKeyType=null, rememberRecentKey=NONE, sessionStates=0}, type=WIDGET, helpersCreated=[null, null, null, null], context.getResources().getConfiguration(): {1.0 310mcc260mnc [en_US] ldltr sw411dp w411dp h914dp 420dpi nrml long compactNeeded port finger qwerty/v/v dpad/v winConfig={ mBounds=Rect(0, 0 - 1080, 2400) mAppBounds=Rect(0, 0 - 1080, 2400) mMaxBounds=Rect(0, 0 - 1080, 2400) mDisplayRotation=ROTATION_0 mWindowingMode=fullscreen mActivityType=undefined mAlwaysOnTop=undefined mRotation=ROTATION_0} s.9 fontWeightAdjustment=0}
12-16 11:17:18.155  8052  8052 I KeyboardManager: KeyboardManager.requestKeyboard():248 Creating keyboard accessory_candidates_consumer, imeId=password, cacheKey=theme,!gsf,!pgsans,!pgsf,!use_system_font,BORDER,FLAVOR_DPI=XXHDPI,GOOGLE_ICONS,IS_LIGHT,KEYBOARD_WIDTH_CATEGORY=NORMAL,KEY_BORDER_SHAPE=1,LIGHT_THEME=true,PHYSICAL_DIAGONAL=6.1297245,POPUP,SCREEN_SHORTEST_WIDTH=411,SCREEN_SHORTEST_WIDTH_NO_SCALE=411,SW400DP,XXHDPI,bottom4dp,enable_emoji_kitchen_browse_color_v2=true,enable_google_fonts_icons=true,enable_popup_on_keypress=true,keyboard_redesign_google_sans=true,non_linear_scale,noshadow,overlay_builtin_dynamic_color_light_base.binarypb:gm3-light-fffaf8fe-ff4e5e8b-4fee5571778e92b08ff4c2d3d15b9d3f,roundedchip,silkpopup
12-16 11:17:18.159  8052  8052 I GlobeKeyExtension: GlobeKeyExtension.getKeyboardInitialStates():175 
12-16 11:17:18.163  8052  8052 W Keyboard: Keyboard.getKeyboardViewHelper():600 null helper is returned: keyboardDef=mjl{processedConditions={}, globalConditions={global_theme_key=theme,!gsf,!pgsans,!pgsf,!use_system_font,BORDER,FLAVOR_DPI=XXHDPI,GOOGLE_ICONS,IS_LIGHT,KEYBOARD_WIDTH_CATEGORY=NORMAL,KEY_BORDER_SHAPE=1,LIGHT_THEME=true,PHYSICAL_DIAGONAL=6.1297245,POPUP,SCREEN_SHORTEST_WIDTH=411,SCREEN_SHORTEST_WIDTH_NO_SCALE=411,SW400DP,XXHDPI,bottom4dp,enable_emoji_kitchen_browse_color_v2=true,enable_google_fonts_icons=true,enable_popup_on_keypress=true,keyboard_redesign_google_sans=true,non_linear_scale,noshadow,overlay_builtin_dynamic_color_light_base.binarypb:gm3-light-fffaf8fe-ff4e5e8b-4fee5571778e92b08ff4c2d3d15b9d3f,roundedchip,silkpopup, global_locale=en_US, global_density_dpi=420, global_orientation=1}, className=.latin.keyboard.AccessoryKeyboard, resourceIds=[#0x7f17004c], initialStates=0, keyboardViewDefs=[mka{direction=null, id=#0x7f0b0224, isScalable=false, layoutId=#0x7f0e0032, type=FLOATING_CANDIDATES, touchable=true, defaultShow=false}], persistentStates=0, persistentStatesPrefKey=null, popupBubbleLayoutId=#0x7f0e05f0, recentKeyLayoutId=0, recentKeyPopupLayoutId=0, recentKeyType=null, rememberRecentKey=NONE, sessionStates=0}, type=HEADER, helpersCreated=[null, null, lvx@85da39f, null], context.getResources().getConfiguration(): {1.0 310mcc260mnc [en_US] ldltr sw411dp w411dp h914dp 420dpi nrml long compactNeeded port finger qwerty/v/v dpad/v winConfig={ mBounds=Rect(0, 0 - 1080, 2400) mAppBounds=Rect(0, 0 - 1080, 2400) mMaxBounds=Rect(0, 0 - 1080, 2400) mDisplayRotation=ROTATION_0 mWindowingMode=fullscreen mActivityType=undefined mAlwaysOnTop=undefined mRotation=ROTATION_0} s.9 fontWeightAdjustment=0}
12-16 11:17:18.163  8052  8052 W Keyboard: Keyboard.getKeyboardViewHelper():600 null helper is returned: keyboardDef=mjl{processedConditions={}, globalConditions={global_theme_key=theme,!gsf,!pgsans,!pgsf,!use_system_font,BORDER,FLAVOR_DPI=XXHDPI,GOOGLE_ICONS,IS_LIGHT,KEYBOARD_WIDTH_CATEGORY=NORMAL,KEY_BORDER_SHAPE=1,LIGHT_THEME=true,PHYSICAL_DIAGONAL=6.1297245,POPUP,SCREEN_SHORTEST_WIDTH=411,SCREEN_SHORTEST_WIDTH_NO_SCALE=411,SW400DP,XXHDPI,bottom4dp,enable_emoji_kitchen_browse_color_v2=true,enable_google_fonts_icons=true,enable_popup_on_keypress=true,keyboard_redesign_google_sans=true,non_linear_scale,noshadow,overlay_builtin_dynamic_color_light_base.binarypb:gm3-light-fffaf8fe-ff4e5e8b-4fee5571778e92b08ff4c2d3d15b9d3f,roundedchip,silkpopup, global_locale=en_US, global_density_dpi=420, global_orientation=1}, className=.latin.keyboard.AccessoryKeyboard, resourceIds=[#0x7f17004c], initialStates=0, keyboardViewDefs=[mka{direction=null, id=#0x7f0b0224, isScalable=false, layoutId=#0x7f0e0032, type=FLOATING_CANDIDATES, touchable=true, defaultShow=false}], persistentStates=0, persistentStatesPrefKey=null, popupBubbleLayoutId=#0x7f0e05f0, recentKeyLayoutId=0, recentKeyPopupLayoutId=0, recentKeyType=null, rememberRecentKey=NONE, sessionStates=0}, type=BODY, helpersCreated=[null, null, lvx@85da39f, null], context.getResources().getConfiguration(): {1.0 310mcc260mnc [en_US] ldltr sw411dp w411dp h914dp 420dpi nrml long compactNeeded port finger qwerty/v/v dpad/v winConfig={ mBounds=Rect(0, 0 - 1080, 2400) mAppBounds=Rect(0, 0 - 1080, 2400) mMaxBounds=Rect(0, 0 - 1080, 2400) mDisplayRotation=ROTATION_0 mWindowingMode=fullscreen mActivityType=undefined mAlwaysOnTop=undefined mRotation=ROTATION_0} s.9 fontWeightAdjustment=0}
12-16 11:17:18.166  8052  8052 I AndroidIME: InputBundleManager.startInput():358 startInput() with mjw[keyboardType=accessory, payload=null]
12-16 11:17:18.167  8052  8052 I GlobeKeyExtension: GlobeKeyExtension.onDeactivate():144 
12-16 11:17:18.177  8052  8052 W AutoPasteSuggestionHelper: AutoPasteSuggestionHelper.setMaxWidthOfChipTextView():1066 Failed to get the width of the proactive suggestion view holder in HEADER.
12-16 11:17:18.179  8052  8052 W AutoPasteSuggestionHelper: AutoPasteSuggestionHelper.setMaxWidthOfChipTextView():1066 Failed to get the width of the proactive suggestion view holder in HEADER.
12-16 11:17:18.180  8052  8052 W AutoPasteSuggestionHelper: AutoPasteSuggestionHelper.setMaxWidthOfChipTextView():1066 Failed to get the width of the proactive suggestion view holder in WIDGET.
12-16 11:17:18.181  8052  8052 I ProactiveSuggestionsHolderManager: ProactiveSuggestionsHolderManager$2.display():216 Requesting to show proactive suggestions: CLIPBOARD PREEMPTIVE_WITH_SUPPRESSION in HEADER
12-16 11:17:18.181  8052  8052 I ProactiveSuggestionsHolderManager: ProactiveSuggestionsHolderManager$2.display():228 suggestions CLIPBOARD are pending to show on HEADER
12-16 11:17:18.181  8052  8052 I ProactiveSuggestionsHolderManager: ProactiveSuggestionsHolderManager$2.display():216 Requesting to show proactive suggestions: CLIPBOARD PREEMPTIVE_WITH_SUPPRESSION in WIDGET
12-16 11:17:18.181  8052  8052 I ProactiveSuggestionsHolderManager: ProactiveSuggestionsHolderManager$2.display():228 suggestions CLIPBOARD are pending to show on WIDGET
12-16 11:17:18.182  8052  8052 I VoiceInputManagerWrapper: VoiceInputManagerWrapper.shutdown():131 shutdown()
12-16 11:17:18.182  8052  8052 I HardKeyTracker: HardKeyTracker.unregisterKeySequence():221 Unregister key sequence nef{labelResId=2132020472, callback=gdc@4ad7c0, lastModifier=2, keyCodes=[62], actions=[0]}
12-16 11:17:18.183  8052  8052 W ExtensionWrapper: ExtensionWrapper.setAllowUpdateNavigationBarStyle():818 class jpp is not activate
12-16 11:17:18.185  8052  8052 W ExtensionWrapper: ExtensionWrapper.setAllowUpdateNavigationBarStyle():818 class jpp is not activate
12-16 11:17:18.185  8052  8052 I GlobeKeyExtension: GlobeKeyExtension.onActivate():120 
12-16 11:17:18.186  8052  8052 I NewLanguagePromptExtension: NewLanguagePromptExtension.onActivate():189 Not activated NewLanguagePromptExtension: not a normal text input box.
12-16 11:17:18.186  8052  8052 I HardKeyTracker: HardKeyTracker.unregisterKeySequence():221 Unregister key sequence nef{labelResId=2132020464, callback=cgm@3449fb8, lastModifier=2, keyCodes=[56], actions=[0]}
12-16 11:17:18.187  8052  8052 I HardKeyTracker: HardKeyTracker.unregisterKeySequence():221 Unregister key sequence nef{labelResId=2132020464, callback=cgm@8ac34f7, lastModifier=0, keyCodes=[317], actions=[0]}
12-16 11:17:18.187  8052  8052 I HardKeyTracker: HardKeyTracker.registerKeySequence():170 Register key sequence nef{labelResId=2132020464, callback=cgm@c098fa0, lastModifier=2, keyCodes=[56], actions=[0]}
12-16 11:17:18.188  8052  8052 I HardKeyTracker: HardKeyTracker.registerKeySequence():170 Register key sequence nef{labelResId=2132020464, callback=cgm@6033ff, lastModifier=0, keyCodes=[317], actions=[0]}
12-16 11:17:18.188  8052  8052 I VoiceInputManagerWrapper: VoiceInputManagerWrapper.cancelShutdown():109 cancelShutdown()
12-16 11:17:18.191  8052  8052 I VoiceInputManagerWrapper: VoiceInputManagerWrapper.syncLanguagePacks():121 syncLanguagePacks()
12-16 11:17:18.191  8052 13982 I SpeechFactory: SpeechRecognitionFactory.maybeScheduleAutoPackDownloadForFallback():217 maybeScheduleAutoPackDownloadForFallback()
12-16 11:17:18.192  8052 13982 I FallbackOnDeviceRecognitionProvider: FallbackOnDeviceRecognitionProvider.maybeScheduleAutoPackDownload():199 maybeScheduleAutoPackDownload() for language tag en-US
12-16 11:17:18.192  8052  8052 I VoiceInputManager: VoiceInputManager.onKeyboardActivated():1148 onKeyboardActivated() [UD]
12-16 11:17:18.193  8052  8052 I PkModeUpdater: PkModeUpdater.onActivate():74 onActivate true true
12-16 11:17:18.193  8052  8052 I AccessoryInputModeManager: AccessoryInputModeManager.onModeStarted():319 Accessory input mode started: PK
12-16 11:17:18.194  8052  8052 W ExtensionWrapper: ExtensionWrapper.setAllowUpdateNavigationBarStyle():818 class jpp is not activate
12-16 11:17:18.194  8052  8052 I WidgetViewShowingController: WidgetViewShowingController.showWidgetKeyboardInternal():527 Show companion widget
12-16 11:17:18.197  8052  8052 W ExtensionWrapper: ExtensionWrapper.setAllowUpdateNavigationBarStyle():818 class jpp is not activate
12-16 11:17:18.197  8052  8052 I WidgetViewShowingPositionHandler: WidgetViewShowingPositionHandler.updateAvailableArea():194 update available area Rect(21, 84 - 1059, 2333)
12-16 11:17:18.198  8052  8052 I HardKeyTracker: HardKeyTracker.registerKeySequence():170 Register key sequence nef{labelResId=2132020472, callback=gdc@9a38893, lastModifier=2, keyCodes=[62], actions=[0]}
12-16 11:17:18.199  8052  8052 I KeyboardHeightUtil: KeyboardHeightUtil.calculateMaxKeyboardBodyHeight():50 leave 281 height for app when ime window height:2274, header height:116 and isFullscreenMode:false, so the max keyboard body height is:1877
12-16 11:17:18.199  8052  8052 I KeyboardHeightUtil: KeyboardHeightUtil.calculateMaxKeyboardBodyHeight():50 leave 281 height for app when ime window height:2274, header height:116 and isFullscreenMode:false, so the max keyboard body height is:1877
12-16 11:17:18.200  8052  8052 W ExtensionWrapper: ExtensionWrapper.setExtensionViewVisibility():809 interface lzc is not activate
12-16 11:17:18.200  8052  8052 I Module  : DeviceLockedStatusModuleProvider$Module.updateDeviceLockedStatus():100 repeatCheckTimes = 1, locked = false
12-16 11:17:18.201  8052  8052 I HardKeyTracker: HardKeyTracker.unregisterKeySequence():221 Unregister key sequence nef{labelResId=2132020468, callback=cgm@4a62f69, lastModifier=2, keyCodes=[48], actions=[0]}
12-16 11:17:18.201  8052  8052 I HardKeyTracker: HardKeyTracker.registerKeySequence():170 Register key sequence nef{labelResId=2132020468, callback=cgm@d7e79fc, lastModifier=2, keyCodes=[48], actions=[0]}
12-16 11:17:18.202  8052  8052 I HardKeyTracker: HardKeyTracker.unregisterKeySequence():221 Unregister key sequence nef{labelResId=2132020464, callback=cgm@d206d16, lastModifier=2, keyCodes=[56], actions=[0]}
12-16 11:17:18.202  8052  8052 I HardKeyTracker: HardKeyTracker.unregisterKeySequence():221 Unregister key sequence nef{labelResId=2132020464, callback=cgm@2cb706d, lastModifier=0, keyCodes=[317], actions=[0]}
12-16 11:17:18.202  8052  8052 I HardKeyTracker: HardKeyTracker.registerKeySequence():170 Register key sequence nef{labelResId=2132020464, callback=cgm@8de78e7, lastModifier=2, keyCodes=[56], actions=[0]}
12-16 11:17:18.202  8052  8052 I HardKeyTracker: HardKeyTracker.registerKeySequence():170 Register key sequence nef{labelResId=2132020464, callback=cgm@5e44732, lastModifier=0, keyCodes=[317], actions=[0]}
12-16 11:17:18.202  8052  8052 I HardKeyTracker: HardKeyTracker.unregisterKeySequence():221 Unregister key sequence nef{labelResId=2132020468, callback=cgm@aa26afa, lastModifier=2, keyCodes=[48], actions=[0]}
12-16 11:17:18.202  8052  8052 I HardKeyTracker: HardKeyTracker.registerKeySequence():170 Register key sequence nef{labelResId=2132020468, callback=cgm@5879ddf, lastModifier=2, keyCodes=[48], actions=[0]}
12-16 11:17:18.202  8052  8052 I HardKeyTracker: HardKeyTracker.unregisterKeySequence():221 Unregister key sequence nef{labelResId=2132020469, callback=cgm@4a87dd, lastModifier=2, keyCodes=[32], actions=[0]}
12-16 11:17:18.203  8052  8052 I HardKeyTracker: HardKeyTracker.unregisterKeySequence():221 Unregister key sequence nef{labelResId=2132020469, callback=cgm@e658320, lastModifier=0, keyCodes=[319], actions=[0]}
12-16 11:17:18.203  8052  8052 I HardKeyTracker: HardKeyTracker.registerKeySequence():170 Register key sequence nef{labelResId=2132020469, callback=cgm@6adc556, lastModifier=2, keyCodes=[32], actions=[0]}
12-16 11:17:18.203  8052  8052 I HardKeyTracker: HardKeyTracker.registerKeySequence():170 Register key sequence nef{labelResId=2132020469, callback=cgm@7c9d5ad, lastModifier=0, keyCodes=[319], actions=[0]}
12-16 11:17:18.203  8052  8052 I HardKeyTracker: HardKeyTracker.unregisterKeySequence():221 Unregister key sequence nef{labelResId=2132020469, callback=cgm@5cc529b, lastModifier=2, keyCodes=[32], actions=[0]}
12-16 11:17:18.203  8052  8052 I HardKeyTracker: HardKeyTracker.unregisterKeySequence():221 Unregister key sequence nef{labelResId=2132020469, callback=cgm@2d36376, lastModifier=0, keyCodes=[319], actions=[0]}
12-16 11:17:18.203  8052  8052 I HardKeyTracker: HardKeyTracker.registerKeySequence():170 Register key sequence nef{labelResId=2132020469, callback=cgm@1b6a65c, lastModifier=2, keyCodes=[32], actions=[0]}
12-16 11:17:18.203  8052  8052 I HardKeyTracker: HardKeyTracker.registerKeySequence():170 Register key sequence nef{labelResId=2132020469, callback=cgm@a3f56eb, lastModifier=0, keyCodes=[319], actions=[0]}
12-16 11:17:18.203  8052  8052 I HardKeyTracker: HardKeyTracker.unregisterKeySequence():221 Unregister key sequence nef{labelResId=2132020469, callback=cgm@efe6837, lastModifier=2, keyCodes=[32], actions=[0]}
12-16 11:17:18.203  8052  8052 I HardKeyTracker: HardKeyTracker.unregisterKeySequence():221 Unregister key sequence nef{labelResId=2132020469, callback=cgm@8473ac2, lastModifier=0, keyCodes=[319], actions=[0]}
12-16 11:17:18.203  8052  8052 I HardKeyTracker: HardKeyTracker.registerKeySequence():170 Register key sequence nef{labelResId=2132020469, callback=cgm@2bf4692, lastModifier=2, keyCodes=[32], actions=[0]}
12-16 11:17:18.203  8052  8052 I HardKeyTracker: HardKeyTracker.registerKeySequence():170 Register key sequence nef{labelResId=2132020469, callback=cgm@55e4519, lastModifier=0, keyCodes=[319], actions=[0]}
12-16 11:17:18.203  8052  8052 I GoogleInputMethodService: GoogleInputMethodService$1.onKeyboardViewShown():324 onKeyboardViewShown: keyboardType=accessory, keyboardViewType=HEADER keyboardView=null
12-16 11:17:18.203  8052  8052 W Keyboard: Keyboard.getKeyboardViewHelper():600 null helper is returned: keyboardDef=mjl{processedConditions={}, globalConditions={}, className=com.google.android.libraries.inputmethod.keyboard.impl.Keyboard, resourceIds=[#0x7f17004d], initialStates=0, keyboardViewDefs=[], persistentStates=0, persistentStatesPrefKey=null, popupBubbleLayoutId=0, recentKeyLayoutId=0, recentKeyPopupLayoutId=0, recentKeyType=null, rememberRecentKey=NONE, sessionStates=0}, type=BODY, helpersCreated=[null, null, null, null], context.getResources().getConfiguration(): {1.0 310mcc260mnc [en_US] ldltr sw411dp w411dp h914dp 420dpi nrml long compactNeeded port finger qwerty/v/v dpad/v winConfig={ mBounds=Rect(0, 0 - 1080, 2400) mAppBounds=Rect(0, 0 - 1080, 2400) mMaxBounds=Rect(0, 0 - 1080, 2400) mDisplayRotation=ROTATION_0 mWindowingMode=fullscreen mActivityType=undefined mAlwaysOnTop=undefined mRotation=ROTATION_0} s.9 fontWeightAdjustment=0}
12-16 11:17:18.203  8052  8052 I GoogleInputMethodService: GoogleInputMethodService$1.onKeyboardViewShown():324 onKeyboardViewShown: keyboardType=accessory, keyboardViewType=BODY keyboardView=null
12-16 11:17:18.203  8052  8052 W Keyboard: Keyboard.getKeyboardViewHelper():600 null helper is returned: keyboardDef=mjl{processedConditions={}, globalConditions={}, className=com.google.android.libraries.inputmethod.keyboard.impl.Keyboard, resourceIds=[#0x7f17004d], initialStates=0, keyboardViewDefs=[], persistentStates=0, persistentStatesPrefKey=null, popupBubbleLayoutId=0, recentKeyLayoutId=0, recentKeyPopupLayoutId=0, recentKeyType=null, rememberRecentKey=NONE, sessionStates=0}, type=BODY, helpersCreated=[null, null, null, null], context.getResources().getConfiguration(): {1.0 310mcc260mnc [en_US] ldltr sw411dp w411dp h914dp 420dpi nrml long compactNeeded port finger qwerty/v/v dpad/v winConfig={ mBounds=Rect(0, 0 - 1080, 2400) mAppBounds=Rect(0, 0 - 1080, 2400) mMaxBounds=Rect(0, 0 - 1080, 2400) mDisplayRotation=ROTATION_0 mWindowingMode=fullscreen mActivityType=undefined mAlwaysOnTop=undefined mRotation=ROTATION_0} s.9 fontWeightAdjustment=0}
12-16 11:17:18.219  8052  8486 I OnDeviceWmrCalculator: OnDeviceWmrCalculator.calculateWmr():94 WMR: 0.0000 (0 / 1)
12-16 11:17:19.111  8052  8052 I StylusModule: StylusModule.onUpdateToolType():805 Update tool type = 0
12-16 11:17:19.126  8052  8052 W TooltipLifecycleManager: TooltipLifecycleManager.dismissTooltips():153 Tooltip with id SUGGESTION_VIEW_EDU_MINI_DIALOG not found in tooltipManager.
12-16 11:17:19.378  8052  8052 I StylusModule: StylusModule.onUpdateToolType():805 Update tool type = 0
12-16 11:17:19.383  8052  8052 W TooltipLifecycleManager: TooltipLifecycleManager.dismissTooltips():153 Tooltip with id SUGGESTION_VIEW_EDU_MINI_DIALOG not found in tooltipManager.
12-16 11:17:19.664  8052  8052 I StylusModule: StylusModule.onUpdateToolType():805 Update tool type = 0
12-16 11:17:19.669  8052  8052 W TooltipLifecycleManager: TooltipLifecycleManager.dismissTooltips():153 Tooltip with id SUGGESTION_VIEW_EDU_MINI_DIALOG not found in tooltipManager.
12-16 11:17:19.847 12210 13501 I NearbyMediums: No BLE Fast/GATT advertisements found in the latest cycle.
12-16 11:17:19.848 12210 13501 I NearbyMediums: Current Tracked Scanning Clients are : {NearbyConnections.EnvironmentMonitor, NearbySharing, NearbyConnections.TxAdvertisement}
12-16 11:17:20.028  8052  8052 I StylusModule: StylusModule.onUpdateToolType():805 Update tool type = 0
12-16 11:17:20.033  8052  8052 W TooltipLifecycleManager: TooltipLifecycleManager.dismissTooltips():153 Tooltip with id SUGGESTION_VIEW_EDU_MINI_DIALOG not found in tooltipManager.
12-16 11:17:20.300  8052  8052 I StylusModule: StylusModule.onUpdateToolType():805 Update tool type = 0
12-16 11:17:20.307  8052  8052 W TooltipLifecycleManager: TooltipLifecycleManager.dismissTooltips():153 Tooltip with id SUGGESTION_VIEW_EDU_MINI_DIALOG not found in tooltipManager.
12-16 11:17:20.568  8052  8052 I StylusModule: StylusModule.onUpdateToolType():805 Update tool type = 0
12-16 11:17:20.573  8052  8052 W TooltipLifecycleManager: TooltipLifecycleManager.dismissTooltips():153 Tooltip with id SUGGESTION_VIEW_EDU_MINI_DIALOG not found in tooltipManager.
12-16 11:17:21.056  6701  6903 I HalDevMgr: bestIfaceCreationProposal is null, requestIface=STA, existingIface=[name=wlan0 type=STA]
12-16 11:17:21.212  8052  8052 I StylusModule: StylusModule.onUpdateToolType():805 Update tool type = 0
12-16 11:17:21.216 14834 14834 I ImeTracker: com.example.oradosales:7e0fdbd6: onRequestHide at ORIGIN_CLIENT reason HIDE_SOFT_INPUT fromUser false
12-16 11:17:21.216 14834 14834 D InsetsController: hide(ime())
12-16 11:17:21.216 14834 14834 D WindowOnBackDispatcher: setTopOnBackInvokedCallback (unwrapped): android.app.Activity$$ExternalSyntheticLambda0@cb84bc2
12-16 11:17:21.216 14834 14834 D InsetsController: Setting requestedVisibleTypes to 503 (was 511)
12-16 11:17:21.217  6701  7987 D CoreBackPreview: Window{2c7809 u0 com.example.oradosales/com.example.oradosales.MainActivity}: Setting back callback OnBackInvokedCallbackInfo{mCallback=android.window.IOnBackInvokedCallback$Stub$Proxy@bb9b4dc, mPriority=-1, mIsAnimationCallback=false, mOverrideBehavior=0}
12-16 11:17:21.218 14834 14834 D CompatChangeReporter: Compat change id reported: 395521150; UID 10222; state: ENABLED
12-16 11:17:21.219  6701  6717 I ImeTracker: system_server:869000d1: onRequestShow at ORIGIN_SERVER reason IME_REQUESTED_CHANGED_LISTENER fromUser false
12-16 11:17:21.221  7008  7058 D Bubbles : BubbleController.BubblesImeListener.onImeVisibilityChanged visible=falserunnable=null stackView=null
12-16 11:17:21.234  6701  6726 I ImeTracker: system_server:869000d1: onCancelled at PHASE_SERVER_ALREADY_VISIBLE
12-16 11:17:21.235  8052  8052 I StylusModule: StylusModule.onUpdateToolType():805 Update tool type = 0
12-16 11:17:21.246  6701  6727 I ImeTracker: system_server:9cd7928f: onRequestShow at ORIGIN_SERVER reason CONTROLS_CHANGED fromUser false
12-16 11:17:21.249 14834 14834 I ImeTracker: system_server:9cd7928f: onCancelled at PHASE_CLIENT_ON_CONTROLS_CHANGED
12-16 11:17:21.441  6701  7987 I ImeTracker: com.example.oradosales:7e0fdbd6: onFailed at PHASE_WM_NOTIFY_HIDE_ANIMATION_FINISHED
12-16 11:17:21.446  8052  8052 I GoogleInputMethodService: GoogleInputMethodService.onFinishInputView():1543 onFinishInputView(false)
12-16 11:17:21.446  8052  8052 I GlobeKeyExtension: GlobeKeyExtension.onDeactivate():144 
12-16 11:17:21.447  8052  8052 I VoiceInputManagerWrapper: VoiceInputManagerWrapper.shutdown():131 shutdown()
12-16 11:17:21.448  8052  8052 I HardKeyTracker: HardKeyTracker.unregisterKeySequence():221 Unregister key sequence nef{labelResId=2132020472, callback=gdc@9a38893, lastModifier=2, keyCodes=[62], actions=[0]}
12-16 11:17:21.448  8052  8052 W ExtensionWrapper: ExtensionWrapper.setAllowUpdateNavigationBarStyle():818 class jpp is not activate
12-16 11:17:21.450  8052  8052 W ExtensionWrapper: ExtensionWrapper.setAllowUpdateNavigationBarStyle():818 class jpp is not activate
12-16 11:17:21.451  8052  8052 W TooltipLifecycleManager: TooltipLifecycleManager.dismissTooltips():153 Tooltip with id spell_check_add_to_dictionary not found in tooltipManager.
12-16 11:17:21.453  8052  8052 I AndroidIME: AbstractIme.onDeactivate():216 PasswordIme.onDeactivate()
12-16 11:17:21.455  8052  8052 D ImeBackCallbackSender: Unregister OnBackInvokedCallback at app window (packageName=com.example.oradosales)
12-16 11:17:21.455  8052  8052 I ImeTracker: com.example.oradosales:7e0fdbd6: onHidden
12-16 11:17:21.460  8052  8052 I GoogleInputMethodService: GoogleInputMethodService.onStartInput():1318 onStartInput(EditorInfo{EditorInfo{packageName=com.example.oradosales, inputType=0, inputTypeString=NULL, enableLearning=false, autoCorrection=false, autoComplete=false, imeOptions=0, privateImeOptions=null, actionName=UNSPECIFIED, actionLabel=null, initialSelStart=-1, initialSelEnd=-1, initialCapsMode=0, label=null, fieldId=0, fieldName=null, extras=null, hintText=null, hintLocales=[]}}, true)
12-16 11:17:21.462  8052  8052 W SessionManager: SessionManager.beginSession():53 Try to begin an already begun session [INPUT_SESSION], end it first
12-16 11:17:21.462  6701  7987 I ImeTracker: com.example.oradosales:7e0fdbd6: onFinished on previously finished token at PHASE_NOT_SET with STATUS_SUCCESS
12-16 11:17:21.463  8052  8052 I Module  : DeviceLockedStatusModuleProvider$Module.updateDeviceLockedStatus():100 repeatCheckTimes = 1, locked = false
12-16 11:17:21.463  8052  8052 I HardKeyTracker: HardKeyTracker.registerKeySequence():170 Register key sequence nef{labelResId=0, callback=gdc@1a27842, lastModifier=0, keyCodes=[57, 57], actions=[1, 0]}
12-16 11:17:21.464  8052  8052 I HardKeyTracker: HardKeyTracker.registerKeySequence():170 Register key sequence nef{labelResId=0, callback=gdc@76da689, lastModifier=0, keyCodes=[58, 58], actions=[1, 0]}
12-16 11:17:21.464  6701  6717 W PackageConfigPersister: App-specific configuration not found for packageName: com.example.oradosales and userId: 0
12-16 11:17:21.961  6701  6717 I ImeTracker: system_server:15992ac6: onRequestHide at ORIGIN_SERVER reason IME_REQUESTED_CHANGED_LISTENER fromUser false
12-16 11:17:21.962  6701  6726 I ImeTracker: system_server:15992ac6: onCancelled at PHASE_SERVER_SHOULD_HIDE
12-16 11:17:22.503 14969 14969 W libbinder.BackendUnifiedServiceManager: Thread Pool max thread count is 0. Cannot cache binder as linkToDeath cannot be implemented. serviceName: package
12-16 11:17:22.547  6961 11194 I artd    : GetBestInfo: odex next to the dex file (/data/app/~~W9AUlakiDdU1ZrB090m5fg==/com.google.android.gms-OX3pY3p6S6k1U65aUNE_Ag==/oat/arm64/base.odex) is kOatUpToDate with filter 'speed-profile' executable 'false'
12-16 11:17:22.549  6961 11194 I artd    : GetBestInfo: odex next to the dex file (/data/app/~~W9AUlakiDdU1ZrB090m5fg==/com.google.android.gms-OX3pY3p6S6k1U65aUNE_Ag==/oat/arm64/split_AdsDynamite_installtime.odex) is kOatUpToDate with filter 'speed' executable 'false'
12-16 11:17:22.551  6961  6964 I artd    : GetBestInfo: odex next to the dex file (/data/app/~~W9AUlakiDdU1ZrB090m5fg==/com.google.android.gms-OX3pY3p6S6k1U65aUNE_Ag==/oat/arm64/split_CronetDynamite_installtime.odex) is kOatUpToDate with filter 'speed-profile' executable 'false'
12-16 11:17:22.552  6961 11194 I artd    : GetBestInfo: odex next to the dex file (/data/app/~~W9AUlakiDdU1ZrB090m5fg==/com.google.android.gms-OX3pY3p6S6k1U65aUNE_Ag==/oat/arm64/split_DynamiteLoader_installtime.odex) is kOatUpToDate with filter 'speed' executable 'false'
12-16 11:17:22.554  6961  6964 I artd    : GetBestInfo: odex next to the dex file (/data/app/~~W9AUlakiDdU1ZrB090m5fg==/com.google.android.gms-OX3pY3p6S6k1U65aUNE_Ag==/oat/arm64/split_DynamiteModulesA_installtime.odex) is kOatUpToDate with filter 'speed' executable 'false'
12-16 11:17:22.555  6961 11194 I artd    : GetBestInfo: odex next to the dex file (/data/app/~~W9AUlakiDdU1ZrB090m5fg==/com.google.android.gms-OX3pY3p6S6k1U65aUNE_Ag==/oat/arm64/split_DynamiteModulesC_installtime.odex) is kOatUpToDate with filter 'speed' executable 'false'
12-16 11:17:22.557  6961  6964 I artd    : GetBestInfo: odex next to the dex file (/data/app/~~W9AUlakiDdU1ZrB090m5fg==/com.google.android.gms-OX3pY3p6S6k1U65aUNE_Ag==/oat/arm64/split_GoogleCertificates_installtime.odex) is kOatUpToDate with filter 'speed' executable 'false'
12-16 11:17:22.558  6961 11194 I artd    : GetBestInfo: odex next to the dex file (/data/app/~~W9AUlakiDdU1ZrB090m5fg==/com.google.android.gms-OX3pY3p6S6k1U65aUNE_Ag==/oat/arm64/split_MapsDynamite_installtime.odex) is kOatUpToDate with filter 'speed' executable 'false'
12-16 11:17:22.560  6961  6964 I artd    : GetBestInfo: odex next to the dex file (/data/app/~~W9AUlakiDdU1ZrB090m5fg==/com.google.android.gms-OX3pY3p6S6k1U65aUNE_Ag==/oat/arm64/split_MeasurementDynamite_installtime.odex) is kOatUpToDate with filter 'speed' executable 'false'
12-16 11:17:22.561  6961 11194 I artd    : GetBestInfo: /data/user_de/0/com.google.android.gms/app_chimera/m/00000012/dl-Appsearch.optional_254131100400.apk has no usable artifacts
12-16 11:17:22.561  6961  6964 I artd    : GetBestInfo: /data/user_de/0/com.google.android.gms/app_chimera/m/00000001/CronetDynamite.apk has no usable artifacts
12-16 11:17:22.563  6961  6964 I artd    : GetBestInfo: /data/user_de/0/com.google.android.gms/app_chimera/m/00000013/dl-MlkitBarcodeUi.optional_254131100400.apk has no usable artifacts
12-16 11:17:22.563  6961 11194 I artd    : GetBestInfo: /data/user_de/0/com.google.android.gms/app_chimera/m/00000002/DynamiteLoader.apk has no usable artifacts
12-16 11:17:22.564  6961 11194 I artd    : GetBestInfo: /data/user/0/com.google.android.gms/app_dg_cache/0A2EB415626664D90269011A1B536A8FCFC77BCD/the.apk has no usable artifacts
12-16 11:17:22.566  6961  6964 I artd    : GetBestInfo: /data/user/0/com.google.android.gms/app_dg_cache/ED48A77328F42A82BD9FA493E1DC9A627DAADB59/the.apk has no usable artifacts
12-16 11:17:22.566  6961 11194 I artd    : GetBestInfo: /data/user_de/0/com.google.android.gms/app_chimera/m/00000005/GoogleCertificates.apk has no usable artifacts
12-16 11:17:22.567  6961 11194 I artd    : GetBestInfo: /data/user/0/com.google.android.gms/app_dg_cache/F5338DE2BC19B72E4BF9F7CAC38ECD5ACE5D1DF2/the.apk has no usable artifacts
12-16 11:17:22.568  6961  6964 I artd    : GetBestInfo: /data/user_de/0/com.google.android.gms/app_chimera/m/00000017/dl-PlayCloudSearch.optional_254131100000.apk has no usable artifacts
12-16 11:17:22.570  6961 11194 I artd    : GetBestInfo: /data/user_de/0/com.google.android.gms/app_chimera/m/00000010/dl-PlayCloudSearch.optional_253434100000.apk has no usable artifacts
12-16 11:17:22.571  6961  6964 I artd    : GetBestInfo: /data/user/0/com.google.android.gms/app_dg_cache/0618B6AD03FA49D55150C91CD8CD9E46E971ECF1/the.apk has no usable artifacts
12-16 11:17:22.573  6961 11194 I artd    : GetBestInfo: vdex next to the dex file (/data/user/0/com.google.android.gms/app_dg_cache/5F85806448AFADCA40F2837A7EE740118568B3EC/oat/arm64/the.vdex) is kOatUpToDate with filter 'verify' executable 'false'
12-16 11:17:22.574  6961  6964 I artd    : GetBestInfo: /data/user_de/0/com.google.android.gms/app_chimera/m/0000000d/dl-Antifingerprinting.optional_253434100000.apk has no usable artifacts
12-16 11:17:22.575  6961 11194 I artd    : GetBestInfo: /data/user/0/com.google.android.gms/app_dg_cache/049A20A054B771E851974256D3271311889FCDDF/the.apk has no usable artifacts
12-16 11:17:22.576  6961  6964 I artd    : GetBestInfo: /data/user_de/0/com.google.android.gms/app_chimera/m/0000000a/dl-MlkitBarcodeUi.optional_253434100400.apk has no usable artifacts
12-16 11:17:22.578  6961 11194 I artd    : GetBestInfo: vdex next to the dex file (/data/user/0/com.google.android.gms/app_dg_cache/F2DA33623C7C8602EEBF9A226BC4329FB4FEF326/oat/arm64/the.vdex) is kOatUpToDate with filter 'verify' executable 'false'
12-16 11:17:22.579  6961  6964 I artd    : GetBestInfo: /data/user_de/0/com.google.android.gms/app_chimera/m/00000018/dl-MapsCoreDynamite.integ_253425402100400.apk has no usable artifacts
12-16 11:17:22.580  6961 11194 I artd    : GetBestInfo: vdex next to the dex file (/data/user/0/com.google.android.gms/app_dg_cache/981325FE712DE8A8AB83655EBBCFB0558EA27BAD/oat/arm64/the.vdex) is kOatUpToDate with filter 'verify' executable 'false'
12-16 11:17:22.582  6961  6964 I artd    : GetBestInfo: /data/user/0/com.google.android.gms/app_dg_cache/68ABBF10BD2349E9D7068D50DCB84A7E0CD70855/the.apk has no usable artifacts
12-16 11:17:22.583  6961 11194 I artd    : GetBestInfo: /data/user_de/0/com.google.android.gms/app_chimera/m/0000000e/dl-Appsearch.optional_253434100400.apk has no usable artifacts
12-16 11:17:22.584  6961  6964 I artd    : GetBestInfo: /data/user_de/0/com.google.android.gms/app_chimera/m/00000015/dl-MlkitOcrCommon.optional_254131100400.apk has no usable artifacts
12-16 11:17:22.585  6961 11194 I artd    : GetBestInfo: /data/user_de/0/com.google.android.gms/app_chimera/m/00000009/dl-TfliteDynamiteDynamite.integ_243930802100400.apk has no usable artifacts
12-16 11:17:22.587  6961  6964 I artd    : GetBestInfo: /data/user_de/0/com.google.android.gms/app_chimera/m/0000000b/dl-VisionOcr.optional_253434100000.apk has no usable artifacts
12-16 11:17:22.588  6961 11194 I artd    : GetBestInfo: /data/user/0/com.google.android.gms/app_dg_cache/89D9E2E43748CA05B189D46BEA8B2D6C5C01D255/the.apk has no usable artifacts
12-16 11:17:22.589  6961  6964 I artd    : GetBestInfo: /data/user_de/0/com.google.android.gms/app_chimera/m/0000000f/dl-AdsFdrDynamite.integ_253405700100000.apk has no usable artifacts
12-16 11:17:22.590  6961 11194 I artd    : GetBestInfo: /data/user_de/0/com.google.android.gms/app_chimera/m/00000022/dl-TfliteDynamiteDynamite.integ_252130102100400.apk has no usable artifacts
12-16 11:17:22.591  6961  6964 I artd    : GetBestInfo: /data/user_de/0/com.google.android.gms/app_chimera/m/0000000c/dl-MlkitOcrCommon.optional_253434100400.apk has no usable artifacts
12-16 11:17:22.593  6961 11194 I artd    : GetBestInfo: /data/user_de/0/com.google.android.gms/app_chimera/m/00000014/dl-Antifingerprinting.optional_254131100000.apk has no usable artifacts
12-16 11:17:22.594  6961  6964 I artd    : GetBestInfo: /data/user_de/0/com.google.android.gms/app_chimera/m/00000011/dl-VisionOcr.optional_254131100000.apk has no usable artifacts
12-16 11:17:22.594  6961 11194 W artd    : Could not get dex checksums for location /data/app/~~xWeNlK8Qwx4jAaZpmZ4bSQ==/com.android.vending-C1kIgKvUcVLKhtn4SSaEYw==/base.apk, fd=-1
12-16 11:17:23.373  6701  6843 W AS.PlaybackActivityMon: No piid assigned for invalid/internal port id 15
12-16 11:17:23.417  6631  6668 D AudioFlinger: mixer(0xb40000712938f790) throttle end: throttle time(43)
12-16 11:17:24.060  6701  6903 I HalDevMgr: bestIfaceCreationProposal is null, requestIface=STA, existingIface=[name=wlan0 type=STA]
12-16 11:17:25.788  6701  6856 D ActivityManager: freezing 7916 com.google.android.apps.wellbeing
12-16 11:17:25.794  6701  6909 D InetDiagMessage: Destroyed 0 sockets, proto=IPPROTO_TCP, family=AF_INET, states=14
12-16 11:17:25.795  6701  6909 D InetDiagMessage: Destroyed 0 sockets, proto=IPPROTO_TCP, family=AF_INET6, states=14
12-16 11:17:25.795  6701  6909 D InetDiagMessage: Destroyed live tcp sockets for uids={10151} in 1ms
12-16 11:17:26.455  6636 13802 D android.hardware.audio@7.1-impl.ranchu: threadLoop: entering standby, frames: 1869184
12-16 11:17:26.455  6636 13802 D android.hardware.audio@7.1-impl.ranchu: ~TinyalsaSink: joining consumeThread
12-16 11:17:26.465  6636 14978 D android.hardware.audio@7.1-impl.ranchu: consumeThread: exiting
12-16 11:17:26.466  6636 13802 D android.hardware.audio@7.1-impl.ranchu: ~TinyalsaSink: stopping PCM stream
12-16 11:17:26.963 10799 10827 D SatelliteController: iisInCarrierRoamingNbIotNtn: satellite is disabled
12-16 11:17:26.963 10799 10827 D SatelliteController: getCarrierRoamingNtnConnectType: Falling back to global carrier config connect type: 0
12-16 11:17:27.063  6701  6903 I HalDevMgr: bestIfaceCreationProposal is null, requestIface=STA, existingIface=[name=wlan0 type=STA]
12-16 11:17:27.871 14834 14834 D WindowOnBackDispatcher: setTopOnBackInvokedCallback (unwrapped): io.flutter.embedding.android.c@e43f7d9
12-16 11:17:27.871  6701  7100 D CoreBackPreview: Window{2c7809 u0 com.example.oradosales/com.example.oradosales.MainActivity}: Setting back callback OnBackInvokedCallbackInfo{mCallback=android.window.IOnBackInvokedCallback$Stub$Proxy@6d8bfb7, mPriority=0, mIsAnimationCallback=true, mOverrideBehavior=0}
12-16 11:17:27.894  6701  7100 I ActivityManager: Background started FGS: Allowed [callingPackage: com.example.oradosales; callingUid: 10222; uidState: TOP ; uidBFSL: [BFSL]; intent: Intent { xflg=0x4 cmp=com.example.oradosales/id.flutter.flutter_background_service.BackgroundService }; code:PROC_STATE_TOP; tempAllowListReason:<null>; allowWiu:12; targetSdkVersion:36; callerTargetSdkVersion:36; startForegroundCount:0; bindFromPackage:null: isBindService:false]
12-16 11:17:27.931  6701  7100 D FileUtils: Rounded bytes from 2067193856 to 4000000000
12-16 11:17:27.966 14834 14834 W BackgroundService: Failed to start foreground service due to SecurityException - have you forgotten to request a permission? - Starting FGS with type location callerApp=ProcessRecord{3fed328 14834:com.example.oradosales/u0a222} targetSDK=36 requires permissions: all of the permissions allOf=true [android.permission.FOREGROUND_SERVICE_LOCATION] any of the permissions allOf=false [android.permission.ACCESS_COARSE_LOCATION, android.permission.ACCESS_FINE_LOCATION]  and the app must be in the eligible state/exemptions to access the foreground only permission
12-16 11:17:27.968  6701  7100 D TelephonyManager: requestModemActivityInfo: Sending result to app: ModemActivityInfo{ mTimestamp=7560448 mSleepTimeMs=420 mIdleTimeMs=140 mActivityStatsTechSpecificInfo=[{mRat=UNKNOWN,mFrequencyRange=UNKNOWN,mTxTimeMs[]=[10, 30, 60, 80, 90],mRxTimeMs=90}]}
12-16 11:17:27.971 14834 14834 V BackgroundService: Starting flutter engine for background service
12-16 11:17:27.986 14834 14834 W BackgroundService: Failed to start foreground service due to SecurityException - have you forgotten to request a permission? - Starting FGS with type location callerApp=ProcessRecord{3fed328 14834:com.example.oradosales/u0a222} targetSDK=36 requires permissions: all of the permissions allOf=true [android.permission.FOREGROUND_SERVICE_LOCATION] any of the permissions allOf=false [android.permission.ACCESS_COARSE_LOCATION, android.permission.ACCESS_FINE_LOCATION]  and the app must be in the eligible state/exemptions to access the foreground only permission
12-16 11:17:27.998 14834 14834 D FLTFireContextHolder: received application context.
12-16 11:17:28.010  6701  7100 D TextToSpeechManagerPerUserService: Trying to start connection to TTS engine: com.google.android.tts
12-16 11:17:28.011 14834 14834 I TextToSpeech: Sucessfully bound to com.google.android.tts
12-16 11:17:28.014  6701  6701 D TextToSpeechManagerPerUserService: Connected successfully to TTS engine: com.google.android.tts
12-16 11:17:28.015 14834 14942 I TextToSpeech: Connected to TTS engine
12-16 11:17:28.025  9944 11290 I GoogleTTSServiceImpl: currentLocale = en-US
12-16 11:17:28.042 14834 15001 I flutter : [IMPORTANT:flutter/shell/platform/android/android_context_gl_impeller.cc(104)] Using the Impeller rendering backend (OpenGLES).
12-16 11:17:28.044 14834 14834 I flutter : `flutter_background_service_android` threw an error: Exception: This class should only be used in the main isolate (UI App). The app may not function as expected until you remove this plugin from pubspec.yaml
12-16 11:17:28.045 14834 14834 V BackgroundService: Service already running, using existing service
12-16 11:17:28.068 14834 14834 D FlutterGeolocator: Flutter engine connected. Connected engine count 3
12-16 11:17:28.070 14834 14834 W BackgroundService: Failed to start foreground service due to SecurityException - have you forgotten to request a permission? - Starting FGS with type location callerApp=ProcessRecord{3fed328 14834:com.example.oradosales/u0a222} targetSDK=36 requires permissions: all of the permissions allOf=true [android.permission.FOREGROUND_SERVICE_LOCATION] any of the permissions allOf=false [android.permission.ACCESS_COARSE_LOCATION, android.permission.ACCESS_FINE_LOCATION]  and the app must be in the eligible state/exemptions to access the foreground only permission
12-16 11:17:28.072 14834 14834 W BackgroundService: Failed to start foreground service due to SecurityException - have you forgotten to request a permission? - Starting FGS with type location callerApp=ProcessRecord{3fed328 14834:com.example.oradosales/u0a222} targetSDK=36 requires permissions: all of the permissions allOf=true [android.permission.FOREGROUND_SERVICE_LOCATION] any of the permissions allOf=false [android.permission.ACCESS_COARSE_LOCATION, android.permission.ACCESS_FINE_LOCATION]  and the app must be in the eligible state/exemptions to access the foreground only permission
12-16 11:17:28.095  9944 11290 I GoogleTTSServiceImpl: For default lang en-us is name en-US-language (en-us-x-iog-server)
12-16 11:17:28.096 14834 14904 I TextToSpeech: Setting up the connection to TTS engine...
12-16 11:17:28.097  9944 11290 I GoogleTTSServiceImpl: currentLocale = en-US
12-16 11:17:28.098  9944 11292 I GoogleTTSServiceImpl: currentLocale = en-US
12-16 11:17:28.099  9944 11292 I GoogleTTSServiceImpl: For default lang en-us is name en-US-language (en-us-x-iog-server)
12-16 11:17:28.113  9944 11292 I GoogleTTSServiceImpl: currentLocale = en-US
12-16 11:17:28.114  9944 11292 I GoogleTTSServiceImpl: currentLocale = en-US
12-16 11:17:28.115  9944 11290 I GoogleTTSServiceImpl: currentLocale = en-US
12-16 11:17:28.116  9944 11290 I GoogleTTSServiceImpl: For default lang en-us is name en-US-language (en-us-x-iog-server)
12-16 11:17:28.117  9944 11290 I GoogleTTSServiceImpl: currentLocale = en-US
12-16 11:17:28.158 14834 14834 I flutter : API Response Status Code: 200
12-16 11:17:28.159 14834 14834 I flutter : API Response Body: {"status":"success","data":{"currentTask":{"orderId":"ORD12978","restaurantName":"Gokul Hotel","customerName":"Amarnadhs","agentDeliveryStatus":"awaiting_start"},"dailySummary":{"totalDeliveries":7,"earnings":520,"distanceTravelledKm":12.4,"rating":4.6,"notificationCount":3},"orderSummary":{"totalOrders":12,"newOrders":3,"rejectedOrders":2}}}
12-16 11:17:28.302 14834 14839 I mple.oradosales: Background young concurrent mark compact GC freed 6659KB AllocSpace bytes, 8(416KB) LOS objects, 46% free, 3670KB/6907KB, paused 165us,473us total 184.640ms
12-16 11:17:28.315  9944  9949 W gle.android.tts: Suspending all threads took: 13.000ms
12-16 11:17:29.852 12210 13501 I NearbyMediums: No BLE Fast/GATT advertisements found in the latest cycle.
12-16 11:17:29.852 12210 13501 I NearbyMediums: Current Tracked Scanning Clients are : {NearbyConnections.EnvironmentMonitor, NearbySharing, NearbyConnections.TxAdvertisement}
12-16 11:17:30.066  6701  6903 I HalDevMgr: bestIfaceCreationProposal is null, requestIface=STA, existingIface=[name=wlan0 type=STA]
12-16 11:17:30.105  6701  7683 W AS.PlaybackActivityMon: No piid assigned for invalid/internal port id 15
12-16 11:17:30.137  6701  6983 V WindowManager: DesktopModeLaunchParamsModifier: phase= 0 task=null activity=null display-area-from-current-params=null display-area-source-process=DefaultTaskDisplayArea@200008493 display-id=0 task-display-area-windowing-mode=1 suggested-display-area=DefaultTaskDisplayArea@200008493 task null, skipping
12-16 11:17:30.137  6701  6983 V WindowManager: TaskLaunchParamsModifier:phase=0 task=null activity=null display-area-from-current-params=null display-area-source-process=DefaultTaskDisplayArea@200008493 display-id=0 task-display-area-windowing-mode=1 suggested-display-area=DefaultTaskDisplayArea@200008493
12-16 11:17:30.140  6701  6983 V WindowManager: DesktopModeLaunchParamsModifier: phase= 0 task=null activity=ActivityRecord{77885770 u0 com.android.settings/.fuelgauge.RequestIgnoreBatteryOptimizations display-area-from-current-params=null display-area-for-launching-record=DefaultTaskDisplayArea@200008493 display-id=0 task-display-area-windowing-mode=1 suggested-display-area=DefaultTaskDisplayArea@200008493 task null, skipping
12-16 11:17:30.140  6701  6983 V WindowManager: TaskLaunchParamsModifier:phase=0 task=null activity=ActivityRecord{77885770 u0 com.android.settings/.fuelgauge.RequestIgnoreBatteryOptimizations t-1} display-area-from-current-params=null display-area-for-launching-record=DefaultTaskDisplayArea@200008493 display-id=0 task-display-area-windowing-mode=1 suggested-display-area=DefaultTaskDisplayArea@200008493
12-16 11:17:30.141  6701  6983 V WindowManager: DesktopModeLaunchParamsModifier: phase= 3 task=null activity=ActivityRecord{77885770 u0 com.android.settings/.fuelgauge.RequestIgnoreBatteryOptimizations t-1} display-area-from-current-params=null display-area-for-launching-record=DefaultTaskDisplayArea@200008493 display-id=0 task-display-area-windowing-mode=1 suggested-display-area=DefaultTaskDisplayArea@200008493 task null, skipping
12-16 11:17:30.141  6701  6983 V WindowManager: TaskLaunchParamsModifier:phase=3 task=null activity=ActivityRecord{77885770 u0 com.android.settings/.fuelgauge.RequestIgnoreBatteryOptimizations t-1} display-area-from-current-params=null display-area-for-launching-record=DefaultTaskDisplayArea@200008493 display-id=0 task-display-area-windowing-mode=1 suggested-display-area=DefaultTaskDisplayArea@200008493 non-freeform-task-display-area display-area=DefaultTaskDisplayArea@200008493 skip-bounds-fullscreen
12-16 11:17:30.143  6701  6983 V WindowManager: DesktopModeLaunchParamsModifier: phase= 3 task=Task{dc4f8bb #74 type=standard A=1000:com.android.settings} activity=ActivityRecord{77885770 u0 com.android.settings/.fuelgauge.RequestIgnoreBatteryOptimizations t-1} display-from-task=0 display-id=0 task-display-area-windowing-mode=1 suggested-display-area=DefaultTaskDisplayArea@200008493 not entering desktop mode, skipping
12-16 11:17:30.143  6701  6983 V WindowManager: TaskLaunchParamsModifier:phase=3 task=Task{dc4f8bb #74 type=standard A=1000:com.android.settings} activity=ActivityRecord{77885770 u0 com.android.settings/.fuelgauge.RequestIgnoreBatteryOptimizations t-1} display-from-task=0 display-id=0 task-display-area-windowing-mode=1 suggested-display-area=DefaultTaskDisplayArea@200008493 inherit-from-task=fullscreen non-freeform-task-display-area display-area=DefaultTaskDisplayArea@200008493 skip-bounds-fullscreen
12-16 11:17:30.146  6631  6668 D AudioFlinger: mixer(0xb40000712938f790) throttle end: throttle time(34)
12-16 11:17:30.148   540   604 I libbinder.BpBinder: onLastStrongRef automatically unlinking death recipients for descriptor: '(not cached)'
12-16 11:17:30.149  6701  6983 I ActivityTaskManager: START u0 {act=android.settings.REQUEST_IGNORE_BATTERY_OPTIMIZATIONS dat=package: flg=0x10000000 xflg=0x4 cmp=com.android.settings/.fuelgauge.RequestIgnoreBatteryOptimizations} with LAUNCH_MULTIPLE from uid 10222 (com.example.oradosales) (BAL_ALLOW_VISIBLE_WINDOW) result code=0
12-16 11:17:30.151  7008  7058 V WindowManagerShell: Transition requested (#23): android.os.BinderProxy@d259b48 TransitionRequestInfo { type = OPEN, triggerTask = TaskInfo{userId=0 taskId=74 effectiveUid=1000 displayId=0 isRunning=true baseIntent=Intent { act=android.settings.REQUEST_IGNORE_BATTERY_OPTIMIZATIONS dat=package: flg=0x10000000 cmp=com.android.settings/.fuelgauge.RequestIgnoreBatteryOptimizations } baseActivity=ComponentInfo{com.android.settings/com.android.settings.fuelgauge.RequestIgnoreBatteryOptimizations} topActivity=ComponentInfo{com.android.settings/com.android.settings.fuelgauge.RequestIgnoreBatteryOptimizations} origActivity=null realActivity=ComponentInfo{com.android.settings/com.android.settings.fuelgauge.RequestIgnoreBatteryOptimizations} numActivities=1 lastActiveTime=7562630 supportsMultiWindow=true resizeMode=1 isResizeable=true minWidth=-1 minHeight=-1 defaultMinSize=220 token=WCT{android.os.BinderProxy@33de1} topActivityType=1 pictureInPictureParams=null shouldDockBigOverlays=false launchIntoPipHostTaskId=-1 lastParentTaskIdBeforePip=-1 displayCutoutSafeInsets=Rect(0, 0 - 0, 0) topActivityInfo=ActivityInfo{b421706 com.android.settings.fuelgauge.RequestIgnoreBatteryOptimizations} launchCookies=[] positionInParent=Point(0, 0) parentTaskId=-1 isFocused=false isVisible=false isVisibleRequested=false isTopActivityNoDisplay=false isSleeping=false locusId=null displayAreaFeatureId=1 isTopActivityTransparent=true isActivityStackTransparent=true lastNonFullscreenBounds=null capturedLink=null capturedLinkTimestamp=0 requestedVisibleTypes=503 topActivityRequestOpenInBrowserEducationTimestamp=0 appCompatTaskInfo=AppCompatTaskInfo { topActivityInSizeCompat=false isLeafTask= true eligibleForLetterboxEducation= false isLetterboxEducationEnabled= true isLetterboxDoubleTapEnabled= false eligibleForUserAspectRatioButton= false topActivityBoundsLetterboxed= false isFromLetterboxDoubleTap= false topActivityLetterboxVerticalPosition= -1 topActivityLetterboxHorizontalPosition= -1 topActivityLetterboxWidth=-1 topActivityLetterboxHeight=-1 topActivityAppBounds=Rect(0, 0 - 1080, 2400) isUserFullscreenOverrideEnabled=false isSystemFullscreenOverrideEnabled=false hasMinAspectRatioOverride=false topActivityLetterboxBounds=null cameraCompatTaskInfo=CameraCompatTaskInfo { cameraCompatMode=inactive0} topNonResizableActivityAspectRatio=-1.0} topActivityMainWindowFrame=null isAppBubble=false}, pipChange = null, remoteTransition = null, displayChange = null, requestedLocation = null, userChange = null, windowingLayerChange = null, flags = 0, debugId = 23 }
12-16 11:17:30.151  7008  7058 D ShellSplitScreen: logExit: no-op, mLoggerSessionId is null
12-16 11:17:30.153  7157  7157 D RecentsView: onTaskDisplayChanged: 74, new displayId = 0
12-16 11:17:30.154 14834 14834 D FirebaseSessions: App backgrounded on com.example.oradosales
12-16 11:17:30.160  7157  7157 D b/417220811: invalidateLoadedTasks - previous requestLoadId: -1
12-16 11:17:30.164  6701  6955 D BackgroundInstallControlService: Package event received: 0
12-16 11:17:30.166  6701  7100 W libbinder.IPCThreadState: Sending oneway calls to frozen process.
12-16 11:17:30.167  7157  7157 D b/417220811: invalidateLoadedTasks - previous requestLoadId: -1
